2025-11-24T02:17:51.9824141Z Current runner version: '2.329.0'
2025-11-24T02:17:51.9846661Z ##[group]Runner Image Provisioner
2025-11-24T02:17:51.9847846Z Hosted Compute Agent
2025-11-24T02:17:51.9848422Z Version: 20251016.436
2025-11-24T02:17:51.9849054Z Commit: 8ab8ac8bfd662a3739dab9fe09456aba92132568
2025-11-24T02:17:51.9849827Z Build Date: 2025-10-15T20:44:12Z
2025-11-24T02:17:51.9850413Z ##[endgroup]
2025-11-24T02:17:51.9850976Z ##[group]Operating System
2025-11-24T02:17:51.9851623Z Ubuntu
2025-11-24T02:17:51.9852063Z 24.04.3
2025-11-24T02:17:51.9852550Z LTS
2025-11-24T02:17:51.9853062Z ##[endgroup]
2025-11-24T02:17:51.9853560Z ##[group]Runner Image
2025-11-24T02:17:51.9854116Z Image: ubuntu-24.04
2025-11-24T02:17:51.9854688Z Version: 20251112.124.1
2025-11-24T02:17:51.9855679Z Included Software: https://github.com/actions/runner-images/blob/ubuntu24/20251112.124/images/ubuntu/Ubuntu2404-Readme.md
2025-11-24T02:17:51.9857311Z Image Release: https://github.com/actions/runner-images/releases/tag/ubuntu24%2F20251112.124
2025-11-24T02:17:51.9858646Z ##[endgroup]
2025-11-24T02:17:51.9861277Z ##[group]GITHUB_TOKEN Permissions
2025-11-24T02:17:51.9863540Z Actions: write
2025-11-24T02:17:51.9864081Z ArtifactMetadata: write
2025-11-24T02:17:51.9864744Z Attestations: write
2025-11-24T02:17:51.9865292Z Checks: write
2025-11-24T02:17:51.9865772Z Contents: write
2025-11-24T02:17:51.9866358Z Deployments: write
2025-11-24T02:17:51.9866944Z Discussions: write
2025-11-24T02:17:51.9867579Z Issues: write
2025-11-24T02:17:51.9868155Z Metadata: read
2025-11-24T02:17:51.9868668Z Models: read
2025-11-24T02:17:51.9869157Z Packages: write
2025-11-24T02:17:51.9869769Z Pages: write
2025-11-24T02:17:51.9870293Z PullRequests: write
2025-11-24T02:17:51.9870819Z RepositoryProjects: write
2025-11-24T02:17:51.9871546Z SecurityEvents: write
2025-11-24T02:17:51.9872100Z Statuses: write
2025-11-24T02:17:51.9872599Z ##[endgroup]
2025-11-24T02:17:51.9874651Z Secret source: Actions
2025-11-24T02:17:51.9875603Z Prepare workflow directory
2025-11-24T02:17:52.0392301Z Prepare all required actions
2025-11-24T02:17:52.0429038Z Getting action download info
2025-11-24T02:17:52.3793064Z Download action repository 'actions/checkout@v4' (SHA:34e114876b0b11c390a56381ad16ebd13914f8d5)
2025-11-24T02:17:52.9804594Z Download action repository 'actions/setup-node@v4' (SHA:49933ea5288caeca8642d1e84afbd3f7d6820020)
2025-11-24T02:17:53.1327809Z Download action repository 'github/codeql-action@v3' (SHA:c3d42c5d08633d8b33635fbd94b000a0e2585b3c)
2025-11-24T02:17:54.0481788Z Complete job name: Frontend Tests
2025-11-24T02:17:54.1102615Z ##[group]Run actions/checkout@v4
2025-11-24T02:17:54.1103246Z with:
2025-11-24T02:17:54.1103501Z   fetch-depth: 0
2025-11-24T02:17:54.1103781Z   repository: RosagerImaging/crosslist
2025-11-24T02:17:54.1104250Z   token: ***
2025-11-24T02:17:54.1104501Z   ssh-strict: true
2025-11-24T02:17:54.1104743Z   ssh-user: git
2025-11-24T02:17:54.1105003Z   persist-credentials: true
2025-11-24T02:17:54.1105290Z   clean: true
2025-11-24T02:17:54.1105549Z   sparse-checkout-cone-mode: true
2025-11-24T02:17:54.1105872Z   fetch-tags: false
2025-11-24T02:17:54.1106125Z   show-progress: true
2025-11-24T02:17:54.1106381Z   lfs: false
2025-11-24T02:17:54.1106613Z   submodules: false
2025-11-24T02:17:54.1106877Z   set-safe-directory: true
2025-11-24T02:17:54.1107571Z env:
2025-11-24T02:17:54.1107907Z   SUPABASE_URL: 'https://xyzcompanytest.supabase.co'
2025-11-24T02:17:54.1109120Z   SUPABASE_SERVICE_KEY: '***'
2025-11-24T02:17:54.1109410Z   NODE_VERSION: 20
2025-11-24T02:17:54.1109689Z   PYTHON_VERSION: 3.12
2025-11-24T02:17:54.1109990Z   TURBO_TOKEN: ***
2025-11-24T02:17:54.1110241Z   TURBO_TEAM: ***
2025-11-24T02:17:54.1110479Z ##[endgroup]
2025-11-24T02:17:54.2157198Z Syncing repository: RosagerImaging/crosslist
2025-11-24T02:17:54.2158984Z ##[group]Getting Git version info
2025-11-24T02:17:54.2159461Z Working directory is '/home/runner/work/crosslist/crosslist'
2025-11-24T02:17:54.2160251Z [command]/usr/bin/git version
2025-11-24T02:17:54.2240010Z git version 2.51.2
2025-11-24T02:17:54.2265288Z ##[endgroup]
2025-11-24T02:17:54.2284867Z Temporarily overriding HOME='/home/runner/work/_temp/0cdf9d9e-e090-407a-a641-b18a52121268' before making global git config changes
2025-11-24T02:17:54.2285731Z Adding repository directory to the temporary git global config as a safe directory
2025-11-24T02:17:54.2290252Z [command]/usr/bin/git config --global --add safe.directory /home/runner/work/crosslist/crosslist
2025-11-24T02:17:54.2327696Z Deleting the contents of '/home/runner/work/crosslist/crosslist'
2025-11-24T02:17:54.2330835Z ##[group]Initializing the repository
2025-11-24T02:17:54.2334979Z [command]/usr/bin/git init /home/runner/work/crosslist/crosslist
2025-11-24T02:17:54.2455655Z hint: Using 'master' as the name for the initial branch. This default branch name
2025-11-24T02:17:54.2456962Z hint: is subject to change. To configure the initial branch name to use in all
2025-11-24T02:17:54.2457939Z hint: of your new repositories, which will suppress this warning, call:
2025-11-24T02:17:54.2458804Z hint:
2025-11-24T02:17:54.2459475Z hint: 	git config --global init.defaultBranch <name>
2025-11-24T02:17:54.2459930Z hint:
2025-11-24T02:17:54.2460540Z hint: Names commonly chosen instead of 'master' are 'main', 'trunk' and
2025-11-24T02:17:54.2461826Z hint: 'development'. The just-created branch can be renamed via this command:
2025-11-24T02:17:54.2462876Z hint:
2025-11-24T02:17:54.2463429Z hint: 	git branch -m <name>
2025-11-24T02:17:54.2464061Z hint:
2025-11-24T02:17:54.2464948Z hint: Disable this message with "git config set advice.defaultBranchName false"
2025-11-24T02:17:54.2466350Z Initialized empty Git repository in /home/runner/work/crosslist/crosslist/.git/
2025-11-24T02:17:54.2473259Z [command]/usr/bin/git remote add origin https://github.com/RosagerImaging/crosslist
2025-11-24T02:17:54.2505186Z ##[endgroup]
2025-11-24T02:17:54.2506028Z ##[group]Disabling automatic garbage collection
2025-11-24T02:17:54.2510470Z [command]/usr/bin/git config --local gc.auto 0
2025-11-24T02:17:54.2538160Z ##[endgroup]
2025-11-24T02:17:54.2539037Z ##[group]Setting up auth
2025-11-24T02:17:54.2545443Z [command]/usr/bin/git config --local --name-only --get-regexp core\.sshCommand
2025-11-24T02:17:54.2574342Z [command]/usr/bin/git submodule foreach --recursive sh -c "git config --local --name-only --get-regexp 'core\.sshCommand' && git config --local --unset-all 'core.sshCommand' || :"
2025-11-24T02:17:54.2916130Z [command]/usr/bin/git config --local --name-only --get-regexp http\.https\:\/\/github\.com\/\.extraheader
2025-11-24T02:17:54.2945771Z [command]/usr/bin/git submodule foreach --recursive sh -c "git config --local --name-only --get-regexp 'http\.https\:\/\/github\.com\/\.extraheader' && git config --local --unset-all 'http.https://github.com/.extraheader' || :"
2025-11-24T02:17:54.3161907Z [command]/usr/bin/git config --local --name-only --get-regexp ^includeIf\.gitdir:
2025-11-24T02:17:54.3198552Z [command]/usr/bin/git submodule foreach --recursive git config --local --show-origin --name-only --get-regexp remote.origin.url
2025-11-24T02:17:54.3418335Z [command]/usr/bin/git config --local http.https://github.com/.extraheader AUTHORIZATION: basic ***
2025-11-24T02:17:54.3451641Z ##[endgroup]
2025-11-24T02:17:54.3452281Z ##[group]Fetching the repository
2025-11-24T02:17:54.3460481Z [command]/usr/bin/git -c protocol.version=2 fetch --prune --no-recurse-submodules origin +refs/heads/*:refs/remotes/origin/* +refs/tags/*:refs/tags/* +a21dc6b17126fc4d2d31a3d0f6511bd1241b6784:refs/remotes/pull/11/merge
2025-11-24T02:17:54.9542807Z From https://github.com/RosagerImaging/crosslist
2025-11-24T02:17:54.9543917Z  * [new branch]      RosagerImaging-patch-1                   -> origin/RosagerImaging-patch-1
2025-11-24T02:17:54.9544926Z  * [new branch]      RosagerImaging-patch-2                   -> origin/RosagerImaging-patch-2
2025-11-24T02:17:54.9545890Z  * [new branch]      RosagerImaging-patch-3                   -> origin/RosagerImaging-patch-3
2025-11-24T02:17:54.9547006Z  * [new branch]      dependabot/npm_and_yarn/globals-16.5.0   -> origin/dependabot/npm_and_yarn/globals-16.5.0
2025-11-24T02:17:54.9548984Z  * [new branch]      dependabot/npm_and_yarn/next/eslint-plugin-next-16.0.1 -> origin/dependabot/npm_and_yarn/next/eslint-plugin-next-16.0.1
2025-11-24T02:17:54.9550504Z  * [new branch]      dependabot/npm_and_yarn/types/next-auth-3.15.0 -> origin/dependabot/npm_and_yarn/types/next-auth-3.15.0
2025-11-24T02:17:54.9551798Z  * [new branch]      dependabot/npm_and_yarn/types/node-24.10.0 -> origin/dependabot/npm_and_yarn/types/node-24.10.0
2025-11-24T02:17:54.9552967Z  * [new branch]      dependabot/npm_and_yarn/vitest-4.0.7     -> origin/dependabot/npm_and_yarn/vitest-4.0.7
2025-11-24T02:17:54.9553933Z  * [new branch]      feature/ci-setup                         -> origin/feature/ci-setup
2025-11-24T02:17:54.9554847Z  * [new branch]      feature/phase-2-core-models              -> origin/feature/phase-2-core-models
2025-11-24T02:17:54.9555659Z  * [new branch]      main                                     -> origin/main
2025-11-24T02:17:54.9556419Z  * [new ref]         a21dc6b17126fc4d2d31a3d0f6511bd1241b6784 -> pull/11/merge
2025-11-24T02:17:54.9606034Z ##[endgroup]
2025-11-24T02:17:54.9606753Z ##[group]Determining the checkout info
2025-11-24T02:17:54.9609262Z ##[endgroup]
2025-11-24T02:17:54.9613893Z [command]/usr/bin/git sparse-checkout disable
2025-11-24T02:17:54.9654726Z [command]/usr/bin/git config --local --unset-all extensions.worktreeConfig
2025-11-24T02:17:54.9679612Z ##[group]Checking out the ref
2025-11-24T02:17:54.9683536Z [command]/usr/bin/git checkout --progress --force refs/remotes/pull/11/merge
2025-11-24T02:17:55.0345789Z Note: switching to 'refs/remotes/pull/11/merge'.
2025-11-24T02:17:55.0346218Z 
2025-11-24T02:17:55.0346548Z You are in 'detached HEAD' state. You can look around, make experimental
2025-11-24T02:17:55.0347533Z changes and commit them, and you can discard any commits you make in this
2025-11-24T02:17:55.0348303Z state without impacting any branches by switching back to a branch.
2025-11-24T02:17:55.0348765Z 
2025-11-24T02:17:55.0349098Z If you want to create a new branch to retain commits you create, you may
2025-11-24T02:17:55.0349783Z do so (now or later) by using -c with the switch command. Example:
2025-11-24T02:17:55.0350196Z 
2025-11-24T02:17:55.0424892Z   git switch -c <new-branch-name>
2025-11-24T02:17:55.0425311Z 
2025-11-24T02:17:55.0425517Z Or undo this operation with:
2025-11-24T02:17:55.0425829Z 
2025-11-24T02:17:55.0426031Z   git switch -
2025-11-24T02:17:55.0426252Z 
2025-11-24T02:17:55.0426954Z Turn off this advice by setting config variable advice.detachedHead to false
2025-11-24T02:17:55.0427758Z 
2025-11-24T02:17:55.0428408Z HEAD is now at a21dc6b Merge be12315f24da85ad33a672b535d8c28688a1800f into e6495474400f6858d4698c288d18ca1c04a26b34
2025-11-24T02:17:55.0430385Z ##[endgroup]
2025-11-24T02:17:55.0431687Z [command]/usr/bin/git log -1 --format=%H
2025-11-24T02:17:55.0432272Z a21dc6b17126fc4d2d31a3d0f6511bd1241b6784
2025-11-24T02:17:55.0653596Z ##[group]Run actions/setup-node@v4
2025-11-24T02:17:55.0653879Z with:
2025-11-24T02:17:55.0654054Z   node-version: 20
2025-11-24T02:17:55.0654244Z   cache: npm
2025-11-24T02:17:55.0654417Z   always-auth: false
2025-11-24T02:17:55.0654614Z   check-latest: false
2025-11-24T02:17:55.0654928Z   token: ***
2025-11-24T02:17:55.0655104Z env:
2025-11-24T02:17:55.0655342Z   SUPABASE_URL: 'https://xyzcompanytest.supabase.co'
2025-11-24T02:17:55.0656460Z   SUPABASE_SERVICE_KEY: '***'
2025-11-24T02:17:55.0656693Z   NODE_VERSION: 20
2025-11-24T02:17:55.0656878Z   PYTHON_VERSION: 3.12
2025-11-24T02:17:55.0657110Z   TURBO_TOKEN: ***
2025-11-24T02:17:55.0657308Z   TURBO_TEAM: ***
2025-11-24T02:17:55.0657741Z ##[endgroup]
2025-11-24T02:17:55.2909959Z Found in cache @ /opt/hostedtoolcache/node/20.19.5/x64
2025-11-24T02:17:55.2916456Z ##[group]Environment details
2025-11-24T02:17:57.6239847Z node: v20.19.5
2025-11-24T02:17:57.6240640Z npm: 10.8.2
2025-11-24T02:17:57.6241085Z yarn: 1.22.22
2025-11-24T02:17:57.6242249Z ##[endgroup]
2025-11-24T02:17:57.6263017Z [command]/opt/hostedtoolcache/node/20.19.5/x64/bin/npm config get cache
2025-11-24T02:17:57.9025290Z /home/runner/.npm
2025-11-24T02:17:58.0743134Z npm cache is not found
2025-11-24T02:17:58.0875452Z ##[group]Run npm install
2025-11-24T02:17:58.0875768Z [36;1mnpm install[0m
2025-11-24T02:17:58.0919940Z shell: /usr/bin/bash -e {0}
2025-11-24T02:17:58.0920212Z env:
2025-11-24T02:17:58.0920487Z   SUPABASE_URL: 'https://xyzcompanytest.supabase.co'
2025-11-24T02:17:58.0921731Z   SUPABASE_SERVICE_KEY: '***'
2025-11-24T02:17:58.0921975Z   NODE_VERSION: 20
2025-11-24T02:17:58.0922198Z   PYTHON_VERSION: 3.12
2025-11-24T02:17:58.0922463Z   TURBO_TOKEN: ***
2025-11-24T02:17:58.0922673Z   TURBO_TEAM: ***
2025-11-24T02:17:58.0922871Z ##[endgroup]
2025-11-24T02:18:02.6753202Z npm warn deprecated inflight@1.0.6: This module is not supported, and leaks memory. Do not use it. Check out lru-cache if you want a good and tested way to coalesce async requests by a key value, which is much more comprehensive and powerful.
2025-11-24T02:18:04.5083597Z npm warn deprecated jose@1.28.2: this version is no longer supported
2025-11-24T02:18:04.5530680Z npm warn deprecated glob@7.2.3: Glob versions prior to v9 are no longer supported
2025-11-24T02:18:12.4457238Z 
2025-11-24T02:18:12.4468708Z > crosslist@1.0.0 prepare
2025-11-24T02:18:12.4469973Z > husky
2025-11-24T02:18:12.4470149Z 
2025-11-24T02:18:12.5051355Z 
2025-11-24T02:18:12.5051939Z added 721 packages, and audited 730 packages in 14s
2025-11-24T02:18:12.5052363Z 
2025-11-24T02:18:12.5052628Z 217 packages are looking for funding
2025-11-24T02:18:12.5053130Z   run `npm fund` for details
2025-11-24T02:18:12.5225758Z 
2025-11-24T02:18:12.5230275Z 6 vulnerabilities (3 moderate, 2 high, 1 critical)
2025-11-24T02:18:12.5233077Z 
2025-11-24T02:18:12.5235974Z To address all issues, run:
2025-11-24T02:18:12.5236404Z   npm audit fix
2025-11-24T02:18:12.5237181Z 
2025-11-24T02:18:12.5237736Z Run `npm audit` for details.
2025-11-24T02:18:12.5699885Z ##[group]Run github/codeql-action/init@v3
2025-11-24T02:18:12.5700179Z with:
2025-11-24T02:18:12.5700363Z   languages: typescript
2025-11-24T02:18:12.5700584Z   analysis-kinds: code-scanning
2025-11-24T02:18:12.5700951Z   token: ***
2025-11-24T02:18:12.5701135Z   matrix: null
2025-11-24T02:18:12.5701308Z   debug: false
2025-11-24T02:18:12.5701470Z env:
2025-11-24T02:18:12.5701699Z   SUPABASE_URL: 'https://xyzcompanytest.supabase.co'
2025-11-24T02:18:12.5702807Z   SUPABASE_SERVICE_KEY: '***'
2025-11-24T02:18:12.5703024Z   NODE_VERSION: 20
2025-11-24T02:18:12.5703218Z   PYTHON_VERSION: 3.12
2025-11-24T02:18:12.5703559Z   TURBO_TOKEN: ***
2025-11-24T02:18:12.5703836Z   TURBO_TEAM: ***
2025-11-24T02:18:12.5704009Z ##[endgroup]
2025-11-24T02:18:12.7245059Z ##[warning]CodeQL Action v3 will be deprecated in December 2026. Please update all occurrences of the CodeQL Action in your workflow files to v4. For more information, see https://github.blog/changelog/2025-10-28-upcoming-deprecation-of-codeql-action-v3/
2025-11-24T02:18:13.1434457Z Job run UUID is cd8c95e8-e102-4530-963d-931c3d598665.
2025-11-24T02:18:13.6569203Z ##[group]Setup CodeQL tools
2025-11-24T02:18:13.6610596Z [command]/usr/bin/tar --version
2025-11-24T02:18:13.6639093Z tar (GNU tar) 1.35
2025-11-24T02:18:13.6639679Z Copyright (C) 2023 Free Software Foundation, Inc.
2025-11-24T02:18:13.6640584Z License GPLv3+: GNU GPL version 3 or later <https://gnu.org/licenses/gpl.html>.
2025-11-24T02:18:13.6641517Z This is free software: you are free to change and redistribute it.
2025-11-24T02:18:13.6642269Z There is NO WARRANTY, to the extent permitted by law.
2025-11-24T02:18:13.6642649Z 
2025-11-24T02:18:13.6642952Z Written by John Gilmore and Jay Fenlason.
2025-11-24T02:18:13.6643689Z Found gnu tar version 1.35.
2025-11-24T02:18:13.7773810Z Did not find CodeQL tools version 2.23.5 in the toolcache.
2025-11-24T02:18:13.7782019Z Using CodeQL CLI version 2.23.5 sourced from https://github.com/github/codeql-action/releases/download/codeql-bundle-v2.23.5/codeql-bundle-linux64.tar.zst .
2025-11-24T02:18:13.7789750Z Downloading CodeQL tools from https://github.com/github/codeql-action/releases/download/codeql-bundle-v2.23.5/codeql-bundle-linux64.tar.zst . This may take a while.
2025-11-24T02:18:13.7790849Z Streaming the extraction of the CodeQL bundle.
2025-11-24T02:18:13.9650963Z [command]tar -x --zstd --ignore-zeros --warning=no-unknown-keyword --overwrite -f - -C /opt/hostedtoolcache/CodeQL/2.23.5/x64
2025-11-24T02:18:18.9223909Z Finished downloading and extracting CodeQL bundle to /opt/hostedtoolcache/CodeQL/2.23.5/x64 (5.1s).
2025-11-24T02:18:18.9226480Z Created toolcache marker file /opt/hostedtoolcache/CodeQL/2.23.5/x64.complete
2025-11-24T02:18:19.5391165Z [command]/opt/hostedtoolcache/CodeQL/2.23.5/x64/codeql/codeql version --format=json
2025-11-24T02:18:20.1580254Z {
2025-11-24T02:18:20.1580845Z   "productName" : "CodeQL",
2025-11-24T02:18:20.1581268Z   "vendor" : "GitHub",
2025-11-24T02:18:20.1581630Z   "version" : "2.23.5",
2025-11-24T02:18:20.1582151Z   "sha" : "546be98d25dd0adfa6d38793f6ed6d26a020bfad",
2025-11-24T02:18:20.1582650Z   "branches" : [
2025-11-24T02:18:20.1582977Z     "codeql-cli-2.23.5"
2025-11-24T02:18:20.1583307Z   ],
2025-11-24T02:18:20.1583740Z   "copyright" : "Copyright (C) 2019-2025 GitHub, Inc.",
2025-11-24T02:18:20.1584485Z   "unpackedLocation" : "/opt/hostedtoolcache/CodeQL/2.23.5/x64/codeql",
2025-11-24T02:18:20.1585294Z   "configFileLocation" : "/home/runner/.config/codeql/config",
2025-11-24T02:18:20.1585928Z   "configFileFound" : false,
2025-11-24T02:18:20.1586373Z   "overlayVersion" : 4,
2025-11-24T02:18:20.1586756Z   "features" : {
2025-11-24T02:18:20.1587201Z     "analysisSummaryV2Default" : true,
2025-11-24T02:18:20.1587907Z     "buildModeOption" : true,
2025-11-24T02:18:20.1588477Z     "bundleSupportsIncludeDiagnostics" : true,
2025-11-24T02:18:20.1589076Z     "bundleSupportsIncludeLogs" : true,
2025-11-24T02:18:20.1589594Z     "databaseInterpretResultsSupportsSarifRunProperty" : true,
2025-11-24T02:18:20.1590419Z     "featuresInVersionResult" : true,
2025-11-24T02:18:20.1590797Z     "indirectTracingSupportsStaticBinaries" : false,
2025-11-24T02:18:20.1591672Z     "informsAboutUnsupportedPathFilters" : true,
2025-11-24T02:18:20.1592270Z     "supportsPython312" : true,
2025-11-24T02:18:20.1592688Z     "mrvaPackCreate" : true,
2025-11-24T02:18:20.1593104Z     "threatModelOption" : true,
2025-11-24T02:18:20.1593589Z     "traceCommandUseBuildMode" : true,
2025-11-24T02:18:20.1594075Z     "v2ramSizing" : true,
2025-11-24T02:18:20.1594567Z     "mrvaPackCreateMultipleQueries" : true,
2025-11-24T02:18:20.1595143Z     "setsCodeqlRunnerEnvVar" : true,
2025-11-24T02:18:20.1595729Z     "sarifMergeRunsFromEqualCategory" : true,
2025-11-24T02:18:20.1596281Z     "forceOverwrite" : true,
2025-11-24T02:18:20.1596797Z     "generateSummarySymbolMap" : true,
2025-11-24T02:18:20.1597744Z     "pythonDefaultIsToNotExtractStdlib" : true,
2025-11-24T02:18:20.1598360Z     "queryServerRunQueries" : true,
2025-11-24T02:18:20.1598941Z     "queryServerTrimCacheWithMode" : true,
2025-11-24T02:18:20.1599611Z     "builtinExtractorsSpecifyDefaultQueries" : true
2025-11-24T02:18:20.1600136Z   }
2025-11-24T02:18:20.1600398Z }
2025-11-24T02:18:20.1722247Z ##[endgroup]
2025-11-24T02:18:20.1723628Z ##[group]Validating workflow
2025-11-24T02:18:20.5660311Z Detected no issues with the code scanning workflow.
2025-11-24T02:18:20.5660935Z ##[endgroup]
2025-11-24T02:18:20.5663578Z ##[group]Load language configuration
2025-11-24T02:18:20.5670634Z [command]/opt/hostedtoolcache/CodeQL/2.23.5/x64/codeql/codeql resolve languages --format=betterjson --extractor-options-verbosity=4 --extractor-include-aliases --filter-to-languages-with-queries
2025-11-24T02:18:21.4773619Z {
2025-11-24T02:18:21.4773980Z   "aliases" : {
2025-11-24T02:18:21.4774440Z     "c" : "cpp",
2025-11-24T02:18:21.4774799Z     "c++" : "cpp",
2025-11-24T02:18:21.4775136Z     "c-c++" : "cpp",
2025-11-24T02:18:21.4775485Z     "c-cpp" : "cpp",
2025-11-24T02:18:21.4775836Z     "c#" : "csharp",
2025-11-24T02:18:21.4776234Z     "java-kotlin" : "java",
2025-11-24T02:18:21.4776630Z     "kotlin" : "java",
2025-11-24T02:18:21.4777618Z     "javascript-typescript" : "javascript",
2025-11-24T02:18:21.4778161Z     "typescript" : "javascript"
2025-11-24T02:18:21.4778755Z   },
2025-11-24T02:18:21.4779183Z   "extractors" : {
2025-11-24T02:18:21.4779625Z     "rust" : [
2025-11-24T02:18:21.4779951Z       {
2025-11-24T02:18:21.4796386Z         "extractor_root" : "/opt/hostedtoolcache/CodeQL/2.23.5/x64/codeql/rust",
2025-11-24T02:18:21.4797089Z         "extractor_options" : {
2025-11-24T02:18:21.4797675Z           "trap" : {
2025-11-24T02:18:21.4798251Z             "title" : "Options pertaining to TRAP.",
2025-11-24T02:18:21.4802046Z             "description" : "Options pertaining to TRAP.",
2025-11-24T02:18:21.4805047Z             "type" : "object",
2025-11-24T02:18:21.4805462Z             "properties" : {
2025-11-24T02:18:21.4805880Z               "compression" : {
2025-11-24T02:18:21.4806572Z                 "title" : "Controls compression for the TRAP files written by the extractor.",
2025-11-24T02:18:21.4811737Z                 "description" : "This option is only intended for use in debugging the extractor. Accepted values are 'gzip' (to write gzip-compressed TRAP) 'zstd' (to write Zstandard-compressed TRAP) and 'none' (the default, to write uncompressed TRAP).\n",
2025-11-24T02:18:21.4813370Z                 "type" : "string",
2025-11-24T02:18:21.4813891Z                 "pattern" : "^(none|gzip|zstd)$"
2025-11-24T02:18:21.4814349Z               }
2025-11-24T02:18:21.4814663Z             }
2025-11-24T02:18:21.4814952Z           },
2025-11-24T02:18:21.4815306Z           "cargo_target_dir" : {
2025-11-24T02:18:21.4815883Z             "title" : "Directory to use for cargo output files.",
2025-11-24T02:18:21.4818641Z             "description" : "This value is an optional path to use as `CARGO_TARGET_DIR` for the internal cargo commands the extractor uses. Pointing it to a persistent directory may reduce execution time of consecutive extractor runs. By default, a new scratch directory is used for each run.\n",
2025-11-24T02:18:21.4820583Z             "type" : "string"
2025-11-24T02:18:21.4820981Z           },
2025-11-24T02:18:21.4821303Z           "cargo_target" : {
2025-11-24T02:18:21.4821796Z             "title" : "Target architecture",
2025-11-24T02:18:21.4822976Z             "description" : "Target architecture to use for analysis, analogous to `cargo --target`. By default the host architecture is used.\n",
2025-11-24T02:18:21.4823983Z             "type" : "string"
2025-11-24T02:18:21.4824341Z           },
2025-11-24T02:18:21.4824691Z           "cargo_features" : {
2025-11-24T02:18:21.4825192Z             "title" : "Cargo features to turn on",
2025-11-24T02:18:21.4827253Z             "description" : "Comma-separated list of features to turn on. By default all features are enabled. If any features are specified, then only those features are enabled. The `default` feature must be explicitly specified if only default features are desired. Can be repeated.\n",
2025-11-24T02:18:21.4829215Z             "type" : "array"
2025-11-24T02:18:21.4829626Z           },
2025-11-24T02:18:21.4830017Z           "cargo_cfg_overrides" : {
2025-11-24T02:18:21.4830542Z             "title" : "Cargo cfg overrides",
2025-11-24T02:18:21.4831579Z             "description" : "Comma-separated list of cfg settings to enable, or disable if prefixed with `-`. Can be repeated.\n",
2025-11-24T02:18:21.4832482Z             "type" : "array"
2025-11-24T02:18:21.4832851Z           },
2025-11-24T02:18:21.4833171Z           "logging" : {
2025-11-24T02:18:21.4833672Z             "title" : "Options pertaining to logging.",
2025-11-24T02:18:21.4834369Z             "description" : "Options pertaining to logging.",
2025-11-24T02:18:21.4834981Z             "type" : "object",
2025-11-24T02:18:21.4835406Z             "properties" : {
2025-11-24T02:18:21.4835813Z               "verbosity" : {
2025-11-24T02:18:21.4836373Z                 "title" : "Extractor logging verbosity level.",
2025-11-24T02:18:21.4838464Z                 "description" : "Controls the level of verbosity of the extractor. The supported levels are (in order of increasing verbosity):\n  - off\n  - errors\n  - warnings\n  - info or progress\n  - debug or progress+\n  - trace or progress++\n  - progress+++\n",
2025-11-24T02:18:21.4840237Z                 "type" : "string",
2025-11-24T02:18:21.4840857Z                 "pattern" : "^(off|errors|warnings|(info|progress)|(debug|progress\\+)|(trace|progress\\+\\+)|progress\\+\\+\\+)$"
2025-11-24T02:18:21.4841313Z               },
2025-11-24T02:18:21.4841524Z               "flamegraph" : {
2025-11-24T02:18:21.4841870Z                 "title" : "[Experimental] File path for write flame graph log",
2025-11-24T02:18:21.4842780Z                 "description" : "Collect flame graph data using the `tracing-flame` crate. To render a flame graph or chart, run the `inferno-flamegraph` command. See also: https://crates.io/crates/tracing-flame\n",
2025-11-24T02:18:21.4843523Z                 "type" : "string"
2025-11-24T02:18:21.4843828Z               }
2025-11-24T02:18:21.4844044Z             }
2025-11-24T02:18:21.4844211Z           },
2025-11-24T02:18:21.4844435Z           "extract_dependencies_as_source" : {
2025-11-24T02:18:21.4844769Z             "title" : "Extract dependencies as source code",
2025-11-24T02:18:21.4845302Z             "description" : "Extract the full source code of dependencies instead of only extracting signatures.\n",
2025-11-24T02:18:21.4845759Z             "type" : "string",
2025-11-24T02:18:21.4846012Z             "pattern" : "^(false|true)$"
2025-11-24T02:18:21.4846247Z           }
2025-11-24T02:18:21.4846411Z         }
2025-11-24T02:18:21.4846566Z       }
2025-11-24T02:18:21.4846786Z     ],
2025-11-24T02:18:21.4846958Z     "python" : [
2025-11-24T02:18:21.4847132Z       {
2025-11-24T02:18:21.4847676Z         "extractor_root" : "/opt/hostedtoolcache/CodeQL/2.23.5/x64/codeql/python",
2025-11-24T02:18:21.4848500Z         "extractor_options" : {
2025-11-24T02:18:21.4849153Z           "logging" : {
2025-11-24T02:18:21.4849675Z             "title" : "Options pertaining to logging.",
2025-11-24T02:18:21.4850172Z             "description" : "Options pertaining to logging.",
2025-11-24T02:18:21.4850493Z             "type" : "object",
2025-11-24T02:18:21.4850720Z             "properties" : {
2025-11-24T02:18:21.4850945Z               "verbosity" : {
2025-11-24T02:18:21.4851257Z                 "title" : "Python extractor logging verbosity level.",
2025-11-24T02:18:21.4852346Z                 "description" : "Controls the level of verbosity of the CodeQL Python extractor.\nThe supported levels are (in order of increasing verbosity):\n\n  - off\n  - errors\n  - warnings\n  - info or progress\n  - debug or progress+\n  - trace or progress++\n  - progress+++\n",
2025-11-24T02:18:21.4853234Z                 "type" : "string",
2025-11-24T02:18:21.4853742Z                 "pattern" : "^(off|errors|warnings|(info|progress)|(debug|progress\\+)|(trace|progress\\+\\+)|progress\\+\\+\\+)$"
2025-11-24T02:18:21.4854190Z               }
2025-11-24T02:18:21.4854361Z             }
2025-11-24T02:18:21.4854534Z           },
2025-11-24T02:18:21.4854749Z           "python_executable_name" : {
2025-11-24T02:18:21.4855403Z             "title" : "Controls the name of the Python executable used by the Python extractor.",
2025-11-24T02:18:21.4858049Z             "description" : "The Python extractor uses platform-dependent heuristics to determine the name of the Python executable to use. Specifying a value for this option overrides the name of the Python executable used by the extractor. Accepted values are py, python and python3. Use this setting with caution, the Python extractor requires Python 3 to run.\n",
2025-11-24T02:18:21.4859272Z             "type" : "string",
2025-11-24T02:18:21.4859550Z             "pattern" : "^(py|python|python3)$"
2025-11-24T02:18:21.4859802Z           }
2025-11-24T02:18:21.4859970Z         }
2025-11-24T02:18:21.4860126Z       }
2025-11-24T02:18:21.4860286Z     ],
2025-11-24T02:18:21.4860467Z     "cpp" : [
2025-11-24T02:18:21.4860640Z       {
2025-11-24T02:18:21.4861115Z         "extractor_root" : "/opt/hostedtoolcache/CodeQL/2.23.5/x64/codeql/cpp",
2025-11-24T02:18:21.4861487Z         "extractor_options" : {
2025-11-24T02:18:21.4861712Z           "trap" : {
2025-11-24T02:18:21.4861948Z             "title" : "TRAP options",
2025-11-24T02:18:21.4862335Z             "description" : "Options about how the extractor handles TRAP files",
2025-11-24T02:18:21.4862692Z             "type" : "object",
2025-11-24T02:18:21.4862916Z             "visibility" : 3,
2025-11-24T02:18:21.4863139Z             "properties" : {
2025-11-24T02:18:21.4863345Z               "cache" : {
2025-11-24T02:18:21.4863595Z                 "title" : "TRAP cache options",
2025-11-24T02:18:21.4864000Z                 "description" : "Options about how the extractor handles its TRAP cache",
2025-11-24T02:18:21.4864372Z                 "type" : "object",
2025-11-24T02:18:21.4864621Z                 "properties" : {
2025-11-24T02:18:21.4864851Z                   "dir" : {
2025-11-24T02:18:21.4865114Z                     "title" : "TRAP cache directory",
2025-11-24T02:18:21.4865482Z                     "description" : "The directory of the TRAP cache to use",
2025-11-24T02:18:21.4865807Z                     "type" : "string"
2025-11-24T02:18:21.4866033Z                   },
2025-11-24T02:18:21.4866228Z                   "bound" : {
2025-11-24T02:18:21.4866478Z                     "title" : "TRAP cache bound",
2025-11-24T02:18:21.4866858Z                     "description" : "A soft limit (in MB) on the size of the TRAP cache",
2025-11-24T02:18:21.4867223Z                     "type" : "string",
2025-11-24T02:18:21.4867762Z                     "pattern" : "[0-9]+"
2025-11-24T02:18:21.4868007Z                   },
2025-11-24T02:18:21.4868198Z                   "write" : {
2025-11-24T02:18:21.4868471Z                     "title" : "TRAP cache writeable",
2025-11-24T02:18:21.4869025Z                     "description" : "Whether to write to the TRAP cache as well as reading it",
2025-11-24T02:18:21.4869431Z                     "type" : "string",
2025-11-24T02:18:21.4895637Z                     "pattern" : "(true|TRUE|false|FALSE)"
2025-11-24T02:18:21.4896170Z                   }
2025-11-24T02:18:21.4896504Z                 }
2025-11-24T02:18:21.4896812Z               }
2025-11-24T02:18:21.4897105Z             }
2025-11-24T02:18:21.4897589Z           },
2025-11-24T02:18:21.4897952Z           "scale_timeouts" : {
2025-11-24T02:18:21.4898566Z             "title" : "Value to scale compiler introspection timeouts with",
2025-11-24T02:18:21.4901320Z             "description" : "The extractor attempts to determine what compiler the source code being extracted is compiled with. To this end the extractor makes additional calls to the compiler, some of which are expected to return within a certain fixed time (either 10s or 15s). On some systems that are under high load this time might be too short, and can be scaled up using this option.\n",
2025-11-24T02:18:21.4903410Z             "type" : "string",
2025-11-24T02:18:21.4903832Z             "pattern" : "[0-9]+"
2025-11-24T02:18:21.4904202Z           },
2025-11-24T02:18:21.4904516Z           "log_verbosity" : {
2025-11-24T02:18:21.4905018Z             "title" : "Verbosity of the extractor logging",
2025-11-24T02:18:21.4906159Z             "description" : "Set the verbosity of the extractor logging to 'quiet' (0), 'normal' (1), 'chatty' (2), or 'noisy' (3). The default is 'normal'.\n",
2025-11-24T02:18:21.4907153Z             "type" : "string",
2025-11-24T02:18:21.4907730Z             "pattern" : "[0-3]"
2025-11-24T02:18:21.4908101Z           },
2025-11-24T02:18:21.4908453Z           "frontend_options" : {
2025-11-24T02:18:21.4908963Z             "title" : "C/C++ extractor frontend options",
2025-11-24T02:18:21.4909876Z             "description" : "Set additional options that should be passed to the C/C++ extractor frontend.\n",
2025-11-24T02:18:21.4910624Z             "type" : "array",
2025-11-24T02:18:21.4910997Z             "visibility" : 3
2025-11-24T02:18:21.4911349Z           }
2025-11-24T02:18:21.4911919Z         }
2025-11-24T02:18:21.4912187Z       }
2025-11-24T02:18:21.4912445Z     ],
2025-11-24T02:18:21.4912724Z     "csharp" : [
2025-11-24T02:18:21.4913032Z       {
2025-11-24T02:18:21.4913599Z         "extractor_root" : "/opt/hostedtoolcache/CodeQL/2.23.5/x64/codeql/csharp",
2025-11-24T02:18:21.4914249Z         "extractor_options" : {
2025-11-24T02:18:21.4914624Z           "trap" : {
2025-11-24T02:18:21.4915051Z             "title" : "Options pertaining to TRAP.",
2025-11-24T02:18:21.4915628Z             "description" : "Options pertaining to TRAP.",
2025-11-24T02:18:21.4916137Z             "type" : "object",
2025-11-24T02:18:21.4916516Z             "properties" : {
2025-11-24T02:18:21.4916932Z               "compression" : {
2025-11-24T02:18:21.4917778Z                 "title" : "Controls compression for the TRAP files written by the extractor.",
2025-11-24T02:18:21.4919586Z                 "description" : "This option is only intended for use in debugging the extractor. Accepted values are 'brotli' (the default, to write brotli-compressed TRAP), 'gzip', and 'none' (to write uncompressed TRAP).\n",
2025-11-24T02:18:21.4920931Z                 "type" : "string",
2025-11-24T02:18:21.4921403Z                 "pattern" : "^(none|gzip|brotli)$"
2025-11-24T02:18:21.4921826Z               }
2025-11-24T02:18:21.4922121Z             }
2025-11-24T02:18:21.4922402Z           },
2025-11-24T02:18:21.4922704Z           "buildless" : {
2025-11-24T02:18:21.4923352Z             "title" : "DEPRECATED - Whether to use buildless (standalone) extraction.",
2025-11-24T02:18:21.4927014Z             "description" : "DEPRECATED: Use `--build-mode none` instead.\nA value indicating, which type of extraction the autobuilder should perform. If 'true', then the standalone extractor will be used, otherwise tracing extraction will be performed. The default is 'false'. Note that buildless extraction will generally yield less accurate analysis results, and should only be used in cases where it is not possible to build the code (for example if it uses inaccessible dependencies).\n",
2025-11-24T02:18:21.4929990Z             "type" : "string",
2025-11-24T02:18:21.4930426Z             "pattern" : "^(false|true)$"
2025-11-24T02:18:21.4930832Z           },
2025-11-24T02:18:21.4931126Z           "logging" : {
2025-11-24T02:18:21.4931588Z             "title" : "Options pertaining to logging.",
2025-11-24T02:18:21.4932216Z             "description" : "Options pertaining to logging.",
2025-11-24T02:18:21.4932756Z             "type" : "object",
2025-11-24T02:18:21.4933132Z             "properties" : {
2025-11-24T02:18:21.4933492Z               "verbosity" : {
2025-11-24T02:18:21.4933984Z                 "title" : "Extractor logging verbosity level.",
2025-11-24T02:18:21.4935799Z                 "description" : "Controls the level of verbosity of the extractor. The supported levels are (in order of increasing verbosity):\n  - off\n  - errors\n  - warnings\n  - info or progress\n  - debug or progress+\n  - trace or progress++\n  - progress+++\n",
2025-11-24T02:18:21.4937458Z                 "type" : "string",
2025-11-24T02:18:21.4938356Z                 "pattern" : "^(off|errors|warnings|(info|progress)|(debug|progress\\+)|(trace|progress\\+\\+)|progress\\+\\+\\+)$"
2025-11-24T02:18:21.4939179Z               }
2025-11-24T02:18:21.4939484Z             }
2025-11-24T02:18:21.4939778Z           },
2025-11-24T02:18:21.4940076Z           "binlog" : {
2025-11-24T02:18:21.4940452Z             "title" : "Binlog",
2025-11-24T02:18:21.4941698Z             "description" : "[EXPERIMENTAL] The value is a path to the MsBuild binary log file that should be extracted. This option only works when `--build-mode none` is also specified.\n",
2025-11-24T02:18:21.4942791Z             "type" : "array"
2025-11-24T02:18:21.4943118Z           }
2025-11-24T02:18:21.4943380Z         }
2025-11-24T02:18:21.4943635Z       }
2025-11-24T02:18:21.4943882Z     ],
2025-11-24T02:18:21.4944141Z     "java" : [
2025-11-24T02:18:21.4944411Z       {
2025-11-24T02:18:21.4945014Z         "extractor_root" : "/opt/hostedtoolcache/CodeQL/2.23.5/x64/codeql/java",
2025-11-24T02:18:21.4945401Z         "extractor_options" : {
2025-11-24T02:18:21.4945624Z           "exclude" : {
2025-11-24T02:18:21.4945907Z             "title" : "A glob excluding files from analysis.",
2025-11-24T02:18:21.4946716Z             "description" : "A glob indicating what files to exclude from the analysis. This accepts glob patterns that are supported by Java's 'getPathMatcher' implementation.\n",
2025-11-24T02:18:21.4947581Z             "type" : "string"
2025-11-24T02:18:21.4947813Z           },
2025-11-24T02:18:21.4948033Z           "add_prefer_source" : {
2025-11-24T02:18:21.4948408Z             "title" : "Whether to always prefer source files over class files.",
2025-11-24T02:18:21.4949621Z             "description" : "A value indicating whether source files should be preferred over class files. If set to 'true', the extraction adds '-Xprefer:source' to the javac command line. If set to 'false', the extraction uses the default javac behavior ('-Xprefer:newer'). The default is 'true'.\n",
2025-11-24T02:18:21.4950598Z             "type" : "string",
2025-11-24T02:18:21.4950856Z             "pattern" : "^(false|true)$"
2025-11-24T02:18:21.4951098Z           },
2025-11-24T02:18:21.4951285Z           "buildless" : {
2025-11-24T02:18:21.4951663Z             "title" : "Whether to use buildless (standalone) extraction (experimental).",
2025-11-24T02:18:21.4953396Z             "description" : "A value indicating, which type of extraction the autobuilder should perform. If 'true', then the standalone extractor will be used, otherwise tracing extraction will be performed. The default is 'false'. Note that buildless extraction will generally yield less accurate analysis results, and should only be used in cases where it is not possible to build the code (for example if it uses inaccessible dependencies).\n",
2025-11-24T02:18:21.4954971Z             "type" : "string",
2025-11-24T02:18:21.4955229Z             "pattern" : "^(false|true)$"
2025-11-24T02:18:21.4955466Z           },
2025-11-24T02:18:21.4955682Z           "buildless_dependency_dir" : {
2025-11-24T02:18:21.4956137Z             "title" : "The path where buildless (standalone) extraction should keep dependencies.",
2025-11-24T02:18:21.4956794Z             "description" : "If set, the buildless (standalone) extractor will store dependencies in this directory.\n",
2025-11-24T02:18:21.4957254Z             "type" : "string"
2025-11-24T02:18:21.4957681Z           },
2025-11-24T02:18:21.4957911Z           "minimize_dependency_jars" : {
2025-11-24T02:18:21.4958368Z             "title" : "Whether to rewrite and minimize downloaded JAR dependencies (experimental).",
2025-11-24T02:18:21.4959221Z             "description" : "If 'true', JAR dependencies downloaded during extraction will be rewritten to remove unneeded data, such as method bodies. The default is 'false'.\n",
2025-11-24T02:18:21.4959862Z             "type" : "string",
2025-11-24T02:18:21.4960116Z             "pattern" : "^(false|true)$"
2025-11-24T02:18:21.4960358Z           }
2025-11-24T02:18:21.4960519Z         }
2025-11-24T02:18:21.4960685Z       }
2025-11-24T02:18:21.4960852Z     ],
2025-11-24T02:18:21.4961020Z     "go" : [
2025-11-24T02:18:21.4961188Z       {
2025-11-24T02:18:21.4961497Z         "extractor_root" : "/opt/hostedtoolcache/CodeQL/2.23.5/x64/codeql/go",
2025-11-24T02:18:21.4961870Z         "extractor_options" : {
2025-11-24T02:18:21.4962106Z           "extract_tests" : {
2025-11-24T02:18:21.4962460Z             "title" : "Whether to include Go test files in the CodeQL database.",
2025-11-24T02:18:21.4963132Z             "description" : "A value indicating whether Go test files should be included in the CodeQL database. The default is 'false'.\n",
2025-11-24T02:18:21.4963662Z             "type" : "string",
2025-11-24T02:18:21.4963916Z             "pattern" : "^(false|true)$"
2025-11-24T02:18:21.4964152Z           },
2025-11-24T02:18:21.4964361Z           "extract_vendor_dirs" : {
2025-11-24T02:18:21.4964892Z             "title" : "Whether to include Go vendor directories in the CodeQL database.",
2025-11-24T02:18:21.4965624Z             "description" : "A value indicating whether Go vendor directories should be included in the CodeQL database. The default is 'false'.\n",
2025-11-24T02:18:21.4966175Z             "type" : "string",
2025-11-24T02:18:21.4966423Z             "pattern" : "^(false|true)$"
2025-11-24T02:18:21.4966650Z           }
2025-11-24T02:18:21.4966814Z         }
2025-11-24T02:18:21.4966975Z       }
2025-11-24T02:18:21.4967127Z     ],
2025-11-24T02:18:21.4967288Z     "actions" : [
2025-11-24T02:18:21.4967655Z       {
2025-11-24T02:18:21.4967978Z         "extractor_root" : "/opt/hostedtoolcache/CodeQL/2.23.5/x64/codeql/actions",
2025-11-24T02:18:21.4968352Z         "extractor_options" : {
2025-11-24T02:18:21.4968578Z           "trap" : {
2025-11-24T02:18:21.4968810Z             "title" : "TRAP options",
2025-11-24T02:18:21.4969191Z             "description" : "Options about how the extractor handles TRAP files",
2025-11-24T02:18:21.4969550Z             "type" : "object",
2025-11-24T02:18:21.4969773Z             "visibility" : 3,
2025-11-24T02:18:21.4969999Z             "properties" : {
2025-11-24T02:18:21.4970215Z               "cache" : {
2025-11-24T02:18:21.4970468Z                 "title" : "TRAP cache options",
2025-11-24T02:18:21.4970883Z                 "description" : "Options about how the extractor handles its TRAP cache",
2025-11-24T02:18:21.4971260Z                 "type" : "object",
2025-11-24T02:18:21.4971516Z                 "properties" : {
2025-11-24T02:18:21.4971736Z                   "dir" : {
2025-11-24T02:18:21.4972002Z                     "title" : "TRAP cache directory",
2025-11-24T02:18:21.4972381Z                     "description" : "The directory of the TRAP cache to use",
2025-11-24T02:18:21.4972723Z                     "type" : "string"
2025-11-24T02:18:21.4973073Z                   },
2025-11-24T02:18:21.4973275Z                   "bound" : {
2025-11-24T02:18:21.4973536Z                     "title" : "TRAP cache bound",
2025-11-24T02:18:21.4973929Z                     "description" : "A soft limit (in MB) on the size of the TRAP cache",
2025-11-24T02:18:21.4974285Z                     "type" : "string",
2025-11-24T02:18:21.4974552Z                     "pattern" : "[0-9]+"
2025-11-24T02:18:21.4974784Z                   },
2025-11-24T02:18:21.4974979Z                   "write" : {
2025-11-24T02:18:21.4975241Z                     "title" : "TRAP cache writeable",
2025-11-24T02:18:21.4975665Z                     "description" : "Whether to write to the TRAP cache as well as reading it",
2025-11-24T02:18:21.4976051Z                     "type" : "string",
2025-11-24T02:18:21.4976346Z                     "pattern" : "(true|TRUE|false|FALSE)"
2025-11-24T02:18:21.4976596Z                   }
2025-11-24T02:18:21.4976780Z                 }
2025-11-24T02:18:21.4976960Z               }
2025-11-24T02:18:21.4977136Z             }
2025-11-24T02:18:21.4977302Z           }
2025-11-24T02:18:21.4977660Z         }
2025-11-24T02:18:21.4977827Z       }
2025-11-24T02:18:21.4977990Z     ],
2025-11-24T02:18:21.4978157Z     "javascript" : [
2025-11-24T02:18:21.4978347Z       {
2025-11-24T02:18:21.4978685Z         "extractor_root" : "/opt/hostedtoolcache/CodeQL/2.23.5/x64/codeql/javascript",
2025-11-24T02:18:21.4979077Z         "extractor_options" : {
2025-11-24T02:18:21.4979298Z           "trap" : {
2025-11-24T02:18:21.4979530Z             "title" : "TRAP options",
2025-11-24T02:18:21.4979918Z             "description" : "Options about how the extractor handles TRAP files",
2025-11-24T02:18:21.4980284Z             "type" : "object",
2025-11-24T02:18:21.4980505Z             "visibility" : 3,
2025-11-24T02:18:21.4980733Z             "properties" : {
2025-11-24T02:18:21.4980952Z               "cache" : {
2025-11-24T02:18:21.4981207Z                 "title" : "TRAP cache options",
2025-11-24T02:18:21.4981642Z                 "description" : "Options about how the extractor handles its TRAP cache",
2025-11-24T02:18:21.4982148Z                 "type" : "object",
2025-11-24T02:18:21.4982397Z                 "properties" : {
2025-11-24T02:18:21.4982624Z                   "dir" : {
2025-11-24T02:18:21.4982884Z                     "title" : "TRAP cache directory",
2025-11-24T02:18:21.4983248Z                     "description" : "The directory of the TRAP cache to use",
2025-11-24T02:18:21.4983582Z                     "type" : "string"
2025-11-24T02:18:21.4983806Z                   },
2025-11-24T02:18:21.4983998Z                   "bound" : {
2025-11-24T02:18:21.4984247Z                     "title" : "TRAP cache bound",
2025-11-24T02:18:21.4984633Z                     "description" : "A soft limit (in MB) on the size of the TRAP cache",
2025-11-24T02:18:21.4985003Z                     "type" : "string",
2025-11-24T02:18:21.4985274Z                     "pattern" : "[0-9]+"
2025-11-24T02:18:21.4985507Z                   },
2025-11-24T02:18:21.4985701Z                   "write" : {
2025-11-24T02:18:21.4985962Z                     "title" : "TRAP cache writeable",
2025-11-24T02:18:21.4986389Z                     "description" : "Whether to write to the TRAP cache as well as reading it",
2025-11-24T02:18:21.4986766Z                     "type" : "string",
2025-11-24T02:18:21.4987054Z                     "pattern" : "(true|TRUE|false|FALSE)"
2025-11-24T02:18:21.4987311Z                   }
2025-11-24T02:18:21.4987666Z                 }
2025-11-24T02:18:21.4987840Z               }
2025-11-24T02:18:21.4988012Z             }
2025-11-24T02:18:21.4988186Z           },
2025-11-24T02:18:21.4988370Z           "skip_types" : {
2025-11-24T02:18:21.4988653Z             "title" : "Skip type extraction for TypeScript",
2025-11-24T02:18:21.4989131Z             "description" : "Whether to skip the extraction of types in a TypeScript application",
2025-11-24T02:18:21.4989544Z             "type" : "string",
2025-11-24T02:18:21.4989925Z             "pattern" : "^(false|true)$"
2025-11-24T02:18:21.4990165Z           }
2025-11-24T02:18:21.4990337Z         }
2025-11-24T02:18:21.4990498Z       }
2025-11-24T02:18:21.4990660Z     ],
2025-11-24T02:18:21.4990820Z     "swift" : [
2025-11-24T02:18:21.4990994Z       {
2025-11-24T02:18:21.4991309Z         "extractor_root" : "/opt/hostedtoolcache/CodeQL/2.23.5/x64/codeql/swift"
2025-11-24T02:18:21.4991632Z       }
2025-11-24T02:18:21.4991784Z     ],
2025-11-24T02:18:21.4991946Z     "ruby" : [
2025-11-24T02:18:21.4992119Z       {
2025-11-24T02:18:21.4992420Z         "extractor_root" : "/opt/hostedtoolcache/CodeQL/2.23.5/x64/codeql/ruby",
2025-11-24T02:18:21.4992784Z         "extractor_options" : {
2025-11-24T02:18:21.4993011Z           "trap" : {
2025-11-24T02:18:21.4993263Z             "title" : "Options pertaining to TRAP.",
2025-11-24T02:18:21.4993596Z             "description" : "Options pertaining to TRAP.",
2025-11-24T02:18:21.4993895Z             "type" : "object",
2025-11-24T02:18:21.4994124Z             "properties" : {
2025-11-24T02:18:21.4994370Z               "compression" : {
2025-11-24T02:18:21.4994764Z                 "title" : "Controls compression for the TRAP files written by the extractor.",
2025-11-24T02:18:21.4995859Z                 "description" : "This option is only intended for use in debugging the extractor. Accepted values are 'gzip' (the default, to write gzip-compressed TRAP) 'zstd' (to write Zstandard-compressed TRAP) and 'none' (to write uncompressed TRAP).\n",
2025-11-24T02:18:21.4996718Z                 "type" : "string",
2025-11-24T02:18:21.4996995Z                 "pattern" : "^(none|gzip|zstd)$"
2025-11-24T02:18:21.4997246Z               }
2025-11-24T02:18:21.4997647Z             }
2025-11-24T02:18:21.4997820Z           }
2025-11-24T02:18:21.4997982Z         }
2025-11-24T02:18:21.4998143Z       }
2025-11-24T02:18:21.4998301Z     ]
2025-11-24T02:18:21.4998459Z   }
2025-11-24T02:18:21.4998619Z }
2025-11-24T02:18:21.5083364Z Languages from configuration: javascript
2025-11-24T02:18:21.5092796Z [command]/opt/hostedtoolcache/CodeQL/2.23.5/x64/codeql/codeql resolve languages --format=betterjson --extractor-options-verbosity=4 --extractor-include-aliases
2025-11-24T02:18:22.4550487Z {
2025-11-24T02:18:22.4550849Z   "aliases" : {
2025-11-24T02:18:22.4551197Z     "c" : "cpp",
2025-11-24T02:18:22.4551535Z     "c++" : "cpp",
2025-11-24T02:18:22.4551878Z     "c-c++" : "cpp",
2025-11-24T02:18:22.4552223Z     "c-cpp" : "cpp",
2025-11-24T02:18:22.4552594Z     "c#" : "csharp",
2025-11-24T02:18:22.4552966Z     "java-kotlin" : "java",
2025-11-24T02:18:22.4553355Z     "kotlin" : "java",
2025-11-24T02:18:22.4553843Z     "javascript-typescript" : "javascript",
2025-11-24T02:18:22.4554390Z     "typescript" : "javascript"
2025-11-24T02:18:22.4554780Z   },
2025-11-24T02:18:22.4555080Z   "extractors" : {
2025-11-24T02:18:22.4555428Z     "xml" : [
2025-11-24T02:18:22.4555744Z       {
2025-11-24T02:18:22.4556323Z         "extractor_root" : "/opt/hostedtoolcache/CodeQL/2.23.5/x64/codeql/xml"
2025-11-24T02:18:22.4556966Z       }
2025-11-24T02:18:22.4557253Z     ],
2025-11-24T02:18:22.4557801Z     "python" : [
2025-11-24T02:18:22.4558136Z       {
2025-11-24T02:18:22.4558735Z         "extractor_root" : "/opt/hostedtoolcache/CodeQL/2.23.5/x64/codeql/python",
2025-11-24T02:18:22.4559434Z         "extractor_options" : {
2025-11-24T02:18:22.4559826Z           "logging" : {
2025-11-24T02:18:22.4560302Z             "title" : "Options pertaining to logging.",
2025-11-24T02:18:22.4560953Z             "description" : "Options pertaining to logging.",
2025-11-24T02:18:22.4561512Z             "type" : "object",
2025-11-24T02:18:22.4561935Z             "properties" : {
2025-11-24T02:18:22.4562344Z               "verbosity" : {
2025-11-24T02:18:22.4562920Z                 "title" : "Python extractor logging verbosity level.",
2025-11-24T02:18:22.4565594Z                 "description" : "Controls the level of verbosity of the CodeQL Python extractor.\nThe supported levels are (in order of increasing verbosity):\n\n  - off\n  - errors\n  - warnings\n  - info or progress\n  - debug or progress+\n  - trace or progress++\n  - progress+++\n",
2025-11-24T02:18:22.4567546Z                 "type" : "string",
2025-11-24T02:18:22.4568545Z                 "pattern" : "^(off|errors|warnings|(info|progress)|(debug|progress\\+)|(trace|progress\\+\\+)|progress\\+\\+\\+)$"
2025-11-24T02:18:22.4569373Z               }
2025-11-24T02:18:22.4569690Z             }
2025-11-24T02:18:22.4570003Z           },
2025-11-24T02:18:22.4570408Z           "python_executable_name" : {
2025-11-24T02:18:22.4571235Z             "title" : "Controls the name of the Python executable used by the Python extractor.",
2025-11-24T02:18:22.4574160Z             "description" : "The Python extractor uses platform-dependent heuristics to determine the name of the Python executable to use. Specifying a value for this option overrides the name of the Python executable used by the extractor. Accepted values are py, python and python3. Use this setting with caution, the Python extractor requires Python 3 to run.\n",
2025-11-24T02:18:22.4576468Z             "type" : "string",
2025-11-24T02:18:22.4576986Z             "pattern" : "^(py|python|python3)$"
2025-11-24T02:18:22.4584123Z           }
2025-11-24T02:18:22.4584455Z         }
2025-11-24T02:18:22.4584756Z       }
2025-11-24T02:18:22.4585044Z     ],
2025-11-24T02:18:22.4585354Z     "javascript" : [
2025-11-24T02:18:22.4585716Z       {
2025-11-24T02:18:22.4586331Z         "extractor_root" : "/opt/hostedtoolcache/CodeQL/2.23.5/x64/codeql/javascript",
2025-11-24T02:18:22.4587067Z         "extractor_options" : {
2025-11-24T02:18:22.4587728Z           "trap" : {
2025-11-24T02:18:22.4588157Z             "title" : "TRAP options",
2025-11-24T02:18:22.4588877Z             "description" : "Options about how the extractor handles TRAP files",
2025-11-24T02:18:22.4589554Z             "type" : "object",
2025-11-24T02:18:22.4589979Z             "visibility" : 3,
2025-11-24T02:18:22.4590366Z             "properties" : {
2025-11-24T02:18:22.4590730Z               "cache" : {
2025-11-24T02:18:22.4591169Z                 "title" : "TRAP cache options",
2025-11-24T02:18:22.4592226Z                 "description" : "Options about how the extractor handles its TRAP cache",
2025-11-24T02:18:22.4592868Z                 "type" : "object",
2025-11-24T02:18:22.4593333Z                 "properties" : {
2025-11-24T02:18:22.4593737Z                   "dir" : {
2025-11-24T02:18:22.4594214Z                     "title" : "TRAP cache directory",
2025-11-24T02:18:22.4594846Z                     "description" : "The directory of the TRAP cache to use",
2025-11-24T02:18:22.4595464Z                     "type" : "string"
2025-11-24T02:18:22.4595884Z                   },
2025-11-24T02:18:22.4596236Z                   "bound" : {
2025-11-24T02:18:22.4596681Z                     "title" : "TRAP cache bound",
2025-11-24T02:18:22.4597294Z                     "description" : "A soft limit (in MB) on the size of the TRAP cache",
2025-11-24T02:18:22.4598136Z                     "type" : "string",
2025-11-24T02:18:22.4598624Z                     "pattern" : "[0-9]+"
2025-11-24T02:18:22.4599064Z                   },
2025-11-24T02:18:22.4599403Z                   "write" : {
2025-11-24T02:18:22.4599889Z                     "title" : "TRAP cache writeable",
2025-11-24T02:18:22.4600682Z                     "description" : "Whether to write to the TRAP cache as well as reading it",
2025-11-24T02:18:22.4601388Z                     "type" : "string",
2025-11-24T02:18:22.4601887Z                     "pattern" : "(true|TRUE|false|FALSE)"
2025-11-24T02:18:22.4602344Z                   }
2025-11-24T02:18:22.4602666Z                 }
2025-11-24T02:18:22.4602973Z               }
2025-11-24T02:18:22.4603275Z             }
2025-11-24T02:18:22.4603575Z           },
2025-11-24T02:18:22.4603890Z           "skip_types" : {
2025-11-24T02:18:22.4604403Z             "title" : "Skip type extraction for TypeScript",
2025-11-24T02:18:22.4605675Z             "description" : "Whether to skip the extraction of types in a TypeScript application",
2025-11-24T02:18:22.4606446Z             "type" : "string",
2025-11-24T02:18:22.4606942Z             "pattern" : "^(false|true)$"
2025-11-24T02:18:22.4607585Z           }
2025-11-24T02:18:22.4607908Z         }
2025-11-24T02:18:22.4608197Z       }
2025-11-24T02:18:22.4608468Z     ],
2025-11-24T02:18:22.4608754Z     "rust" : [
2025-11-24T02:18:22.4609038Z       {
2025-11-24T02:18:22.4609578Z         "extractor_root" : "/opt/hostedtoolcache/CodeQL/2.23.5/x64/codeql/rust",
2025-11-24T02:18:22.4610257Z         "extractor_options" : {
2025-11-24T02:18:22.4610651Z           "trap" : {
2025-11-24T02:18:22.4611064Z             "title" : "Options pertaining to TRAP.",
2025-11-24T02:18:22.4611681Z             "description" : "Options pertaining to TRAP.",
2025-11-24T02:18:22.4612236Z             "type" : "object",
2025-11-24T02:18:22.4612646Z             "properties" : {
2025-11-24T02:18:22.4613082Z               "compression" : {
2025-11-24T02:18:22.4613807Z                 "title" : "Controls compression for the TRAP files written by the extractor.",
2025-11-24T02:18:22.4615731Z                 "description" : "This option is only intended for use in debugging the extractor. Accepted values are 'gzip' (to write gzip-compressed TRAP) 'zstd' (to write Zstandard-compressed TRAP) and 'none' (the default, to write uncompressed TRAP).\n",
2025-11-24T02:18:22.4617568Z                 "type" : "string",
2025-11-24T02:18:22.4618119Z                 "pattern" : "^(none|gzip|zstd)$"
2025-11-24T02:18:22.4618595Z               }
2025-11-24T02:18:22.4618885Z             }
2025-11-24T02:18:22.4619168Z           },
2025-11-24T02:18:22.4619555Z           "cargo_target_dir" : {
2025-11-24T02:18:22.4620119Z             "title" : "Directory to use for cargo output files.",
2025-11-24T02:18:22.4622298Z             "description" : "This value is an optional path to use as `CARGO_TARGET_DIR` for the internal cargo commands the extractor uses. Pointing it to a persistent directory may reduce execution time of consecutive extractor runs. By default, a new scratch directory is used for each run.\n",
2025-11-24T02:18:22.4623891Z             "type" : "string"
2025-11-24T02:18:22.4624124Z           },
2025-11-24T02:18:22.4624321Z           "cargo_target" : {
2025-11-24T02:18:22.4624591Z             "title" : "Target architecture",
2025-11-24T02:18:22.4625226Z             "description" : "Target architecture to use for analysis, analogous to `cargo --target`. By default the host architecture is used.\n",
2025-11-24T02:18:22.4625760Z             "type" : "string"
2025-11-24T02:18:22.4625974Z           },
2025-11-24T02:18:22.4626182Z           "cargo_features" : {
2025-11-24T02:18:22.4626453Z             "title" : "Cargo features to turn on",
2025-11-24T02:18:22.4627798Z             "description" : "Comma-separated list of features to turn on. By default all features are enabled. If any features are specified, then only those features are enabled. The `default` feature must be explicitly specified if only default features are desired. Can be repeated.\n",
2025-11-24T02:18:22.4628750Z             "type" : "array"
2025-11-24T02:18:22.4628972Z           },
2025-11-24T02:18:22.4629196Z           "cargo_cfg_overrides" : {
2025-11-24T02:18:22.4629477Z             "title" : "Cargo cfg overrides",
2025-11-24T02:18:22.4630042Z             "description" : "Comma-separated list of cfg settings to enable, or disable if prefixed with `-`. Can be repeated.\n",
2025-11-24T02:18:22.4630553Z             "type" : "array"
2025-11-24T02:18:22.4630762Z           },
2025-11-24T02:18:22.4630942Z           "logging" : {
2025-11-24T02:18:22.4631216Z             "title" : "Options pertaining to logging.",
2025-11-24T02:18:22.4631575Z             "description" : "Options pertaining to logging.",
2025-11-24T02:18:22.4631891Z             "type" : "object",
2025-11-24T02:18:22.4632110Z             "properties" : {
2025-11-24T02:18:22.4632336Z               "verbosity" : {
2025-11-24T02:18:22.4632629Z                 "title" : "Extractor logging verbosity level.",
2025-11-24T02:18:22.4633793Z                 "description" : "Controls the level of verbosity of the extractor. The supported levels are (in order of increasing verbosity):\n  - off\n  - errors\n  - warnings\n  - info or progress\n  - debug or progress+\n  - trace or progress++\n  - progress+++\n",
2025-11-24T02:18:22.4634676Z                 "type" : "string",
2025-11-24T02:18:22.4635199Z                 "pattern" : "^(off|errors|warnings|(info|progress)|(debug|progress\\+)|(trace|progress\\+\\+)|progress\\+\\+\\+)$"
2025-11-24T02:18:22.4635653Z               },
2025-11-24T02:18:22.4635870Z               "flamegraph" : {
2025-11-24T02:18:22.4636269Z                 "title" : "[Experimental] File path for write flame graph log",
2025-11-24T02:18:22.4637848Z                 "description" : "Collect flame graph data using the `tracing-flame` crate. To render a flame graph or chart, run the `inferno-flamegraph` command. See also: https://crates.io/crates/tracing-flame\n",
2025-11-24T02:18:22.4638622Z                 "type" : "string"
2025-11-24T02:18:22.4638855Z               }
2025-11-24T02:18:22.4639042Z             }
2025-11-24T02:18:22.4639227Z           },
2025-11-24T02:18:22.4639454Z           "extract_dependencies_as_source" : {
2025-11-24T02:18:22.4639833Z             "title" : "Extract dependencies as source code",
2025-11-24T02:18:22.4640385Z             "description" : "Extract the full source code of dependencies instead of only extracting signatures.\n",
2025-11-24T02:18:22.4640853Z             "type" : "string",
2025-11-24T02:18:22.4641107Z             "pattern" : "^(false|true)$"
2025-11-24T02:18:22.4641360Z           }
2025-11-24T02:18:22.4641534Z         }
2025-11-24T02:18:22.4641702Z       }
2025-11-24T02:18:22.4641859Z     ],
2025-11-24T02:18:22.4642032Z     "csv" : [
2025-11-24T02:18:22.4642204Z       {
2025-11-24T02:18:22.4642526Z         "extractor_root" : "/opt/hostedtoolcache/CodeQL/2.23.5/x64/codeql/csv"
2025-11-24T02:18:22.4642861Z       }
2025-11-24T02:18:22.4643024Z     ],
2025-11-24T02:18:22.4643199Z     "cpp" : [
2025-11-24T02:18:22.4643366Z       {
2025-11-24T02:18:22.4643680Z         "extractor_root" : "/opt/hostedtoolcache/CodeQL/2.23.5/x64/codeql/cpp",
2025-11-24T02:18:22.4644209Z         "extractor_options" : {
2025-11-24T02:18:22.4644444Z           "trap" : {
2025-11-24T02:18:22.4644673Z             "title" : "TRAP options",
2025-11-24T02:18:22.4645060Z             "description" : "Options about how the extractor handles TRAP files",
2025-11-24T02:18:22.4645424Z             "type" : "object",
2025-11-24T02:18:22.4645650Z             "visibility" : 3,
2025-11-24T02:18:22.4645879Z             "properties" : {
2025-11-24T02:18:22.4646094Z               "cache" : {
2025-11-24T02:18:22.4646348Z                 "title" : "TRAP cache options",
2025-11-24T02:18:22.4646803Z                 "description" : "Options about how the extractor handles its TRAP cache",
2025-11-24T02:18:22.4647184Z                 "type" : "object",
2025-11-24T02:18:22.4647639Z                 "properties" : {
2025-11-24T02:18:22.4647881Z                   "dir" : {
2025-11-24T02:18:22.4648148Z                     "title" : "TRAP cache directory",
2025-11-24T02:18:22.4648542Z                     "description" : "The directory of the TRAP cache to use",
2025-11-24T02:18:22.4648896Z                     "type" : "string"
2025-11-24T02:18:22.4649135Z                   },
2025-11-24T02:18:22.4649334Z                   "bound" : {
2025-11-24T02:18:22.4649599Z                     "title" : "TRAP cache bound",
2025-11-24T02:18:22.4650005Z                     "description" : "A soft limit (in MB) on the size of the TRAP cache",
2025-11-24T02:18:22.4650378Z                     "type" : "string",
2025-11-24T02:18:22.4650646Z                     "pattern" : "[0-9]+"
2025-11-24T02:18:22.4650892Z                   },
2025-11-24T02:18:22.4651089Z                   "write" : {
2025-11-24T02:18:22.4651361Z                     "title" : "TRAP cache writeable",
2025-11-24T02:18:22.4651914Z                     "description" : "Whether to write to the TRAP cache as well as reading it",
2025-11-24T02:18:22.4652316Z                     "type" : "string",
2025-11-24T02:18:22.4652623Z                     "pattern" : "(true|TRUE|false|FALSE)"
2025-11-24T02:18:22.4652892Z                   }
2025-11-24T02:18:22.4653076Z                 }
2025-11-24T02:18:22.4653258Z               }
2025-11-24T02:18:22.4653439Z             }
2025-11-24T02:18:22.4653614Z           },
2025-11-24T02:18:22.4653818Z           "scale_timeouts" : {
2025-11-24T02:18:22.4654169Z             "title" : "Value to scale compiler introspection timeouts with",
2025-11-24T02:18:22.4655677Z             "description" : "The extractor attempts to determine what compiler the source code being extracted is compiled with. To this end the extractor makes additional calls to the compiler, some of which are expected to return within a certain fixed time (either 10s or 15s). On some systems that are under high load this time might be too short, and can be scaled up using this option.\n",
2025-11-24T02:18:22.4656935Z             "type" : "string",
2025-11-24T02:18:22.4657178Z             "pattern" : "[0-9]+"
2025-11-24T02:18:22.4657592Z           },
2025-11-24T02:18:22.4657785Z           "log_verbosity" : {
2025-11-24T02:18:22.4658081Z             "title" : "Verbosity of the extractor logging",
2025-11-24T02:18:22.4658727Z             "description" : "Set the verbosity of the extractor logging to 'quiet' (0), 'normal' (1), 'chatty' (2), or 'noisy' (3). The default is 'normal'.\n",
2025-11-24T02:18:22.4659265Z             "type" : "string",
2025-11-24T02:18:22.4659497Z             "pattern" : "[0-3]"
2025-11-24T02:18:22.4659709Z           },
2025-11-24T02:18:22.4659914Z           "frontend_options" : {
2025-11-24T02:18:22.4660203Z             "title" : "C/C++ extractor frontend options",
2025-11-24T02:18:22.4660714Z             "description" : "Set additional options that should be passed to the C/C++ extractor frontend.\n",
2025-11-24T02:18:22.4661145Z             "type" : "array",
2025-11-24T02:18:22.4661371Z             "visibility" : 3
2025-11-24T02:18:22.4661580Z           }
2025-11-24T02:18:22.4661874Z         }
2025-11-24T02:18:22.4662039Z       }
2025-11-24T02:18:22.4662204Z     ],
2025-11-24T02:18:22.4662373Z     "java" : [
2025-11-24T02:18:22.4662545Z       {
2025-11-24T02:18:22.4662867Z         "extractor_root" : "/opt/hostedtoolcache/CodeQL/2.23.5/x64/codeql/java",
2025-11-24T02:18:22.4663243Z         "extractor_options" : {
2025-11-24T02:18:22.4663472Z           "exclude" : {
2025-11-24T02:18:22.4663746Z             "title" : "A glob excluding files from analysis.",
2025-11-24T02:18:22.4664516Z             "description" : "A glob indicating what files to exclude from the analysis. This accepts glob patterns that are supported by Java's 'getPathMatcher' implementation.\n",
2025-11-24T02:18:22.4665152Z             "type" : "string"
2025-11-24T02:18:22.4665361Z           },
2025-11-24T02:18:22.4665566Z           "add_prefer_source" : {
2025-11-24T02:18:22.4665932Z             "title" : "Whether to always prefer source files over class files.",
2025-11-24T02:18:22.4667129Z             "description" : "A value indicating whether source files should be preferred over class files. If set to 'true', the extraction adds '-Xprefer:source' to the javac command line. If set to 'false', the extraction uses the default javac behavior ('-Xprefer:newer'). The default is 'true'.\n",
2025-11-24T02:18:22.4668401Z             "type" : "string",
2025-11-24T02:18:22.4668661Z             "pattern" : "^(false|true)$"
2025-11-24T02:18:22.4668901Z           },
2025-11-24T02:18:22.4669087Z           "buildless" : {
2025-11-24T02:18:22.4669459Z             "title" : "Whether to use buildless (standalone) extraction (experimental).",
2025-11-24T02:18:22.4671394Z             "description" : "A value indicating, which type of extraction the autobuilder should perform. If 'true', then the standalone extractor will be used, otherwise tracing extraction will be performed. The default is 'false'. Note that buildless extraction will generally yield less accurate analysis results, and should only be used in cases where it is not possible to build the code (for example if it uses inaccessible dependencies).\n",
2025-11-24T02:18:22.4672829Z             "type" : "string",
2025-11-24T02:18:22.4673082Z             "pattern" : "^(false|true)$"
2025-11-24T02:18:22.4673318Z           },
2025-11-24T02:18:22.4673538Z           "buildless_dependency_dir" : {
2025-11-24T02:18:22.4673985Z             "title" : "The path where buildless (standalone) extraction should keep dependencies.",
2025-11-24T02:18:22.4674648Z             "description" : "If set, the buildless (standalone) extractor will store dependencies in this directory.\n",
2025-11-24T02:18:22.4675104Z             "type" : "string"
2025-11-24T02:18:22.4675309Z           },
2025-11-24T02:18:22.4675528Z           "minimize_dependency_jars" : {
2025-11-24T02:18:22.4675974Z             "title" : "Whether to rewrite and minimize downloaded JAR dependencies (experimental).",
2025-11-24T02:18:22.4676850Z             "description" : "If 'true', JAR dependencies downloaded during extraction will be rewritten to remove unneeded data, such as method bodies. The default is 'false'.\n",
2025-11-24T02:18:22.4677683Z             "type" : "string",
2025-11-24T02:18:22.4677938Z             "pattern" : "^(false|true)$"
2025-11-24T02:18:22.4678174Z           }
2025-11-24T02:18:22.4678341Z         }
2025-11-24T02:18:22.4678502Z       }
2025-11-24T02:18:22.4678663Z     ],
2025-11-24T02:18:22.4678832Z     "html" : [
2025-11-24T02:18:22.4679012Z       {
2025-11-24T02:18:22.4679327Z         "extractor_root" : "/opt/hostedtoolcache/CodeQL/2.23.5/x64/codeql/html"
2025-11-24T02:18:22.4679664Z       }
2025-11-24T02:18:22.4679821Z     ],
2025-11-24T02:18:22.4679990Z     "yaml" : [
2025-11-24T02:18:22.4680160Z       {
2025-11-24T02:18:22.4680523Z         "extractor_root" : "/opt/hostedtoolcache/CodeQL/2.23.5/x64/codeql/yaml"
2025-11-24T02:18:22.4680851Z       }
2025-11-24T02:18:22.4681009Z     ],
2025-11-24T02:18:22.4681173Z     "swift" : [
2025-11-24T02:18:22.4681353Z       {
2025-11-24T02:18:22.4681660Z         "extractor_root" : "/opt/hostedtoolcache/CodeQL/2.23.5/x64/codeql/swift"
2025-11-24T02:18:22.4682115Z       }
2025-11-24T02:18:22.4682274Z     ],
2025-11-24T02:18:22.4682450Z     "properties" : [
2025-11-24T02:18:22.4682655Z       {
2025-11-24T02:18:22.4682990Z         "extractor_root" : "/opt/hostedtoolcache/CodeQL/2.23.5/x64/codeql/properties"
2025-11-24T02:18:22.4683357Z       }
2025-11-24T02:18:22.4683518Z     ],
2025-11-24T02:18:22.4683686Z     "ruby" : [
2025-11-24T02:18:22.4683852Z       {
2025-11-24T02:18:22.4684159Z         "extractor_root" : "/opt/hostedtoolcache/CodeQL/2.23.5/x64/codeql/ruby",
2025-11-24T02:18:22.4684527Z         "extractor_options" : {
2025-11-24T02:18:22.4684756Z           "trap" : {
2025-11-24T02:18:22.4685005Z             "title" : "Options pertaining to TRAP.",
2025-11-24T02:18:22.4685359Z             "description" : "Options pertaining to TRAP.",
2025-11-24T02:18:22.4685671Z             "type" : "object",
2025-11-24T02:18:22.4685898Z             "properties" : {
2025-11-24T02:18:22.4686143Z               "compression" : {
2025-11-24T02:18:22.4686545Z                 "title" : "Controls compression for the TRAP files written by the extractor.",
2025-11-24T02:18:22.4687839Z                 "description" : "This option is only intended for use in debugging the extractor. Accepted values are 'gzip' (the default, to write gzip-compressed TRAP) 'zstd' (to write Zstandard-compressed TRAP) and 'none' (to write uncompressed TRAP).\n",
2025-11-24T02:18:22.4688720Z                 "type" : "string",
2025-11-24T02:18:22.4689003Z                 "pattern" : "^(none|gzip|zstd)$"
2025-11-24T02:18:22.4689252Z               }
2025-11-24T02:18:22.4689433Z             }
2025-11-24T02:18:22.4689603Z           }
2025-11-24T02:18:22.4689771Z         }
2025-11-24T02:18:22.4689928Z       }
2025-11-24T02:18:22.4690092Z     ],
2025-11-24T02:18:22.4690261Z     "go" : [
2025-11-24T02:18:22.4690432Z       {
2025-11-24T02:18:22.4690852Z         "extractor_root" : "/opt/hostedtoolcache/CodeQL/2.23.5/x64/codeql/go",
2025-11-24T02:18:22.4691237Z         "extractor_options" : {
2025-11-24T02:18:22.4691467Z           "extract_tests" : {
2025-11-24T02:18:22.4691823Z             "title" : "Whether to include Go test files in the CodeQL database.",
2025-11-24T02:18:22.4692494Z             "description" : "A value indicating whether Go test files should be included in the CodeQL database. The default is 'false'.\n",
2025-11-24T02:18:22.4693025Z             "type" : "string",
2025-11-24T02:18:22.4693282Z             "pattern" : "^(false|true)$"
2025-11-24T02:18:22.4693526Z           },
2025-11-24T02:18:22.4693729Z           "extract_vendor_dirs" : {
2025-11-24T02:18:22.4694126Z             "title" : "Whether to include Go vendor directories in the CodeQL database.",
2025-11-24T02:18:22.4694858Z             "description" : "A value indicating whether Go vendor directories should be included in the CodeQL database. The default is 'false'.\n",
2025-11-24T02:18:22.4695419Z             "type" : "string",
2025-11-24T02:18:22.4695671Z             "pattern" : "^(false|true)$"
2025-11-24T02:18:22.4695909Z           }
2025-11-24T02:18:22.4696074Z         }
2025-11-24T02:18:22.4696234Z       }
2025-11-24T02:18:22.4696392Z     ],
2025-11-24T02:18:22.4696561Z     "csharp" : [
2025-11-24T02:18:22.4696740Z       {
2025-11-24T02:18:22.4697065Z         "extractor_root" : "/opt/hostedtoolcache/CodeQL/2.23.5/x64/codeql/csharp",
2025-11-24T02:18:22.4697640Z         "extractor_options" : {
2025-11-24T02:18:22.4697890Z           "trap" : {
2025-11-24T02:18:22.4698143Z             "title" : "Options pertaining to TRAP.",
2025-11-24T02:18:22.4698484Z             "description" : "Options pertaining to TRAP.",
2025-11-24T02:18:22.4698781Z             "type" : "object",
2025-11-24T02:18:22.4699006Z             "properties" : {
2025-11-24T02:18:22.4699248Z               "compression" : {
2025-11-24T02:18:22.4699647Z                 "title" : "Controls compression for the TRAP files written by the extractor.",
2025-11-24T02:18:22.4700636Z                 "description" : "This option is only intended for use in debugging the extractor. Accepted values are 'brotli' (the default, to write brotli-compressed TRAP), 'gzip', and 'none' (to write uncompressed TRAP).\n",
2025-11-24T02:18:22.4701530Z                 "type" : "string",
2025-11-24T02:18:22.4701812Z                 "pattern" : "^(none|gzip|brotli)$"
2025-11-24T02:18:22.4702065Z               }
2025-11-24T02:18:22.4702244Z             }
2025-11-24T02:18:22.4702413Z           },
2025-11-24T02:18:22.4702595Z           "buildless" : {
2025-11-24T02:18:22.4702968Z             "title" : "DEPRECATED - Whether to use buildless (standalone) extraction.",
2025-11-24T02:18:22.4704880Z             "description" : "DEPRECATED: Use `--build-mode none` instead.\nA value indicating, which type of extraction the autobuilder should perform. If 'true', then the standalone extractor will be used, otherwise tracing extraction will be performed. The default is 'false'. Note that buildless extraction will generally yield less accurate analysis results, and should only be used in cases where it is not possible to build the code (for example if it uses inaccessible dependencies).\n",
2025-11-24T02:18:22.4706453Z             "type" : "string",
2025-11-24T02:18:22.4706705Z             "pattern" : "^(false|true)$"
2025-11-24T02:18:22.4706942Z           },
2025-11-24T02:18:22.4707128Z           "logging" : {
2025-11-24T02:18:22.4707595Z             "title" : "Options pertaining to logging.",
2025-11-24T02:18:22.4708109Z             "description" : "Options pertaining to logging.",
2025-11-24T02:18:22.4708421Z             "type" : "object",
2025-11-24T02:18:22.4708646Z             "properties" : {
2025-11-24T02:18:22.4708871Z               "verbosity" : {
2025-11-24T02:18:22.4709161Z                 "title" : "Extractor logging verbosity level.",
2025-11-24T02:18:22.4710311Z                 "description" : "Controls the level of verbosity of the extractor. The supported levels are (in order of increasing verbosity):\n  - off\n  - errors\n  - warnings\n  - info or progress\n  - debug or progress+\n  - trace or progress++\n  - progress+++\n",
2025-11-24T02:18:22.4711198Z                 "type" : "string",
2025-11-24T02:18:22.4711717Z                 "pattern" : "^(off|errors|warnings|(info|progress)|(debug|progress\\+)|(trace|progress\\+\\+)|progress\\+\\+\\+)$"
2025-11-24T02:18:22.4712166Z               }
2025-11-24T02:18:22.4712342Z             }
2025-11-24T02:18:22.4712509Z           },
2025-11-24T02:18:22.4712687Z           "binlog" : {
2025-11-24T02:18:22.4712914Z             "title" : "Binlog",
2025-11-24T02:18:22.4713641Z             "description" : "[EXPERIMENTAL] The value is a path to the MsBuild binary log file that should be extracted. This option only works when `--build-mode none` is also specified.\n",
2025-11-24T02:18:22.4714290Z             "type" : "array"
2025-11-24T02:18:22.4714490Z           }
2025-11-24T02:18:22.4714655Z         }
2025-11-24T02:18:22.4714824Z       }
2025-11-24T02:18:22.4714980Z     ],
2025-11-24T02:18:22.4715155Z     "actions" : [
2025-11-24T02:18:22.4715337Z       {
2025-11-24T02:18:22.4715666Z         "extractor_root" : "/opt/hostedtoolcache/CodeQL/2.23.5/x64/codeql/actions",
2025-11-24T02:18:22.4716048Z         "extractor_options" : {
2025-11-24T02:18:22.4716273Z           "trap" : {
2025-11-24T02:18:22.4716506Z             "title" : "TRAP options",
2025-11-24T02:18:22.4716899Z             "description" : "Options about how the extractor handles TRAP files",
2025-11-24T02:18:22.4717264Z             "type" : "object",
2025-11-24T02:18:22.4717716Z             "visibility" : 3,
2025-11-24T02:18:22.4717997Z             "properties" : {
2025-11-24T02:18:22.4718217Z               "cache" : {
2025-11-24T02:18:22.4718465Z                 "title" : "TRAP cache options",
2025-11-24T02:18:22.4718883Z                 "description" : "Options about how the extractor handles its TRAP cache",
2025-11-24T02:18:22.4719275Z                 "type" : "object",
2025-11-24T02:18:22.4719533Z                 "properties" : {
2025-11-24T02:18:22.4719894Z                   "dir" : {
2025-11-24T02:18:22.4720163Z                     "title" : "TRAP cache directory",
2025-11-24T02:18:22.4720540Z                     "description" : "The directory of the TRAP cache to use",
2025-11-24T02:18:22.4720884Z                     "type" : "string"
2025-11-24T02:18:22.4721114Z                   },
2025-11-24T02:18:22.4721307Z                   "bound" : {
2025-11-24T02:18:22.4721570Z                     "title" : "TRAP cache bound",
2025-11-24T02:18:22.4721967Z                     "description" : "A soft limit (in MB) on the size of the TRAP cache",
2025-11-24T02:18:22.4722334Z                     "type" : "string",
2025-11-24T02:18:22.4722603Z                     "pattern" : "[0-9]+"
2025-11-24T02:18:22.4722847Z                   },
2025-11-24T02:18:22.4723041Z                   "write" : {
2025-11-24T02:18:22.4723308Z                     "title" : "TRAP cache writeable",
2025-11-24T02:18:22.4723738Z                     "description" : "Whether to write to the TRAP cache as well as reading it",
2025-11-24T02:18:22.4724132Z                     "type" : "string",
2025-11-24T02:18:22.4724434Z                     "pattern" : "(true|TRUE|false|FALSE)"
2025-11-24T02:18:22.4724697Z                   }
2025-11-24T02:18:22.4724875Z                 }
2025-11-24T02:18:22.4725054Z               }
2025-11-24T02:18:22.4725230Z             }
2025-11-24T02:18:22.4725401Z           }
2025-11-24T02:18:22.4725563Z         }
2025-11-24T02:18:22.4725728Z       }
2025-11-24T02:18:22.4725889Z     ]
2025-11-24T02:18:22.4726045Z   }
2025-11-24T02:18:22.4726205Z }
2025-11-24T02:18:22.5055753Z Found 1 languages that support TRAP caching
2025-11-24T02:18:22.5125531Z Looking in Actions cache for TRAP cache with key codeql-trap-1-2.23.5-javascript-e6495474400f6858d4698c288d18ca1c04a26b34
2025-11-24T02:18:22.6269736Z No TRAP cache found in Actions cache for javascript
2025-11-24T02:18:22.6275885Z Using overlay database mode: none without caching.
2025-11-24T02:18:22.6277261Z ##[endgroup]
2025-11-24T02:18:22.6294292Z While resolving threads, found a cgroup CPUs file with 4 CPUs in /sys/fs/cgroup/cpuset.cpus.effective.
2025-11-24T02:18:23.5230558Z Writing augmented user configuration file to /home/runner/work/_temp/user-config.yaml
2025-11-24T02:18:23.5231376Z ##[group]Augmented user configuration file contents
2025-11-24T02:18:23.5244865Z query-filters:
2025-11-24T02:18:23.5245217Z   - exclude:
2025-11-24T02:18:23.5245623Z       tags: exclude-from-incremental
2025-11-24T02:18:23.5245824Z 
2025-11-24T02:18:23.5246104Z ##[endgroup]
2025-11-24T02:18:23.5249662Z [command]/opt/hostedtoolcache/CodeQL/2.23.5/x64/codeql/codeql database init --force-overwrite --db-cluster /home/runner/work/_temp/codeql_databases --source-root=/home/runner/work/crosslist/crosslist --calculate-language-specific-baseline --extractor-include-aliases --sublanguage-file-coverage --language=javascript --codescanning-config=/home/runner/work/_temp/user-config.yaml
2025-11-24T02:18:24.7313004Z Package install location: /home/runner/.codeql/packages
2025-11-24T02:18:24.7347961Z Nothing downloaded.
2025-11-24T02:18:25.5809125Z Calculating baseline information in /home/runner/work/crosslist/crosslist
2025-11-24T02:18:25.6645304Z Running command in /home/runner/work/crosslist/crosslist: [/opt/hostedtoolcache/CodeQL/2.23.5/x64/codeql/actions/tools/configure-baseline.sh]
2025-11-24T02:18:25.6829696Z Running command in /home/runner/work/crosslist/crosslist: [/opt/hostedtoolcache/CodeQL/2.23.5/x64/codeql/javascript/tools/configure-baseline.sh]
2025-11-24T02:18:25.6902322Z Calculated baseline information for languages: actions, javascript, python, typescript (107ms).
2025-11-24T02:18:28.8135626Z Resolving extractor javascript.
2025-11-24T02:18:28.8185385Z Successfully loaded extractor JavaScript/TypeScript (javascript) from /opt/hostedtoolcache/CodeQL/2.23.5/x64/codeql/javascript.
2025-11-24T02:18:28.8391570Z Created skeleton CodeQL database at /home/runner/work/_temp/codeql_databases/javascript. This in-progress database is ready to be populated by an extractor.
2025-11-24T02:18:29.9805434Z ##[group]Run npx turbo run lint --filter=web --filter=chrome-extension --filter=docs --filter=e2e --filter=tui
2025-11-24T02:18:29.9806166Z [36;1mnpx turbo run lint --filter=web --filter=chrome-extension --filter=docs --filter=e2e --filter=tui[0m
2025-11-24T02:18:29.9838749Z shell: /usr/bin/bash -e {0}
2025-11-24T02:18:29.9838978Z env:
2025-11-24T02:18:29.9839218Z   SUPABASE_URL: 'https://xyzcompanytest.supabase.co'
2025-11-24T02:18:29.9840454Z   SUPABASE_SERVICE_KEY: '***'
2025-11-24T02:18:29.9840687Z   NODE_VERSION: 20
2025-11-24T02:18:29.9840871Z   PYTHON_VERSION: 3.12
2025-11-24T02:18:29.9841114Z   TURBO_TOKEN: ***
2025-11-24T02:18:29.9841311Z   TURBO_TEAM: ***
2025-11-24T02:18:29.9841521Z   CODEQL_ACTION_FEATURE_MULTI_LANGUAGE: false
2025-11-24T02:18:29.9841796Z   CODEQL_ACTION_FEATURE_SANDWICH: false
2025-11-24T02:18:29.9842060Z   CODEQL_ACTION_FEATURE_SARIF_COMBINE: true
2025-11-24T02:18:29.9842326Z   CODEQL_ACTION_FEATURE_WILL_UPLOAD: true
2025-11-24T02:18:29.9842610Z   CODEQL_ACTION_VERSION: 3.31.4
2025-11-24T02:18:29.9842859Z   CODEQL_ACTION_DID_LOG_VERSION_DEPRECATION: true
2025-11-24T02:18:29.9843164Z   JOB_RUN_UUID: cd8c95e8-e102-4530-963d-931c3d598665
2025-11-24T02:18:29.9843445Z   CODEQL_ACTION_INIT_HAS_RUN: true
2025-11-24T02:18:29.9843772Z   CODEQL_ACTION_ANALYSIS_KEY: .github/workflows/ci.yml:frontend-tests
2025-11-24T02:18:29.9844141Z   CODEQL_WORKFLOW_STARTED_AT: 2025-11-24T02:18:12.716Z
2025-11-24T02:18:29.9844408Z   CODEQL_RAM: 14581
2025-11-24T02:18:29.9844590Z   CODEQL_THREADS: 4
2025-11-24T02:18:29.9844766Z ##[endgroup]
2025-11-24T02:18:30.3561877Z 
2025-11-24T02:18:30.3562065Z Attention:
2025-11-24T02:18:30.3562926Z Turborepo now collects completely anonymous telemetry regarding usage.
2025-11-24T02:18:30.3564096Z This information is used to shape the Turborepo roadmap and prioritize features.
2025-11-24T02:18:30.3565442Z You can learn more, including how to opt-out if you'd not like to participate in this anonymous program, by visiting the following URL:
2025-11-24T02:18:30.3566333Z https://turborepo.com/docs/telemetry
2025-11-24T02:18:30.3566592Z 
2025-11-24T02:18:30.5663376Z   x No package found with name 'tui' in workspace
2025-11-24T02:18:30.5664151Z 
2025-11-24T02:18:30.5802237Z ##[error]Process completed with exit code 1.
2025-11-24T02:18:30.5873391Z Post job cleanup.
2025-11-24T02:18:31.7380630Z [command]/opt/hostedtoolcache/CodeQL/2.23.5/x64/codeql/codeql database export-diagnostics /home/runner/work/_temp/codeql_databases --db-cluster --format=sarif-latest --output=../codeql-failed-run.sarif --sarif-include-diagnostics -vvv
2025-11-24T02:18:32.2118377Z Writing logs to /home/runner/work/_temp/codeql_databases/log/database-export-diagnostics-20251124.021832.208.log.
2025-11-24T02:18:32.4369003Z Interpreting diagnostic messages...
2025-11-24T02:18:32.4383244Z Looking for diagnostics in /home/runner/work/_temp/codeql_databases/javascript/diagnostic...
2025-11-24T02:18:32.4388363Z Looking for diagnostics in /home/runner/work/_temp/codeql_databases/javascript/diagnostic/codeql-action...
2025-11-24T02:18:32.4391760Z Found diagnostics file /home/runner/work/_temp/codeql_databases/javascript/diagnostic/codeql-action/codeql-action-2025-11-24T021822.627Z.json.
2025-11-24T02:18:32.4722069Z Found diagnostics file /home/runner/work/_temp/codeql_databases/javascript/diagnostic/codeql-action/codeql-action-2025-11-24T021822.628Z.json.
2025-11-24T02:18:32.4771978Z Found diagnostics file /home/runner/work/_temp/codeql_databases/javascript/diagnostic/cli-diagnostics-add-20251124T021828.802Z.json.
2025-11-24T02:18:32.4825773Z Won't look for diagnostics in /home/runner/work/_temp/codeql_databases/diagnostic since this directory does not exist.
2025-11-24T02:18:32.4832847Z Found 3 raw diagnostic messages.
2025-11-24T02:18:32.4973799Z Processed diagnostic messages (removed 0 due to limits, created 0 summary diagnostics for status page).
2025-11-24T02:18:32.4994616Z Interpreted diagnostic messages (61ms).
2025-11-24T02:18:32.6247259Z Uploading failed SARIF file ../codeql-failed-run.sarif
2025-11-24T02:18:32.6251679Z Post-processing sarif files: ["../codeql-failed-run.sarif"]
2025-11-24T02:18:32.6263215Z Adding fingerprints to SARIF file. See https://docs.github.com/en/enterprise-cloud@latest/code-security/code-scanning/integrating-with-code-scanning/sarif-support-for-code-scanning#providing-data-to-track-code-scanning-alerts-across-runs for more information.
2025-11-24T02:18:32.6265617Z ##[group]Uploading code scanning results
2025-11-24T02:18:32.7347113Z Uploading results
2025-11-24T02:18:33.1269895Z Successfully uploaded results
2025-11-24T02:18:33.1270861Z ##[endgroup]
2025-11-24T02:18:33.1271836Z ##[group]Waiting for processing to finish
2025-11-24T02:18:33.2663279Z Analysis upload status is pending.
2025-11-24T02:18:38.4507286Z Analysis upload status is failed.
2025-11-24T02:18:38.4508988Z Successfully uploaded a SARIF file for the unsuccessful execution. Received expected "unsuccessful execution" processing error, and no other errors.
2025-11-24T02:18:38.4511776Z ##[endgroup]
2025-11-24T02:18:38.4560741Z CodeQL job status was configuration error.
2025-11-24T02:18:38.4610373Z Sending status report for init-post step.
2025-11-24T02:18:38.6049919Z Status report sent for init-post step.
2025-11-24T02:18:38.6181700Z Post job cleanup.
2025-11-24T02:18:38.7113059Z [command]/usr/bin/git version
2025-11-24T02:18:38.7148634Z git version 2.51.2
2025-11-24T02:18:38.7198862Z Temporarily overriding HOME='/home/runner/work/_temp/3bb332fa-12ba-422a-9c09-e2d0ed1daea2' before making global git config changes
2025-11-24T02:18:38.7200335Z Adding repository directory to the temporary git global config as a safe directory
2025-11-24T02:18:38.7205287Z [command]/usr/bin/git config --global --add safe.directory /home/runner/work/crosslist/crosslist
2025-11-24T02:18:38.7239205Z [command]/usr/bin/git config --local --name-only --get-regexp core\.sshCommand
2025-11-24T02:18:38.7271378Z [command]/usr/bin/git submodule foreach --recursive sh -c "git config --local --name-only --get-regexp 'core\.sshCommand' && git config --local --unset-all 'core.sshCommand' || :"
2025-11-24T02:18:38.7499474Z [command]/usr/bin/git config --local --name-only --get-regexp http\.https\:\/\/github\.com\/\.extraheader
2025-11-24T02:18:38.7519648Z http.https://github.com/.extraheader
2025-11-24T02:18:38.7532036Z [command]/usr/bin/git config --local --unset-all http.https://github.com/.extraheader
2025-11-24T02:18:38.7561656Z [command]/usr/bin/git submodule foreach --recursive sh -c "git config --local --name-only --get-regexp 'http\.https\:\/\/github\.com\/\.extraheader' && git config --local --unset-all 'http.https://github.com/.extraheader' || :"
2025-11-24T02:18:38.7777501Z [command]/usr/bin/git config --local --name-only --get-regexp ^includeIf\.gitdir:
2025-11-24T02:18:38.7808306Z [command]/usr/bin/git submodule foreach --recursive git config --local --show-origin --name-only --get-regexp remote.origin.url
2025-11-24T02:18:38.8138598Z Cleaning up orphan processes
