2025-11-24T02:17:52.4613104Z Current runner version: '2.329.0'
2025-11-24T02:17:52.4636005Z ##[group]Runner Image Provisioner
2025-11-24T02:17:52.4636868Z Hosted Compute Agent
2025-11-24T02:17:52.4637539Z Version: 20251016.436
2025-11-24T02:17:52.4638606Z Commit: 8ab8ac8bfd662a3739dab9fe09456aba92132568
2025-11-24T02:17:52.4639354Z Build Date: 2025-10-15T20:44:12Z
2025-11-24T02:17:52.4640056Z ##[endgroup]
2025-11-24T02:17:52.4640656Z ##[group]Operating System
2025-11-24T02:17:52.4641235Z Ubuntu
2025-11-24T02:17:52.4641763Z 24.04.3
2025-11-24T02:17:52.4642279Z LTS
2025-11-24T02:17:52.4642754Z ##[endgroup]
2025-11-24T02:17:52.4643303Z ##[group]Runner Image
2025-11-24T02:17:52.4643913Z Image: ubuntu-24.04
2025-11-24T02:17:52.4644449Z Version: 20251112.124.1
2025-11-24T02:17:52.4645586Z Included Software: https://github.com/actions/runner-images/blob/ubuntu24/20251112.124/images/ubuntu/Ubuntu2404-Readme.md
2025-11-24T02:17:52.4647140Z Image Release: https://github.com/actions/runner-images/releases/tag/ubuntu24%2F20251112.124
2025-11-24T02:17:52.4648641Z ##[endgroup]
2025-11-24T02:17:52.4651367Z ##[group]GITHUB_TOKEN Permissions
2025-11-24T02:17:52.4653682Z Actions: write
2025-11-24T02:17:52.4654271Z ArtifactMetadata: write
2025-11-24T02:17:52.4654864Z Attestations: write
2025-11-24T02:17:52.4655523Z Checks: write
2025-11-24T02:17:52.4656055Z Contents: write
2025-11-24T02:17:52.4656553Z Deployments: write
2025-11-24T02:17:52.4657205Z Discussions: write
2025-11-24T02:17:52.4657756Z Issues: write
2025-11-24T02:17:52.4658419Z Metadata: read
2025-11-24T02:17:52.4659029Z Models: read
2025-11-24T02:17:52.4659556Z Packages: write
2025-11-24T02:17:52.4660071Z Pages: write
2025-11-24T02:17:52.4660660Z PullRequests: write
2025-11-24T02:17:52.4661230Z RepositoryProjects: write
2025-11-24T02:17:52.4661875Z SecurityEvents: write
2025-11-24T02:17:52.4662525Z Statuses: write
2025-11-24T02:17:52.4663056Z ##[endgroup]
2025-11-24T02:17:52.4665042Z Secret source: Actions
2025-11-24T02:17:52.4665909Z Prepare workflow directory
2025-11-24T02:17:52.5259880Z Prepare all required actions
2025-11-24T02:17:52.5296541Z Getting action download info
2025-11-24T02:17:52.9853074Z Download action repository 'actions/checkout@v4' (SHA:34e114876b0b11c390a56381ad16ebd13914f8d5)
2025-11-24T02:17:53.5707462Z Download action repository 'astral-sh/setup-uv@v4' (SHA:38f3f104447c67c051c4a08e39b64a148898af3a)
2025-11-24T02:17:54.1672881Z Download action repository 'actions/upload-artifact@v4' (SHA:ea165f8d65b6e75b540449e92b4886f43607fa02)
2025-11-24T02:17:54.3745636Z Complete job name: Backend Tests (Python + pytest)
2025-11-24T02:17:54.4558441Z ##[group]Run actions/checkout@v4
2025-11-24T02:17:54.4559847Z with:
2025-11-24T02:17:54.4560698Z   repository: RosagerImaging/crosslist
2025-11-24T02:17:54.4562042Z   token: ***
2025-11-24T02:17:54.4562829Z   ssh-strict: true
2025-11-24T02:17:54.4563663Z   ssh-user: git
2025-11-24T02:17:54.4564504Z   persist-credentials: true
2025-11-24T02:17:54.4565438Z   clean: true
2025-11-24T02:17:54.4566306Z   sparse-checkout-cone-mode: true
2025-11-24T02:17:54.4567347Z   fetch-depth: 1
2025-11-24T02:17:54.4568495Z   fetch-tags: false
2025-11-24T02:17:54.4569406Z   show-progress: true
2025-11-24T02:17:54.4570263Z   lfs: false
2025-11-24T02:17:54.4571051Z   submodules: false
2025-11-24T02:17:54.4571914Z   set-safe-directory: true
2025-11-24T02:17:54.4573118Z env:
2025-11-24T02:17:54.4574082Z   SUPABASE_URL: 'https://xyzcompanytest.supabase.co'
2025-11-24T02:17:54.4578543Z   SUPABASE_SERVICE_KEY: '***'
2025-11-24T02:17:54.4579513Z   NODE_VERSION: 20
2025-11-24T02:17:54.4580398Z   PYTHON_VERSION: 3.12
2025-11-24T02:17:54.4581353Z   TURBO_TOKEN: ***
2025-11-24T02:17:54.4582186Z   TURBO_TEAM: ***
2025-11-24T02:17:54.4582983Z ##[endgroup]
2025-11-24T02:17:54.5711815Z Syncing repository: RosagerImaging/crosslist
2025-11-24T02:17:54.5715660Z ##[group]Getting Git version info
2025-11-24T02:17:54.5718500Z Working directory is '/home/runner/work/crosslist/crosslist'
2025-11-24T02:17:54.5722020Z [command]/usr/bin/git version
2025-11-24T02:17:54.5794940Z git version 2.51.2
2025-11-24T02:17:54.5823299Z ##[endgroup]
2025-11-24T02:17:54.5836554Z Temporarily overriding HOME='/home/runner/work/_temp/f3711f4b-3292-4e1c-8299-c93d2dfa49ec' before making global git config changes
2025-11-24T02:17:54.5839730Z Adding repository directory to the temporary git global config as a safe directory
2025-11-24T02:17:54.5842575Z [command]/usr/bin/git config --global --add safe.directory /home/runner/work/crosslist/crosslist
2025-11-24T02:17:54.5880811Z Deleting the contents of '/home/runner/work/crosslist/crosslist'
2025-11-24T02:17:54.5883997Z ##[group]Initializing the repository
2025-11-24T02:17:54.5888218Z [command]/usr/bin/git init /home/runner/work/crosslist/crosslist
2025-11-24T02:17:54.6003084Z hint: Using 'master' as the name for the initial branch. This default branch name
2025-11-24T02:17:54.6006604Z hint: is subject to change. To configure the initial branch name to use in all
2025-11-24T02:17:54.6011522Z hint: of your new repositories, which will suppress this warning, call:
2025-11-24T02:17:54.6015003Z hint:
2025-11-24T02:17:54.6016600Z hint: 	git config --global init.defaultBranch <name>
2025-11-24T02:17:54.6018880Z hint:
2025-11-24T02:17:54.6020907Z hint: Names commonly chosen instead of 'master' are 'main', 'trunk' and
2025-11-24T02:17:54.6024238Z hint: 'development'. The just-created branch can be renamed via this command:
2025-11-24T02:17:54.6026695Z hint:
2025-11-24T02:17:54.6028087Z hint: 	git branch -m <name>
2025-11-24T02:17:54.6029044Z hint:
2025-11-24T02:17:54.6030305Z hint: Disable this message with "git config set advice.defaultBranchName false"
2025-11-24T02:17:54.6032521Z Initialized empty Git repository in /home/runner/work/crosslist/crosslist/.git/
2025-11-24T02:17:54.6037786Z [command]/usr/bin/git remote add origin https://github.com/RosagerImaging/crosslist
2025-11-24T02:17:54.6058654Z ##[endgroup]
2025-11-24T02:17:54.6061255Z ##[group]Disabling automatic garbage collection
2025-11-24T02:17:54.6063579Z [command]/usr/bin/git config --local gc.auto 0
2025-11-24T02:17:54.6092885Z ##[endgroup]
2025-11-24T02:17:54.6095223Z ##[group]Setting up auth
2025-11-24T02:17:54.6100511Z [command]/usr/bin/git config --local --name-only --get-regexp core\.sshCommand
2025-11-24T02:17:54.6133266Z [command]/usr/bin/git submodule foreach --recursive sh -c "git config --local --name-only --get-regexp 'core\.sshCommand' && git config --local --unset-all 'core.sshCommand' || :"
2025-11-24T02:17:54.6475401Z [command]/usr/bin/git config --local --name-only --get-regexp http\.https\:\/\/github\.com\/\.extraheader
2025-11-24T02:17:54.6507747Z [command]/usr/bin/git submodule foreach --recursive sh -c "git config --local --name-only --get-regexp 'http\.https\:\/\/github\.com\/\.extraheader' && git config --local --unset-all 'http.https://github.com/.extraheader' || :"
2025-11-24T02:17:54.6730020Z [command]/usr/bin/git config --local --name-only --get-regexp ^includeIf\.gitdir:
2025-11-24T02:17:54.6760991Z [command]/usr/bin/git submodule foreach --recursive git config --local --show-origin --name-only --get-regexp remote.origin.url
2025-11-24T02:17:54.6985716Z [command]/usr/bin/git config --local http.https://github.com/.extraheader AUTHORIZATION: basic ***
2025-11-24T02:17:54.7020033Z ##[endgroup]
2025-11-24T02:17:54.7022861Z ##[group]Fetching the repository
2025-11-24T02:17:54.7031987Z [command]/usr/bin/git -c protocol.version=2 fetch --no-tags --prune --no-recurse-submodules --depth=1 origin +a21dc6b17126fc4d2d31a3d0f6511bd1241b6784:refs/remotes/pull/11/merge
2025-11-24T02:17:55.3046940Z From https://github.com/RosagerImaging/crosslist
2025-11-24T02:17:55.3049661Z  * [new ref]         a21dc6b17126fc4d2d31a3d0f6511bd1241b6784 -> pull/11/merge
2025-11-24T02:17:55.3086005Z ##[endgroup]
2025-11-24T02:17:55.3089121Z ##[group]Determining the checkout info
2025-11-24T02:17:55.3092185Z ##[endgroup]
2025-11-24T02:17:55.3093932Z [command]/usr/bin/git sparse-checkout disable
2025-11-24T02:17:55.3133818Z [command]/usr/bin/git config --local --unset-all extensions.worktreeConfig
2025-11-24T02:17:55.3162373Z ##[group]Checking out the ref
2025-11-24T02:17:55.3165444Z [command]/usr/bin/git checkout --progress --force refs/remotes/pull/11/merge
2025-11-24T02:17:55.3825761Z Note: switching to 'refs/remotes/pull/11/merge'.
2025-11-24T02:17:55.3828475Z 
2025-11-24T02:17:55.3829960Z You are in 'detached HEAD' state. You can look around, make experimental
2025-11-24T02:17:55.3833241Z changes and commit them, and you can discard any commits you make in this
2025-11-24T02:17:55.3836504Z state without impacting any branches by switching back to a branch.
2025-11-24T02:17:55.3838657Z 
2025-11-24T02:17:55.3840024Z If you want to create a new branch to retain commits you create, you may
2025-11-24T02:17:55.3842993Z do so (now or later) by using -c with the switch command. Example:
2025-11-24T02:17:55.3844549Z 
2025-11-24T02:17:55.3845069Z   git switch -c <new-branch-name>
2025-11-24T02:17:55.3845893Z 
2025-11-24T02:17:55.3846394Z Or undo this operation with:
2025-11-24T02:17:55.3847052Z 
2025-11-24T02:17:55.3847468Z   git switch -
2025-11-24T02:17:55.3848248Z 
2025-11-24T02:17:55.3849098Z Turn off this advice by setting config variable advice.detachedHead to false
2025-11-24T02:17:55.3850269Z 
2025-11-24T02:17:55.3851604Z HEAD is now at a21dc6b Merge be12315f24da85ad33a672b535d8c28688a1800f into e6495474400f6858d4698c288d18ca1c04a26b34
2025-11-24T02:17:55.3855527Z ##[endgroup]
2025-11-24T02:17:55.3878288Z [command]/usr/bin/git log -1 --format=%H
2025-11-24T02:17:55.3901457Z a21dc6b17126fc4d2d31a3d0f6511bd1241b6784
2025-11-24T02:17:55.4179522Z ##[group]Run astral-sh/setup-uv@v4
2025-11-24T02:17:55.4180613Z with:
2025-11-24T02:17:55.4181516Z   version: latest
2025-11-24T02:17:55.4182811Z   github-token: ***
2025-11-24T02:17:55.4183751Z   enable-cache: false
2025-11-24T02:17:55.4184765Z   cache-dependency-glob: **/uv.lock
2025-11-24T02:17:55.4185882Z   prune-cache: true
2025-11-24T02:17:55.4186850Z   ignore-nothing-to-cache: false
2025-11-24T02:17:55.4188025Z env:
2025-11-24T02:17:55.4189114Z   SUPABASE_URL: 'https://xyzcompanytest.supabase.co'
2025-11-24T02:17:55.4193156Z   SUPABASE_SERVICE_KEY: '***'
2025-11-24T02:17:55.4194257Z   NODE_VERSION: 20
2025-11-24T02:17:55.4195140Z   PYTHON_VERSION: 3.12
2025-11-24T02:17:55.4196216Z   TURBO_TOKEN: ***
2025-11-24T02:17:55.4197230Z   TURBO_TEAM: ***
2025-11-24T02:17:55.4198266Z ##[endgroup]
2025-11-24T02:17:56.0867077Z Downloading uv from "https://github.com/astral-sh/uv/releases/download/0.9.11/uv-x86_64-unknown-linux-gnu.tar.gz" ...
2025-11-24T02:17:56.4832547Z [command]/usr/bin/tar xz --warning=no-unknown-keyword --overwrite -C /home/runner/work/_temp/53be4b1c-929b-452b-a989-786236ccf88f -f /home/runner/work/_temp/5073f876-5063-418d-ac6f-bc7c98de1796
2025-11-24T02:17:56.9194958Z Added /opt/hostedtoolcache/uv/0.9.11/x86_64 to the path
2025-11-24T02:17:56.9196036Z Added /home/runner/.local/bin to the path
2025-11-24T02:17:56.9218190Z Set UV_CACHE_DIR to /home/runner/work/_temp/setup-uv-cache
2025-11-24T02:17:56.9218746Z Successfully installed uv version 0.9.11
2025-11-24T02:17:56.9357176Z ##[group]Run uv python install 3.12
2025-11-24T02:17:56.9357547Z [36;1muv python install 3.12[0m
2025-11-24T02:17:56.9396474Z shell: /usr/bin/bash -e {0}
2025-11-24T02:17:56.9396730Z env:
2025-11-24T02:17:56.9396997Z   SUPABASE_URL: 'https://xyzcompanytest.supabase.co'
2025-11-24T02:17:56.9398500Z   SUPABASE_SERVICE_KEY: '***'
2025-11-24T02:17:56.9398764Z   NODE_VERSION: 20
2025-11-24T02:17:56.9398966Z   PYTHON_VERSION: 3.12
2025-11-24T02:17:56.9399224Z   TURBO_TOKEN: ***
2025-11-24T02:17:56.9399449Z   TURBO_TEAM: ***
2025-11-24T02:17:56.9399704Z   UV_CACHE_DIR: /home/runner/work/_temp/setup-uv-cache
2025-11-24T02:17:56.9400010Z ##[endgroup]
2025-11-24T02:17:57.1992456Z Downloading cpython-3.12.12-linux-x86_64-gnu (download) (31.6MiB)
2025-11-24T02:17:57.9753381Z  Downloaded cpython-3.12.12-linux-x86_64-gnu (download)
2025-11-24T02:17:57.9805852Z Installed Python 3.12.12 in 1.02s
2025-11-24T02:17:57.9806406Z  + cpython-3.12.12-linux-x86_64-gnu (python3.12)
2025-11-24T02:17:57.9859593Z ##[group]Run uv sync --group dev
2025-11-24T02:17:57.9860161Z [36;1muv sync --group dev[0m
2025-11-24T02:17:57.9860420Z [36;1muv add pytest-cov[0m
2025-11-24T02:17:57.9892772Z shell: /usr/bin/bash -e {0}
2025-11-24T02:17:57.9893020Z env:
2025-11-24T02:17:57.9893276Z   SUPABASE_URL: 'https://xyzcompanytest.supabase.co'
2025-11-24T02:17:57.9894446Z   SUPABASE_SERVICE_KEY: '***'
2025-11-24T02:17:57.9894685Z   NODE_VERSION: 20
2025-11-24T02:17:57.9894883Z   PYTHON_VERSION: 3.12
2025-11-24T02:17:57.9895159Z   TURBO_TOKEN: ***
2025-11-24T02:17:57.9895408Z   TURBO_TEAM: ***
2025-11-24T02:17:57.9895650Z   UV_CACHE_DIR: /home/runner/work/_temp/setup-uv-cache
2025-11-24T02:17:57.9895926Z ##[endgroup]
2025-11-24T02:17:58.1545129Z Using CPython 3.12.12
2025-11-24T02:17:58.1545506Z Creating virtual environment at: .venv
2025-11-24T02:17:58.4629998Z Resolved 64 packages in 307ms
2025-11-24T02:17:58.4756401Z    Building api @ file:///home/runner/work/crosslist/crosslist/apps/api
2025-11-24T02:17:58.4972900Z Downloading pydantic-core (2.0MiB)
2025-11-24T02:17:58.4979750Z Downloading pygments (1.2MiB)
2025-11-24T02:17:58.4996593Z Downloading mypy (12.7MiB)
2025-11-24T02:17:58.5016750Z Downloading ruff (13.3MiB)
2025-11-24T02:17:58.5031836Z Downloading zstandard (5.3MiB)
2025-11-24T02:17:58.6669665Z  Downloaded pydantic-core
2025-11-24T02:17:58.8157662Z  Downloaded zstandard
2025-11-24T02:17:58.8722158Z  Downloaded ruff
2025-11-24T02:17:58.9455972Z  Downloaded pygments
2025-11-24T02:17:59.1046593Z  Downloaded mypy
2025-11-24T02:17:59.6881610Z   × Failed to build `api @
2025-11-24T02:17:59.6882270Z   │ file:///home/runner/work/crosslist/crosslist/apps/api`
2025-11-24T02:17:59.6883117Z   ├─▶ The build backend returned an error
2025-11-24T02:17:59.6887115Z   ╰─▶ Call to `poetry.core.masonry.api.build_editable` failed (exit status: 1)
2025-11-24T02:17:59.6890065Z 
2025-11-24T02:17:59.6890251Z       [stderr]
2025-11-24T02:17:59.6890651Z       Traceback (most recent call last):
2025-11-24T02:17:59.6899366Z         File "<string>", line 11, in <module>
2025-11-24T02:17:59.6899966Z         File
2025-11-24T02:17:59.6900804Z       "/home/runner/work/_temp/setup-uv-cache/builds-v0/.tmpEqMA8J/lib/python3.12/site-packages/poetry/core/masonry/api.py",
2025-11-24T02:17:59.6901774Z       line 87, in build_editable
2025-11-24T02:17:59.6902203Z           return WheelBuilder.make_in(
2025-11-24T02:17:59.6902665Z                  ^^^^^^^^^^^^^^^^^^^^^
2025-11-24T02:17:59.6903072Z         File
2025-11-24T02:17:59.6904064Z       "/home/runner/work/_temp/setup-uv-cache/builds-v0/.tmpEqMA8J/lib/python3.12/site-packages/poetry/core/masonry/builders/wheel.py",
2025-11-24T02:17:59.6905100Z       line 87, in make_in
2025-11-24T02:17:59.6905469Z           wb = cls(
2025-11-24T02:17:59.6905722Z                ^^^^
2025-11-24T02:17:59.6906036Z         File
2025-11-24T02:17:59.6907049Z       "/home/runner/work/_temp/setup-uv-cache/builds-v0/.tmpEqMA8J/lib/python3.12/site-packages/poetry/core/masonry/builders/wheel.py",
2025-11-24T02:17:59.6908172Z       line 67, in __init__
2025-11-24T02:17:59.6908630Z           super().__init__(poetry, executable=executable,
2025-11-24T02:17:59.6909086Z       config_settings=config_settings)
2025-11-24T02:17:59.6909465Z         File
2025-11-24T02:17:59.6910213Z       "/home/runner/work/_temp/setup-uv-cache/builds-v0/.tmpEqMA8J/lib/python3.12/site-packages/poetry/core/masonry/builders/builder.py",
2025-11-24T02:17:59.6911220Z       line 40, in __init__
2025-11-24T02:17:59.6911623Z           raise RuntimeError(
2025-11-24T02:17:59.6912216Z       RuntimeError: Building a package is not possible in non-package mode.
2025-11-24T02:17:59.6912736Z 
2025-11-24T02:17:59.6913062Z       hint: This usually indicates a problem with the package or the build
2025-11-24T02:17:59.6913665Z       environment.
2025-11-24T02:17:59.6969447Z ##[error]Process completed with exit code 1.
2025-11-24T02:17:59.7079125Z ##[group]Run actions/upload-artifact@v4
2025-11-24T02:17:59.7079569Z with:
2025-11-24T02:17:59.7079869Z   name: backend-test-results
2025-11-24T02:17:59.7080423Z   path: apps/api/test-results.xml
apps/api/htmlcov/
apps/api/coverage.xml

2025-11-24T02:17:59.7081218Z   retention-days: 30
2025-11-24T02:17:59.7081551Z   if-no-files-found: warn
2025-11-24T02:17:59.7081918Z   compression-level: 6
2025-11-24T02:17:59.7082241Z   overwrite: false
2025-11-24T02:17:59.7082568Z   include-hidden-files: false
2025-11-24T02:17:59.7082924Z env:
2025-11-24T02:17:59.7083290Z   SUPABASE_URL: 'https://xyzcompanytest.supabase.co'
2025-11-24T02:17:59.7085263Z   SUPABASE_SERVICE_KEY: '***'
2025-11-24T02:17:59.7085644Z   NODE_VERSION: 20
2025-11-24T02:17:59.7086024Z   PYTHON_VERSION: 3.12
2025-11-24T02:17:59.7086403Z   TURBO_TOKEN: ***
2025-11-24T02:17:59.7086728Z   TURBO_TEAM: ***
2025-11-24T02:17:59.7087109Z   UV_CACHE_DIR: /home/runner/work/_temp/setup-uv-cache
2025-11-24T02:17:59.7087592Z ##[endgroup]
2025-11-24T02:17:59.9426867Z Multiple search paths detected. Calculating the least common ancestor of all paths
2025-11-24T02:17:59.9432043Z The least common ancestor is /home/runner/work/crosslist/crosslist/apps/api. This will be the root directory of the artifact
2025-11-24T02:17:59.9449805Z ##[warning]No files were found with the provided path: apps/api/test-results.xml
apps/api/htmlcov/
apps/api/coverage.xml. No artifacts will be uploaded.
2025-11-24T02:17:59.9573125Z Post job cleanup.
2025-11-24T02:18:00.0564131Z [command]/usr/bin/git version
2025-11-24T02:18:00.0605306Z git version 2.51.2
2025-11-24T02:18:00.0658889Z Temporarily overriding HOME='/home/runner/work/_temp/6e65fc01-68f5-44d8-a9fb-ca79f7888c15' before making global git config changes
2025-11-24T02:18:00.0660221Z Adding repository directory to the temporary git global config as a safe directory
2025-11-24T02:18:00.0665318Z [command]/usr/bin/git config --global --add safe.directory /home/runner/work/crosslist/crosslist
2025-11-24T02:18:00.0704210Z [command]/usr/bin/git config --local --name-only --get-regexp core\.sshCommand
2025-11-24T02:18:00.0738980Z [command]/usr/bin/git submodule foreach --recursive sh -c "git config --local --name-only --get-regexp 'core\.sshCommand' && git config --local --unset-all 'core.sshCommand' || :"
2025-11-24T02:18:00.0985904Z [command]/usr/bin/git config --local --name-only --get-regexp http\.https\:\/\/github\.com\/\.extraheader
2025-11-24T02:18:00.1009290Z http.https://github.com/.extraheader
2025-11-24T02:18:00.1023288Z [command]/usr/bin/git config --local --unset-all http.https://github.com/.extraheader
2025-11-24T02:18:00.1056122Z [command]/usr/bin/git submodule foreach --recursive sh -c "git config --local --name-only --get-regexp 'http\.https\:\/\/github\.com\/\.extraheader' && git config --local --unset-all 'http.https://github.com/.extraheader' || :"
2025-11-24T02:18:00.1292832Z [command]/usr/bin/git config --local --name-only --get-regexp ^includeIf\.gitdir:
2025-11-24T02:18:00.1324768Z [command]/usr/bin/git submodule foreach --recursive git config --local --show-origin --name-only --get-regexp remote.origin.url
2025-11-24T02:18:00.1758363Z Cleaning up orphan processes
