2025-11-27T03:54:09.7814591Z Current runner version: '2.329.0'
2025-11-27T03:54:09.7838524Z ##[group]Runner Image Provisioner
2025-11-27T03:54:09.7839277Z Hosted Compute Agent
2025-11-27T03:54:09.7839844Z Version: 20251016.436
2025-11-27T03:54:09.7840531Z Commit: 8ab8ac8bfd662a3739dab9fe09456aba92132568
2025-11-27T03:54:09.7841253Z Build Date: 2025-10-15T20:44:12Z
2025-11-27T03:54:09.7842127Z ##[endgroup]
2025-11-27T03:54:09.7842727Z ##[group]Operating System
2025-11-27T03:54:09.7843284Z Ubuntu
2025-11-27T03:54:09.7843712Z 24.04.3
2025-11-27T03:54:09.7844327Z LTS
2025-11-27T03:54:09.7845022Z ##[endgroup]
2025-11-27T03:54:09.7845643Z ##[group]Runner Image
2025-11-27T03:54:09.7846563Z Image: ubuntu-24.04
2025-11-27T03:54:09.7847139Z Version: 20251112.124.1
2025-11-27T03:54:09.7848162Z Included Software: https://github.com/actions/runner-images/blob/ubuntu24/20251112.124/images/ubuntu/Ubuntu2404-Readme.md
2025-11-27T03:54:09.7849910Z Image Release: https://github.com/actions/runner-images/releases/tag/ubuntu24%2F20251112.124
2025-11-27T03:54:09.7850962Z ##[endgroup]
2025-11-27T03:54:09.7853588Z ##[group]GITHUB_TOKEN Permissions
2025-11-27T03:54:09.7855684Z Actions: write
2025-11-27T03:54:09.7856631Z ArtifactMetadata: write
2025-11-27T03:54:09.7857310Z Attestations: write
2025-11-27T03:54:09.7857910Z Checks: write
2025-11-27T03:54:09.7858383Z Contents: write
2025-11-27T03:54:09.7858907Z Deployments: write
2025-11-27T03:54:09.7859518Z Discussions: write
2025-11-27T03:54:09.7860014Z Issues: write
2025-11-27T03:54:09.7860524Z Metadata: read
2025-11-27T03:54:09.7861073Z Models: read
2025-11-27T03:54:09.7861543Z Packages: write
2025-11-27T03:54:09.7862059Z Pages: write
2025-11-27T03:54:09.7862651Z PullRequests: write
2025-11-27T03:54:09.7863212Z RepositoryProjects: write
2025-11-27T03:54:09.7863896Z SecurityEvents: write
2025-11-27T03:54:09.7864493Z Statuses: write
2025-11-27T03:54:09.7865020Z ##[endgroup]
2025-11-27T03:54:09.7867215Z Secret source: Actions
2025-11-27T03:54:09.7868090Z Prepare workflow directory
2025-11-27T03:54:09.8394198Z Prepare all required actions
2025-11-27T03:54:09.8432124Z Getting action download info
2025-11-27T03:54:10.1368364Z Download action repository 'actions/checkout@v4' (SHA:34e114876b0b11c390a56381ad16ebd13914f8d5)
2025-11-27T03:54:10.3538829Z Download action repository 'actions/setup-node@v4' (SHA:49933ea5288caeca8642d1e84afbd3f7d6820020)
2025-11-27T03:54:10.4480104Z Download action repository 'github/codeql-action@v3' (SHA:d3ced5c96c16c4332e2a61eb6f3649d6f1b20bb8)
2025-11-27T03:54:11.0254575Z Complete job name: Frontend Tests
2025-11-27T03:54:11.0903471Z ##[group]Run actions/checkout@v4
2025-11-27T03:54:11.0904634Z with:
2025-11-27T03:54:11.0905043Z   fetch-depth: 0
2025-11-27T03:54:11.0905501Z   repository: RosagerImaging/crosslist
2025-11-27T03:54:11.0906349Z   token: ***
2025-11-27T03:54:11.0906748Z   ssh-strict: true
2025-11-27T03:54:11.0907155Z   ssh-user: git
2025-11-27T03:54:11.0907577Z   persist-credentials: true
2025-11-27T03:54:11.0908033Z   clean: true
2025-11-27T03:54:11.0908444Z   sparse-checkout-cone-mode: true
2025-11-27T03:54:11.0908963Z   fetch-tags: false
2025-11-27T03:54:11.0909374Z   show-progress: true
2025-11-27T03:54:11.0909783Z   lfs: false
2025-11-27T03:54:11.0910175Z   submodules: false
2025-11-27T03:54:11.0910587Z   set-safe-directory: true
2025-11-27T03:54:11.0911327Z env:
2025-11-27T03:54:11.0911812Z   SUPABASE_URL: 'https://xyzcompanytest.supabase.co'
2025-11-27T03:54:11.0913739Z   SUPABASE_SERVICE_KEY: '***'
2025-11-27T03:54:11.0914202Z   NODE_VERSION: 20
2025-11-27T03:54:11.0914643Z   PYTHON_VERSION: 3.12
2025-11-27T03:54:11.0915108Z   TURBO_TOKEN: ***
2025-11-27T03:54:11.0915528Z   TURBO_TEAM: ***
2025-11-27T03:54:11.0915911Z ##[endgroup]
2025-11-27T03:54:11.1989411Z Syncing repository: RosagerImaging/crosslist
2025-11-27T03:54:11.1991166Z ##[group]Getting Git version info
2025-11-27T03:54:11.1991872Z Working directory is '/home/runner/work/crosslist/crosslist'
2025-11-27T03:54:11.1992841Z [command]/usr/bin/git version
2025-11-27T03:54:11.2069317Z git version 2.51.2
2025-11-27T03:54:11.2095976Z ##[endgroup]
2025-11-27T03:54:11.2111581Z Temporarily overriding HOME='/home/runner/work/_temp/cd923814-e67d-495d-bce1-4d395355b248' before making global git config changes
2025-11-27T03:54:11.2113998Z Adding repository directory to the temporary git global config as a safe directory
2025-11-27T03:54:11.2118403Z [command]/usr/bin/git config --global --add safe.directory /home/runner/work/crosslist/crosslist
2025-11-27T03:54:11.2156520Z Deleting the contents of '/home/runner/work/crosslist/crosslist'
2025-11-27T03:54:11.2160464Z ##[group]Initializing the repository
2025-11-27T03:54:11.2165091Z [command]/usr/bin/git init /home/runner/work/crosslist/crosslist
2025-11-27T03:54:11.2270107Z hint: Using 'master' as the name for the initial branch. This default branch name
2025-11-27T03:54:11.2271204Z hint: is subject to change. To configure the initial branch name to use in all
2025-11-27T03:54:11.2272420Z hint: of your new repositories, which will suppress this warning, call:
2025-11-27T03:54:11.2273159Z hint:
2025-11-27T03:54:11.2273710Z hint: 	git config --global init.defaultBranch <name>
2025-11-27T03:54:11.2274446Z hint:
2025-11-27T03:54:11.2275396Z hint: Names commonly chosen instead of 'master' are 'main', 'trunk' and
2025-11-27T03:54:11.2277122Z hint: 'development'. The just-created branch can be renamed via this command:
2025-11-27T03:54:11.2278174Z hint:
2025-11-27T03:54:11.2278586Z hint: 	git branch -m <name>
2025-11-27T03:54:11.2279062Z hint:
2025-11-27T03:54:11.2279728Z hint: Disable this message with "git config set advice.defaultBranchName false"
2025-11-27T03:54:11.2281116Z Initialized empty Git repository in /home/runner/work/crosslist/crosslist/.git/
2025-11-27T03:54:11.2286031Z [command]/usr/bin/git remote add origin https://github.com/RosagerImaging/crosslist
2025-11-27T03:54:11.2318845Z ##[endgroup]
2025-11-27T03:54:11.2319575Z ##[group]Disabling automatic garbage collection
2025-11-27T03:54:11.2324298Z [command]/usr/bin/git config --local gc.auto 0
2025-11-27T03:54:11.2353291Z ##[endgroup]
2025-11-27T03:54:11.2354584Z ##[group]Setting up auth
2025-11-27T03:54:11.2361148Z [command]/usr/bin/git config --local --name-only --get-regexp core\.sshCommand
2025-11-27T03:54:11.2392036Z [command]/usr/bin/git submodule foreach --recursive sh -c "git config --local --name-only --get-regexp 'core\.sshCommand' && git config --local --unset-all 'core.sshCommand' || :"
2025-11-27T03:54:11.2722086Z [command]/usr/bin/git config --local --name-only --get-regexp http\.https\:\/\/github\.com\/\.extraheader
2025-11-27T03:54:11.2753359Z [command]/usr/bin/git submodule foreach --recursive sh -c "git config --local --name-only --get-regexp 'http\.https\:\/\/github\.com\/\.extraheader' && git config --local --unset-all 'http.https://github.com/.extraheader' || :"
2025-11-27T03:54:11.2970601Z [command]/usr/bin/git config --local --name-only --get-regexp ^includeIf\.gitdir:
2025-11-27T03:54:11.3010682Z [command]/usr/bin/git submodule foreach --recursive git config --local --show-origin --name-only --get-regexp remote.origin.url
2025-11-27T03:54:11.3238148Z [command]/usr/bin/git config --local http.https://github.com/.extraheader AUTHORIZATION: basic ***
2025-11-27T03:54:11.3271268Z ##[endgroup]
2025-11-27T03:54:11.3272043Z ##[group]Fetching the repository
2025-11-27T03:54:11.3280396Z [command]/usr/bin/git -c protocol.version=2 fetch --prune --no-recurse-submodules origin +refs/heads/*:refs/remotes/origin/* +refs/tags/*:refs/tags/* +0c989c7638824c70a49bc74ca7d471f089b3b90d:refs/remotes/pull/11/merge
2025-11-27T03:54:11.6857172Z From https://github.com/RosagerImaging/crosslist
2025-11-27T03:54:11.6858643Z  * [new branch]      RosagerImaging-patch-1                   -> origin/RosagerImaging-patch-1
2025-11-27T03:54:11.6860194Z  * [new branch]      RosagerImaging-patch-2                   -> origin/RosagerImaging-patch-2
2025-11-27T03:54:11.6861728Z  * [new branch]      RosagerImaging-patch-3                   -> origin/RosagerImaging-patch-3
2025-11-27T03:54:11.6863471Z  * [new branch]      dependabot/npm_and_yarn/globals-16.5.0   -> origin/dependabot/npm_and_yarn/globals-16.5.0
2025-11-27T03:54:11.6866140Z  * [new branch]      dependabot/npm_and_yarn/next/eslint-plugin-next-16.0.1 -> origin/dependabot/npm_and_yarn/next/eslint-plugin-next-16.0.1
2025-11-27T03:54:11.6869247Z  * [new branch]      dependabot/npm_and_yarn/types/next-auth-3.15.0 -> origin/dependabot/npm_and_yarn/types/next-auth-3.15.0
2025-11-27T03:54:11.6871953Z  * [new branch]      dependabot/npm_and_yarn/types/node-24.10.0 -> origin/dependabot/npm_and_yarn/types/node-24.10.0
2025-11-27T03:54:11.6874378Z  * [new branch]      dependabot/npm_and_yarn/vitest-4.0.7     -> origin/dependabot/npm_and_yarn/vitest-4.0.7
2025-11-27T03:54:11.6876536Z  * [new branch]      feature/ci-setup                         -> origin/feature/ci-setup
2025-11-27T03:54:11.6878524Z  * [new branch]      feature/phase-2-core-models              -> origin/feature/phase-2-core-models
2025-11-27T03:54:11.6880494Z  * [new branch]      main                                     -> origin/main
2025-11-27T03:54:11.6882208Z  * [new ref]         0c989c7638824c70a49bc74ca7d471f089b3b90d -> pull/11/merge
2025-11-27T03:54:11.6910964Z ##[endgroup]
2025-11-27T03:54:11.6913222Z ##[group]Determining the checkout info
2025-11-27T03:54:11.6915669Z ##[endgroup]
2025-11-27T03:54:11.6918487Z [command]/usr/bin/git sparse-checkout disable
2025-11-27T03:54:11.6960496Z [command]/usr/bin/git config --local --unset-all extensions.worktreeConfig
2025-11-27T03:54:11.6987863Z ##[group]Checking out the ref
2025-11-27T03:54:11.6991056Z [command]/usr/bin/git checkout --progress --force refs/remotes/pull/11/merge
2025-11-27T03:54:11.7684556Z Note: switching to 'refs/remotes/pull/11/merge'.
2025-11-27T03:54:11.7685724Z 
2025-11-27T03:54:11.7686923Z You are in 'detached HEAD' state. You can look around, make experimental
2025-11-27T03:54:11.7690236Z changes and commit them, and you can discard any commits you make in this
2025-11-27T03:54:11.7693969Z state without impacting any branches by switching back to a branch.
2025-11-27T03:54:11.7696057Z 
2025-11-27T03:54:11.7697626Z If you want to create a new branch to retain commits you create, you may
2025-11-27T03:54:11.7700916Z do so (now or later) by using -c with the switch command. Example:
2025-11-27T03:54:11.7702733Z 
2025-11-27T03:54:11.7703539Z   git switch -c <new-branch-name>
2025-11-27T03:54:11.7704929Z 
2025-11-27T03:54:11.7705699Z Or undo this operation with:
2025-11-27T03:54:11.7776854Z 
2025-11-27T03:54:11.7777734Z   git switch -
2025-11-27T03:54:11.7778816Z 
2025-11-27T03:54:11.7780889Z Turn off this advice by setting config variable advice.detachedHead to false
2025-11-27T03:54:11.7783132Z 
2025-11-27T03:54:11.7785681Z HEAD is now at 0c989c7 Merge 7edb3e6e659a1230318b37a35fb7dc595dcfc349 into e6495474400f6858d4698c288d18ca1c04a26b34
2025-11-27T03:54:11.7796818Z ##[endgroup]
2025-11-27T03:54:11.7800631Z [command]/usr/bin/git log -1 --format=%H
2025-11-27T03:54:11.7802729Z 0c989c7638824c70a49bc74ca7d471f089b3b90d
2025-11-27T03:54:11.8122085Z ##[group]Run actions/setup-node@v4
2025-11-27T03:54:11.8123225Z with:
2025-11-27T03:54:11.8124053Z   node-version: 20
2025-11-27T03:54:11.8124924Z   cache: npm
2025-11-27T03:54:11.8125742Z   always-auth: false
2025-11-27T03:54:11.8127048Z   check-latest: false
2025-11-27T03:54:11.8128364Z   token: ***
2025-11-27T03:54:11.8129162Z env:
2025-11-27T03:54:11.8130163Z   SUPABASE_URL: 'https://xyzcompanytest.supabase.co'
2025-11-27T03:54:11.8134908Z   SUPABASE_SERVICE_KEY: '***'
2025-11-27T03:54:11.8135928Z   NODE_VERSION: 20
2025-11-27T03:54:11.8136965Z   PYTHON_VERSION: 3.12
2025-11-27T03:54:11.8137983Z   TURBO_TOKEN: ***
2025-11-27T03:54:11.8138859Z   TURBO_TEAM: ***
2025-11-27T03:54:11.8139682Z ##[endgroup]
2025-11-27T03:54:11.9944222Z Found in cache @ /opt/hostedtoolcache/node/20.19.5/x64
2025-11-27T03:54:11.9950982Z ##[group]Environment details
2025-11-27T03:54:12.3811263Z node: v20.19.5
2025-11-27T03:54:12.3813266Z npm: 10.8.2
2025-11-27T03:54:12.3814376Z yarn: 1.22.22
2025-11-27T03:54:12.3817131Z ##[endgroup]
2025-11-27T03:54:12.3836364Z [command]/opt/hostedtoolcache/node/20.19.5/x64/bin/npm config get cache
2025-11-27T03:54:12.4999374Z /home/runner/.npm
2025-11-27T03:54:12.6088444Z npm cache is not found
2025-11-27T03:54:12.6268004Z ##[group]Run npm install
2025-11-27T03:54:12.6268973Z [36;1mnpm install[0m
2025-11-27T03:54:12.6316682Z shell: /usr/bin/bash -e {0}
2025-11-27T03:54:12.6317595Z env:
2025-11-27T03:54:12.6318481Z   SUPABASE_URL: 'https://xyzcompanytest.supabase.co'
2025-11-27T03:54:12.6322945Z   SUPABASE_SERVICE_KEY: '***'
2025-11-27T03:54:12.6323848Z   NODE_VERSION: 20
2025-11-27T03:54:12.6324598Z   PYTHON_VERSION: 3.12
2025-11-27T03:54:12.6325461Z   TURBO_TOKEN: ***
2025-11-27T03:54:12.6326445Z   TURBO_TEAM: ***
2025-11-27T03:54:12.6327184Z ##[endgroup]
2025-11-27T03:54:16.3886886Z npm warn deprecated inflight@1.0.6: This module is not supported, and leaks memory. Do not use it. Check out lru-cache if you want a good and tested way to coalesce async requests by a key value, which is much more comprehensive and powerful.
2025-11-27T03:54:18.3082596Z npm warn deprecated glob@7.2.3: Glob versions prior to v9 are no longer supported
2025-11-27T03:54:18.9196598Z npm warn deprecated jose@1.28.2: this version is no longer supported
2025-11-27T03:54:26.3989076Z 
2025-11-27T03:54:26.3989680Z > crosslist@1.0.0 prepare
2025-11-27T03:54:26.3990387Z > husky
2025-11-27T03:54:26.3990559Z 
2025-11-27T03:54:26.4550804Z 
2025-11-27T03:54:26.4551637Z added 721 packages, and audited 730 packages in 14s
2025-11-27T03:54:26.4552123Z 
2025-11-27T03:54:26.4552367Z 217 packages are looking for funding
2025-11-27T03:54:26.4552859Z   run `npm fund` for details
2025-11-27T03:54:26.4695308Z 
2025-11-27T03:54:26.4696384Z 6 vulnerabilities (3 moderate, 2 high, 1 critical)
2025-11-27T03:54:26.4696889Z 
2025-11-27T03:54:26.4697147Z To address all issues, run:
2025-11-27T03:54:26.4697558Z   npm audit fix
2025-11-27T03:54:26.4697773Z 
2025-11-27T03:54:26.4697970Z Run `npm audit` for details.
2025-11-27T03:54:26.5145459Z ##[group]Run npm install -g turbo
2025-11-27T03:54:26.5145804Z [36;1mnpm install -g turbo[0m
2025-11-27T03:54:26.5178924Z shell: /usr/bin/bash -e {0}
2025-11-27T03:54:26.5179161Z env:
2025-11-27T03:54:26.5179416Z   SUPABASE_URL: 'https://xyzcompanytest.supabase.co'
2025-11-27T03:54:26.5180553Z   SUPABASE_SERVICE_KEY: '***'
2025-11-27T03:54:26.5180782Z   NODE_VERSION: 20
2025-11-27T03:54:26.5180975Z   PYTHON_VERSION: 3.12
2025-11-27T03:54:26.5181208Z   TURBO_TOKEN: ***
2025-11-27T03:54:26.5181400Z   TURBO_TEAM: ***
2025-11-27T03:54:26.5181606Z ##[endgroup]
2025-11-27T03:54:27.5469744Z 
2025-11-27T03:54:27.5470472Z added 2 packages in 968ms
2025-11-27T03:54:27.5699945Z ##[group]Run github/codeql-action/init@v3
2025-11-27T03:54:27.5700248Z with:
2025-11-27T03:54:27.5700427Z   languages: typescript
2025-11-27T03:54:27.5700651Z   analysis-kinds: code-scanning
2025-11-27T03:54:27.5700986Z   token: ***
2025-11-27T03:54:27.5701161Z   matrix: null
2025-11-27T03:54:27.5701351Z   debug: false
2025-11-27T03:54:27.5701519Z env:
2025-11-27T03:54:27.5701745Z   SUPABASE_URL: 'https://xyzcompanytest.supabase.co'
2025-11-27T03:54:27.5702802Z   SUPABASE_SERVICE_KEY: '***'
2025-11-27T03:54:27.5703021Z   NODE_VERSION: 20
2025-11-27T03:54:27.5703206Z   PYTHON_VERSION: 3.12
2025-11-27T03:54:27.5703429Z   TURBO_TOKEN: ***
2025-11-27T03:54:27.5703620Z   TURBO_TEAM: ***
2025-11-27T03:54:27.5703795Z ##[endgroup]
2025-11-27T03:54:27.7229700Z ##[warning]CodeQL Action v3 will be deprecated in December 2026. Please update all occurrences of the CodeQL Action in your workflow files to v4. For more information, see https://github.blog/changelog/2025-10-28-upcoming-deprecation-of-codeql-action-v3/
2025-11-27T03:54:28.0411805Z Job run UUID is 5320cf58-64fe-481c-a066-27af3452ce06.
2025-11-27T03:54:28.4223994Z ##[group]Setup CodeQL tools
2025-11-27T03:54:28.4278075Z [command]/usr/bin/tar --version
2025-11-27T03:54:28.4310879Z tar (GNU tar) 1.35
2025-11-27T03:54:28.4311991Z Copyright (C) 2023 Free Software Foundation, Inc.
2025-11-27T03:54:28.4314238Z License GPLv3+: GNU GPL version 3 or later <https://gnu.org/licenses/gpl.html>.
2025-11-27T03:54:28.4315611Z This is free software: you are free to change and redistribute it.
2025-11-27T03:54:28.4317125Z There is NO WARRANTY, to the extent permitted by law.
2025-11-27T03:54:28.4317538Z 
2025-11-27T03:54:28.4317879Z Written by John Gilmore and Jay Fenlason.
2025-11-27T03:54:28.4318430Z Found gnu tar version 1.35.
2025-11-27T03:54:28.4562335Z Did not find CodeQL tools version 2.23.6 in the toolcache.
2025-11-27T03:54:28.4568738Z Using CodeQL CLI version 2.23.6 sourced from https://github.com/github/codeql-action/releases/download/codeql-bundle-v2.23.6/codeql-bundle-linux64.tar.zst .
2025-11-27T03:54:28.4576704Z Downloading CodeQL tools from https://github.com/github/codeql-action/releases/download/codeql-bundle-v2.23.6/codeql-bundle-linux64.tar.zst . This may take a while.
2025-11-27T03:54:28.4577744Z Streaming the extraction of the CodeQL bundle.
2025-11-27T03:54:28.5537910Z [command]tar -x --zstd --ignore-zeros --warning=no-unknown-keyword --overwrite -f - -C /opt/hostedtoolcache/CodeQL/2.23.6/x64
2025-11-27T03:54:32.9604957Z Finished downloading and extracting CodeQL bundle to /opt/hostedtoolcache/CodeQL/2.23.6/x64 (4.5s).
2025-11-27T03:54:32.9606607Z Created toolcache marker file /opt/hostedtoolcache/CodeQL/2.23.6/x64.complete
2025-11-27T03:54:33.5916640Z [command]/opt/hostedtoolcache/CodeQL/2.23.6/x64/codeql/codeql version --format=json
2025-11-27T03:54:34.1980696Z {
2025-11-27T03:54:34.1981704Z   "productName" : "CodeQL",
2025-11-27T03:54:34.1982430Z   "vendor" : "GitHub",
2025-11-27T03:54:34.1982803Z   "version" : "2.23.6",
2025-11-27T03:54:34.1983337Z   "sha" : "ce177df59e3eb0e78788934c2abec3e1d6c1aa98",
2025-11-27T03:54:34.1983822Z   "branches" : [
2025-11-27T03:54:34.1984154Z     "codeql-cli-2.23.6"
2025-11-27T03:54:34.1984458Z   ],
2025-11-27T03:54:34.1984875Z   "copyright" : "Copyright (C) 2019-2025 GitHub, Inc.",
2025-11-27T03:54:34.1985571Z   "unpackedLocation" : "/opt/hostedtoolcache/CodeQL/2.23.6/x64/codeql",
2025-11-27T03:54:34.1986577Z   "configFileLocation" : "/home/runner/.config/codeql/config",
2025-11-27T03:54:34.1987199Z   "configFileFound" : false,
2025-11-27T03:54:34.1987629Z   "overlayVersion" : 4,
2025-11-27T03:54:34.1988018Z   "features" : {
2025-11-27T03:54:34.1988456Z     "analysisSummaryV2Default" : true,
2025-11-27T03:54:34.1988921Z     "buildModeOption" : true,
2025-11-27T03:54:34.1989377Z     "bundleSupportsIncludeDiagnostics" : true,
2025-11-27T03:54:34.1989892Z     "bundleSupportsIncludeLogs" : true,
2025-11-27T03:54:34.1990508Z     "databaseInterpretResultsSupportsSarifRunProperty" : true,
2025-11-27T03:54:34.1991629Z     "featuresInVersionResult" : true,
2025-11-27T03:54:34.1992300Z     "indirectTracingSupportsStaticBinaries" : false,
2025-11-27T03:54:34.1993078Z     "informsAboutUnsupportedPathFilters" : true,
2025-11-27T03:54:34.1993648Z     "supportsPython312" : true,
2025-11-27T03:54:34.1994077Z     "mrvaPackCreate" : true,
2025-11-27T03:54:34.1994538Z     "threatModelOption" : true,
2025-11-27T03:54:34.1994985Z     "traceCommandUseBuildMode" : true,
2025-11-27T03:54:34.1995429Z     "v2ramSizing" : true,
2025-11-27T03:54:34.1995884Z     "mrvaPackCreateMultipleQueries" : true,
2025-11-27T03:54:34.1996623Z     "setsCodeqlRunnerEnvVar" : true,
2025-11-27T03:54:34.1997186Z     "sarifMergeRunsFromEqualCategory" : true,
2025-11-27T03:54:34.1997693Z     "forceOverwrite" : true,
2025-11-27T03:54:34.1998174Z     "generateSummarySymbolMap" : true,
2025-11-27T03:54:34.1998755Z     "pythonDefaultIsToNotExtractStdlib" : true,
2025-11-27T03:54:34.1999326Z     "queryServerRunQueries" : true,
2025-11-27T03:54:34.1999876Z     "queryServerTrimCacheWithMode" : true,
2025-11-27T03:54:34.2000484Z     "builtinExtractorsSpecifyDefaultQueries" : true
2025-11-27T03:54:34.2001013Z   }
2025-11-27T03:54:34.2001302Z }
2025-11-27T03:54:34.2112014Z ##[endgroup]
2025-11-27T03:54:34.2113057Z ##[group]Validating workflow
2025-11-27T03:54:34.4271773Z Detected no issues with the code scanning workflow.
2025-11-27T03:54:34.4272630Z ##[endgroup]
2025-11-27T03:54:34.4275522Z ##[group]Load language configuration
2025-11-27T03:54:34.4283660Z [command]/opt/hostedtoolcache/CodeQL/2.23.6/x64/codeql/codeql resolve languages --format=betterjson --extractor-options-verbosity=4 --extractor-include-aliases --filter-to-languages-with-queries
2025-11-27T03:54:35.3314657Z {
2025-11-27T03:54:35.3334576Z   "aliases" : {
2025-11-27T03:54:35.3335062Z     "c" : "cpp",
2025-11-27T03:54:35.3335579Z     "c++" : "cpp",
2025-11-27T03:54:35.3335930Z     "c-c++" : "cpp",
2025-11-27T03:54:35.3336475Z     "c-cpp" : "cpp",
2025-11-27T03:54:35.3336826Z     "c#" : "csharp",
2025-11-27T03:54:35.3337186Z     "java-kotlin" : "java",
2025-11-27T03:54:35.3337539Z     "kotlin" : "java",
2025-11-27T03:54:35.3337971Z     "javascript-typescript" : "javascript",
2025-11-27T03:54:35.3338455Z     "typescript" : "javascript"
2025-11-27T03:54:35.3338809Z   },
2025-11-27T03:54:35.3339090Z   "extractors" : {
2025-11-27T03:54:35.3339406Z     "rust" : [
2025-11-27T03:54:35.3339691Z       {
2025-11-27T03:54:35.3340227Z         "extractor_root" : "/opt/hostedtoolcache/CodeQL/2.23.6/x64/codeql/rust",
2025-11-27T03:54:35.3340956Z         "extractor_options" : {
2025-11-27T03:54:35.3341323Z           "trap" : {
2025-11-27T03:54:35.3341738Z             "title" : "Options pertaining to TRAP.",
2025-11-27T03:54:35.3342302Z             "description" : "Options pertaining to TRAP.",
2025-11-27T03:54:35.3342830Z             "type" : "object",
2025-11-27T03:54:35.3343223Z             "properties" : {
2025-11-27T03:54:35.3343745Z               "compression" : {
2025-11-27T03:54:35.3344468Z                 "title" : "Controls compression for the TRAP files written by the extractor.",
2025-11-27T03:54:35.3346588Z                 "description" : "This option is only intended for use in debugging the extractor. Accepted values are 'gzip' (to write gzip-compressed TRAP) 'zstd' (to write Zstandard-compressed TRAP) and 'none' (the default, to write uncompressed TRAP).\n",
2025-11-27T03:54:35.3348175Z                 "type" : "string",
2025-11-27T03:54:35.3348705Z                 "pattern" : "^(none|gzip|zstd)$"
2025-11-27T03:54:35.3349156Z               }
2025-11-27T03:54:35.3349463Z             }
2025-11-27T03:54:35.3349742Z           },
2025-11-27T03:54:35.3350101Z           "cargo_target_dir" : {
2025-11-27T03:54:35.3350654Z             "title" : "Directory to use for cargo output files.",
2025-11-27T03:54:35.3353019Z             "description" : "This value is an optional path to use as `CARGO_TARGET_DIR` for the internal cargo commands the extractor uses. Pointing it to a persistent directory may reduce execution time of consecutive extractor runs. By default, a new scratch directory is used for each run.\n",
2025-11-27T03:54:35.3354777Z             "type" : "string"
2025-11-27T03:54:35.3355110Z           },
2025-11-27T03:54:35.3355381Z           "cargo_target" : {
2025-11-27T03:54:35.3355766Z             "title" : "Target architecture",
2025-11-27T03:54:35.3357068Z             "description" : "Target architecture to use for analysis, analogous to `cargo --target`. By default the host architecture is used.\n",
2025-11-27T03:54:35.3358059Z             "type" : "string"
2025-11-27T03:54:35.3358428Z           },
2025-11-27T03:54:35.3358788Z           "cargo_features" : {
2025-11-27T03:54:35.3359264Z             "title" : "Cargo features to turn on",
2025-11-27T03:54:35.3361240Z             "description" : "Comma-separated list of features to turn on. By default all features are enabled. If any features are specified, then only those features are enabled. The `default` feature must be explicitly specified if only default features are desired. Can be repeated.\n",
2025-11-27T03:54:35.3362967Z             "type" : "array"
2025-11-27T03:54:35.3363347Z           },
2025-11-27T03:54:35.3363712Z           "cargo_cfg_overrides" : {
2025-11-27T03:54:35.3364222Z             "title" : "Cargo cfg overrides",
2025-11-27T03:54:35.3365180Z             "description" : "Comma-separated list of cfg settings to enable, or disable if prefixed with `-`. Can be repeated.\n",
2025-11-27T03:54:35.3366520Z             "type" : "array"
2025-11-27T03:54:35.3366846Z           },
2025-11-27T03:54:35.3367156Z           "logging" : {
2025-11-27T03:54:35.3367605Z             "title" : "Options pertaining to logging.",
2025-11-27T03:54:35.3396079Z             "description" : "Options pertaining to logging.",
2025-11-27T03:54:35.3396858Z             "type" : "object",
2025-11-27T03:54:35.3397245Z             "properties" : {
2025-11-27T03:54:35.3397622Z               "verbosity" : {
2025-11-27T03:54:35.3398134Z                 "title" : "Extractor logging verbosity level.",
2025-11-27T03:54:35.3399443Z                 "description" : "Controls the level of verbosity of the extractor. The supported levels are (in order of increasing verbosity):\n  - off\n  - errors\n  - warnings\n  - info or progress\n  - debug or progress+\n  - trace or progress++\n  - progress+++\n",
2025-11-27T03:54:35.3400314Z                 "type" : "string",
2025-11-27T03:54:35.3400824Z                 "pattern" : "^(off|errors|warnings|(info|progress)|(debug|progress\\+)|(trace|progress\\+\\+)|progress\\+\\+\\+)$"
2025-11-27T03:54:35.3401283Z               },
2025-11-27T03:54:35.3401499Z               "flamegraph" : {
2025-11-27T03:54:35.3401844Z                 "title" : "[Experimental] File path for write flame graph log",
2025-11-27T03:54:35.3402737Z                 "description" : "Collect flame graph data using the `tracing-flame` crate. To render a flame graph or chart, run the `inferno-flamegraph` command. See also: https://crates.io/crates/tracing-flame\n",
2025-11-27T03:54:35.3403454Z                 "type" : "string"
2025-11-27T03:54:35.3403745Z               }
2025-11-27T03:54:35.3403947Z             }
2025-11-27T03:54:35.3404115Z           },
2025-11-27T03:54:35.3404334Z           "extract_dependencies_as_source" : {
2025-11-27T03:54:35.3404660Z             "title" : "Extract dependencies as source code",
2025-11-27T03:54:35.3405198Z             "description" : "Extract the full source code of dependencies instead of only extracting signatures.\n",
2025-11-27T03:54:35.3405657Z             "type" : "string",
2025-11-27T03:54:35.3405947Z             "pattern" : "^(false|true)$"
2025-11-27T03:54:35.3406366Z           }
2025-11-27T03:54:35.3406574Z         }
2025-11-27T03:54:35.3406744Z       }
2025-11-27T03:54:35.3406918Z     ],
2025-11-27T03:54:35.3407096Z     "python" : [
2025-11-27T03:54:35.3407301Z       {
2025-11-27T03:54:35.3407628Z         "extractor_root" : "/opt/hostedtoolcache/CodeQL/2.23.6/x64/codeql/python",
2025-11-27T03:54:35.3408022Z         "extractor_options" : {
2025-11-27T03:54:35.3408446Z           "logging" : {
2025-11-27T03:54:35.3408724Z             "title" : "Options pertaining to logging.",
2025-11-27T03:54:35.3409074Z             "description" : "Options pertaining to logging.",
2025-11-27T03:54:35.3409386Z             "type" : "object",
2025-11-27T03:54:35.3409603Z             "properties" : {
2025-11-27T03:54:35.3409820Z               "verbosity" : {
2025-11-27T03:54:35.3410125Z                 "title" : "Python extractor logging verbosity level.",
2025-11-27T03:54:35.3411202Z                 "description" : "Controls the level of verbosity of the CodeQL Python extractor.\nThe supported levels are (in order of increasing verbosity):\n\n  - off\n  - errors\n  - warnings\n  - info or progress\n  - debug or progress+\n  - trace or progress++\n  - progress+++\n",
2025-11-27T03:54:35.3412637Z                 "type" : "string",
2025-11-27T03:54:35.3413460Z                 "pattern" : "^(off|errors|warnings|(info|progress)|(debug|progress\\+)|(trace|progress\\+\\+)|progress\\+\\+\\+)$"
2025-11-27T03:54:35.3414149Z               }
2025-11-27T03:54:35.3414415Z             }
2025-11-27T03:54:35.3414673Z           },
2025-11-27T03:54:35.3415004Z           "python_executable_name" : {
2025-11-27T03:54:35.3415727Z             "title" : "Controls the name of the Python executable used by the Python extractor.",
2025-11-27T03:54:35.3418396Z             "description" : "The Python extractor uses platform-dependent heuristics to determine the name of the Python executable to use. Specifying a value for this option overrides the name of the Python executable used by the extractor. Accepted values are py, python and python3. Use this setting with caution, the Python extractor requires Python 3 to run.\n",
2025-11-27T03:54:35.3420635Z             "type" : "string",
2025-11-27T03:54:35.3421084Z             "pattern" : "^(py|python|python3)$"
2025-11-27T03:54:35.3421501Z           }
2025-11-27T03:54:35.3421765Z         }
2025-11-27T03:54:35.3422036Z       }
2025-11-27T03:54:35.3422300Z     ],
2025-11-27T03:54:35.3422572Z     "cpp" : [
2025-11-27T03:54:35.3422856Z       {
2025-11-27T03:54:35.3423382Z         "extractor_root" : "/opt/hostedtoolcache/CodeQL/2.23.6/x64/codeql/cpp",
2025-11-27T03:54:35.3423986Z         "extractor_options" : {
2025-11-27T03:54:35.3424319Z           "trap" : {
2025-11-27T03:54:35.3424678Z             "title" : "TRAP options",
2025-11-27T03:54:35.3425276Z             "description" : "Options about how the extractor handles TRAP files",
2025-11-27T03:54:35.3425846Z             "type" : "object",
2025-11-27T03:54:35.3426313Z             "visibility" : 3,
2025-11-27T03:54:35.3426662Z             "properties" : {
2025-11-27T03:54:35.3426988Z               "cache" : {
2025-11-27T03:54:35.3427371Z                 "title" : "TRAP cache options",
2025-11-27T03:54:35.3428012Z                 "description" : "Options about how the extractor handles its TRAP cache",
2025-11-27T03:54:35.3428641Z                 "type" : "object",
2025-11-27T03:54:35.3429051Z                 "properties" : {
2025-11-27T03:54:35.3429409Z                   "dir" : {
2025-11-27T03:54:35.3429823Z                     "title" : "TRAP cache directory",
2025-11-27T03:54:35.3430428Z                     "description" : "The directory of the TRAP cache to use",
2025-11-27T03:54:35.3430986Z                     "type" : "string"
2025-11-27T03:54:35.3431360Z                   },
2025-11-27T03:54:35.3431670Z                   "bound" : {
2025-11-27T03:54:35.3432105Z                     "title" : "TRAP cache bound",
2025-11-27T03:54:35.3432769Z                     "description" : "A soft limit (in MB) on the size of the TRAP cache",
2025-11-27T03:54:35.3433379Z                     "type" : "string",
2025-11-27T03:54:35.3433826Z                     "pattern" : "[0-9]+"
2025-11-27T03:54:35.3434210Z                   },
2025-11-27T03:54:35.3434521Z                   "write" : {
2025-11-27T03:54:35.3434965Z                     "title" : "TRAP cache writeable",
2025-11-27T03:54:35.3435835Z                     "description" : "Whether to write to the TRAP cache as well as reading it",
2025-11-27T03:54:35.3436625Z                     "type" : "string",
2025-11-27T03:54:35.3437113Z                     "pattern" : "(true|TRUE|false|FALSE)"
2025-11-27T03:54:35.3437542Z                   }
2025-11-27T03:54:35.3437837Z                 }
2025-11-27T03:54:35.3438119Z               }
2025-11-27T03:54:35.3438402Z             }
2025-11-27T03:54:35.3438681Z           },
2025-11-27T03:54:35.3439019Z           "scale_timeouts" : {
2025-11-27T03:54:35.3439588Z             "title" : "Value to scale compiler introspection timeouts with",
2025-11-27T03:54:35.3442249Z             "description" : "The extractor attempts to determine what compiler the source code being extracted is compiled with. To this end the extractor makes additional calls to the compiler, some of which are expected to return within a certain fixed time (either 10s or 15s). On some systems that are under high load this time might be too short, and can be scaled up using this option.\n",
2025-11-27T03:54:35.3444402Z             "type" : "string",
2025-11-27T03:54:35.3444801Z             "pattern" : "[0-9]+"
2025-11-27T03:54:35.3445161Z           },
2025-11-27T03:54:35.3445452Z           "log_verbosity" : {
2025-11-27T03:54:35.3445937Z             "title" : "Verbosity of the extractor logging",
2025-11-27T03:54:35.3447189Z             "description" : "Set the verbosity of the extractor logging to 'quiet' (0), 'normal' (1), 'chatty' (2), or 'noisy' (3). The default is 'normal'.\n",
2025-11-27T03:54:35.3448363Z             "type" : "string",
2025-11-27T03:54:35.3448752Z             "pattern" : "[0-3]"
2025-11-27T03:54:35.3449104Z           },
2025-11-27T03:54:35.3449439Z           "frontend_options" : {
2025-11-27T03:54:35.3449926Z             "title" : "C/C++ extractor frontend options",
2025-11-27T03:54:35.3450807Z             "description" : "Set additional options that should be passed to the C/C++ extractor frontend.\n",
2025-11-27T03:54:35.3451525Z             "type" : "array",
2025-11-27T03:54:35.3451893Z             "visibility" : 3
2025-11-27T03:54:35.3452234Z           }
2025-11-27T03:54:35.3452501Z         }
2025-11-27T03:54:35.3452756Z       }
2025-11-27T03:54:35.3453010Z     ],
2025-11-27T03:54:35.3453282Z     "csharp" : [
2025-11-27T03:54:35.3453569Z       {
2025-11-27T03:54:35.3454109Z         "extractor_root" : "/opt/hostedtoolcache/CodeQL/2.23.6/x64/codeql/csharp",
2025-11-27T03:54:35.3454748Z         "extractor_options" : {
2025-11-27T03:54:35.3455109Z           "trap" : {
2025-11-27T03:54:35.3455498Z             "title" : "Options pertaining to TRAP.",
2025-11-27T03:54:35.3456034Z             "description" : "Options pertaining to TRAP.",
2025-11-27T03:54:35.3456665Z             "type" : "object",
2025-11-27T03:54:35.3457027Z             "properties" : {
2025-11-27T03:54:35.3457417Z               "compression" : {
2025-11-27T03:54:35.3458084Z                 "title" : "Controls compression for the TRAP files written by the extractor.",
2025-11-27T03:54:35.3459816Z                 "description" : "This option is only intended for use in debugging the extractor. Accepted values are 'brotli' (the default, to write brotli-compressed TRAP), 'gzip', and 'none' (to write uncompressed TRAP).\n",
2025-11-27T03:54:35.3461123Z                 "type" : "string",
2025-11-27T03:54:35.3461578Z                 "pattern" : "^(none|gzip|brotli)$"
2025-11-27T03:54:35.3461990Z               }
2025-11-27T03:54:35.3462287Z             }
2025-11-27T03:54:35.3462570Z           },
2025-11-27T03:54:35.3462860Z           "buildless" : {
2025-11-27T03:54:35.3463470Z             "title" : "DEPRECATED - Whether to use buildless (standalone) extraction.",
2025-11-27T03:54:35.3467203Z             "description" : "DEPRECATED: Use `--build-mode none` instead.\nA value indicating, which type of extraction the autobuilder should perform. If 'true', then the standalone extractor will be used, otherwise tracing extraction will be performed. The default is 'false'. Note that buildless extraction will generally yield less accurate analysis results, and should only be used in cases where it is not possible to build the code (for example if it uses inaccessible dependencies).\n",
2025-11-27T03:54:35.3469934Z             "type" : "string",
2025-11-27T03:54:35.3470347Z             "pattern" : "^(false|true)$"
2025-11-27T03:54:35.3470743Z           },
2025-11-27T03:54:35.3471031Z           "logging" : {
2025-11-27T03:54:35.3471464Z             "title" : "Options pertaining to logging.",
2025-11-27T03:54:35.3472057Z             "description" : "Options pertaining to logging.",
2025-11-27T03:54:35.3472570Z             "type" : "object",
2025-11-27T03:54:35.3472940Z             "properties" : {
2025-11-27T03:54:35.3473303Z               "verbosity" : {
2025-11-27T03:54:35.3473779Z                 "title" : "Extractor logging verbosity level.",
2025-11-27T03:54:35.3475568Z                 "description" : "Controls the level of verbosity of the extractor. The supported levels are (in order of increasing verbosity):\n  - off\n  - errors\n  - warnings\n  - info or progress\n  - debug or progress+\n  - trace or progress++\n  - progress+++\n",
2025-11-27T03:54:35.3477149Z                 "type" : "string",
2025-11-27T03:54:35.3477978Z                 "pattern" : "^(off|errors|warnings|(info|progress)|(debug|progress\\+)|(trace|progress\\+\\+)|progress\\+\\+\\+)$"
2025-11-27T03:54:35.3478739Z               }
2025-11-27T03:54:35.3479015Z             }
2025-11-27T03:54:35.3479451Z           },
2025-11-27T03:54:35.3479718Z           "binlog" : {
2025-11-27T03:54:35.3480057Z             "title" : "Binlog",
2025-11-27T03:54:35.3481143Z             "description" : "[EXPERIMENTAL] The value is a path to the MsBuild binary log file that should be extracted. This option only works when `--build-mode none` is also specified.\n",
2025-11-27T03:54:35.3481795Z             "type" : "array"
2025-11-27T03:54:35.3481997Z           }
2025-11-27T03:54:35.3482154Z         }
2025-11-27T03:54:35.3482311Z       }
2025-11-27T03:54:35.3482468Z     ],
2025-11-27T03:54:35.3482642Z     "java" : [
2025-11-27T03:54:35.3482821Z       {
2025-11-27T03:54:35.3483134Z         "extractor_root" : "/opt/hostedtoolcache/CodeQL/2.23.6/x64/codeql/java",
2025-11-27T03:54:35.3483757Z         "extractor_options" : {
2025-11-27T03:54:35.3484125Z           "exclude" : {
2025-11-27T03:54:35.3484575Z             "title" : "A glob excluding files from analysis.",
2025-11-27T03:54:35.3485329Z             "description" : "A glob indicating what files to exclude from the analysis. This accepts glob patterns that are supported by Java's 'getPathMatcher' implementation.\n",
2025-11-27T03:54:35.3485946Z             "type" : "string"
2025-11-27T03:54:35.3486151Z           },
2025-11-27T03:54:35.3486595Z           "add_prefer_source" : {
2025-11-27T03:54:35.3487114Z             "title" : "Whether to always prefer source files over class files.",
2025-11-27T03:54:35.3488286Z             "description" : "A value indicating whether source files should be preferred over class files. If set to 'true', the extraction adds '-Xprefer:source' to the javac command line. If set to 'false', the extraction uses the default javac behavior ('-Xprefer:newer'). The default is 'true'.\n",
2025-11-27T03:54:35.3489215Z             "type" : "string",
2025-11-27T03:54:35.3489467Z             "pattern" : "^(false|true)$"
2025-11-27T03:54:35.3489701Z           },
2025-11-27T03:54:35.3489879Z           "buildless" : {
2025-11-27T03:54:35.3490241Z             "title" : "Whether to use buildless (standalone) extraction (experimental).",
2025-11-27T03:54:35.3491924Z             "description" : "A value indicating, which type of extraction the autobuilder should perform. If 'true', then the standalone extractor will be used, otherwise tracing extraction will be performed. The default is 'false'. Note that buildless extraction will generally yield less accurate analysis results, and should only be used in cases where it is not possible to build the code (for example if it uses inaccessible dependencies).\n",
2025-11-27T03:54:35.3493445Z             "type" : "string",
2025-11-27T03:54:35.3493704Z             "pattern" : "^(false|true)$"
2025-11-27T03:54:35.3493936Z           },
2025-11-27T03:54:35.3494147Z           "buildless_dependency_dir" : {
2025-11-27T03:54:35.3494574Z             "title" : "The path where buildless (standalone) extraction should keep dependencies.",
2025-11-27T03:54:35.3495210Z             "description" : "If set, the buildless (standalone) extractor will store dependencies in this directory.\n",
2025-11-27T03:54:35.3495650Z             "type" : "string"
2025-11-27T03:54:35.3495857Z           },
2025-11-27T03:54:35.3496059Z           "minimize_dependency_jars" : {
2025-11-27T03:54:35.3496679Z             "title" : "Whether to rewrite and minimize downloaded JAR dependencies (experimental).",
2025-11-27T03:54:35.3497512Z             "description" : "If 'true', JAR dependencies downloaded during extraction will be rewritten to remove unneeded data, such as method bodies. The default is 'false'.\n",
2025-11-27T03:54:35.3498137Z             "type" : "string",
2025-11-27T03:54:35.3498379Z             "pattern" : "^(false|true)$"
2025-11-27T03:54:35.3498607Z           }
2025-11-27T03:54:35.3498776Z         }
2025-11-27T03:54:35.3498935Z       }
2025-11-27T03:54:35.3499092Z     ],
2025-11-27T03:54:35.3499248Z     "go" : [
2025-11-27T03:54:35.3499412Z       {
2025-11-27T03:54:35.3499721Z         "extractor_root" : "/opt/hostedtoolcache/CodeQL/2.23.6/x64/codeql/go",
2025-11-27T03:54:35.3500216Z         "extractor_options" : {
2025-11-27T03:54:35.3500440Z           "extract_tests" : {
2025-11-27T03:54:35.3500784Z             "title" : "Whether to include Go test files in the CodeQL database.",
2025-11-27T03:54:35.3501435Z             "description" : "A value indicating whether Go test files should be included in the CodeQL database. The default is 'false'.\n",
2025-11-27T03:54:35.3502044Z             "type" : "string",
2025-11-27T03:54:35.3502476Z             "pattern" : "^(false|true)$"
2025-11-27T03:54:35.3502891Z           },
2025-11-27T03:54:35.3503316Z           "extract_vendor_dirs" : {
2025-11-27T03:54:35.3504002Z             "title" : "Whether to include Go vendor directories in the CodeQL database.",
2025-11-27T03:54:35.3504891Z             "description" : "A value indicating whether Go vendor directories should be included in the CodeQL database. The default is 'false'.\n",
2025-11-27T03:54:35.3505432Z             "type" : "string",
2025-11-27T03:54:35.3505687Z             "pattern" : "^(false|true)$"
2025-11-27T03:54:35.3505919Z           }
2025-11-27T03:54:35.3506076Z         }
2025-11-27T03:54:35.3506435Z       }
2025-11-27T03:54:35.3506642Z     ],
2025-11-27T03:54:35.3506813Z     "actions" : [
2025-11-27T03:54:35.3506983Z       {
2025-11-27T03:54:35.3507327Z         "extractor_root" : "/opt/hostedtoolcache/CodeQL/2.23.6/x64/codeql/actions",
2025-11-27T03:54:35.3507696Z         "extractor_options" : {
2025-11-27T03:54:35.3507912Z           "trap" : {
2025-11-27T03:54:35.3508129Z             "title" : "TRAP options",
2025-11-27T03:54:35.3508506Z             "description" : "Options about how the extractor handles TRAP files",
2025-11-27T03:54:35.3508855Z             "type" : "object",
2025-11-27T03:54:35.3509080Z             "visibility" : 3,
2025-11-27T03:54:35.3509300Z             "properties" : {
2025-11-27T03:54:35.3509518Z               "cache" : {
2025-11-27T03:54:35.3509841Z                 "title" : "TRAP cache options",
2025-11-27T03:54:35.3510401Z                 "description" : "Options about how the extractor handles its TRAP cache",
2025-11-27T03:54:35.3510885Z                 "type" : "object",
2025-11-27T03:54:35.3511169Z                 "properties" : {
2025-11-27T03:54:35.3511391Z                   "dir" : {
2025-11-27T03:54:35.3511649Z                     "title" : "TRAP cache directory",
2025-11-27T03:54:35.3512010Z                     "description" : "The directory of the TRAP cache to use",
2025-11-27T03:54:35.3512347Z                     "type" : "string"
2025-11-27T03:54:35.3512731Z                   },
2025-11-27T03:54:35.3512931Z                   "bound" : {
2025-11-27T03:54:35.3513175Z                     "title" : "TRAP cache bound",
2025-11-27T03:54:35.3513556Z                     "description" : "A soft limit (in MB) on the size of the TRAP cache",
2025-11-27T03:54:35.3513907Z                     "type" : "string",
2025-11-27T03:54:35.3514169Z                     "pattern" : "[0-9]+"
2025-11-27T03:54:35.3514403Z                   },
2025-11-27T03:54:35.3514590Z                   "write" : {
2025-11-27T03:54:35.3514850Z                     "title" : "TRAP cache writeable",
2025-11-27T03:54:35.3515270Z                     "description" : "Whether to write to the TRAP cache as well as reading it",
2025-11-27T03:54:35.3515647Z                     "type" : "string",
2025-11-27T03:54:35.3515927Z                     "pattern" : "(true|TRUE|false|FALSE)"
2025-11-27T03:54:35.3516364Z                   }
2025-11-27T03:54:35.3516668Z                 }
2025-11-27T03:54:35.3516960Z               }
2025-11-27T03:54:35.3517242Z             }
2025-11-27T03:54:35.3517459Z           }
2025-11-27T03:54:35.3517627Z         }
2025-11-27T03:54:35.3517778Z       }
2025-11-27T03:54:35.3517934Z     ],
2025-11-27T03:54:35.3518099Z     "javascript" : [
2025-11-27T03:54:35.3518279Z       {
2025-11-27T03:54:35.3518597Z         "extractor_root" : "/opt/hostedtoolcache/CodeQL/2.23.6/x64/codeql/javascript",
2025-11-27T03:54:35.3518980Z         "extractor_options" : {
2025-11-27T03:54:35.3519370Z           "trap" : {
2025-11-27T03:54:35.3519595Z             "title" : "TRAP options",
2025-11-27T03:54:35.3519957Z             "description" : "Options about how the extractor handles TRAP files",
2025-11-27T03:54:35.3520309Z             "type" : "object",
2025-11-27T03:54:35.3520524Z             "visibility" : 3,
2025-11-27T03:54:35.3520739Z             "properties" : {
2025-11-27T03:54:35.3520943Z               "cache" : {
2025-11-27T03:54:35.3521186Z                 "title" : "TRAP cache options",
2025-11-27T03:54:35.3521590Z                 "description" : "Options about how the extractor handles its TRAP cache",
2025-11-27T03:54:35.3521954Z                 "type" : "object",
2025-11-27T03:54:35.3522197Z                 "properties" : {
2025-11-27T03:54:35.3522413Z                   "dir" : {
2025-11-27T03:54:35.3522665Z                     "title" : "TRAP cache directory",
2025-11-27T03:54:35.3523022Z                     "description" : "The directory of the TRAP cache to use",
2025-11-27T03:54:35.3523359Z                     "type" : "string"
2025-11-27T03:54:35.3523573Z                   },
2025-11-27T03:54:35.3523760Z                   "bound" : {
2025-11-27T03:54:35.3524006Z                     "title" : "TRAP cache bound",
2025-11-27T03:54:35.3524383Z                     "description" : "A soft limit (in MB) on the size of the TRAP cache",
2025-11-27T03:54:35.3524727Z                     "type" : "string",
2025-11-27T03:54:35.3524986Z                     "pattern" : "[0-9]+"
2025-11-27T03:54:35.3525215Z                   },
2025-11-27T03:54:35.3525403Z                   "write" : {
2025-11-27T03:54:35.3525652Z                     "title" : "TRAP cache writeable",
2025-11-27T03:54:35.3526064Z                     "description" : "Whether to write to the TRAP cache as well as reading it",
2025-11-27T03:54:35.3526711Z                     "type" : "string",
2025-11-27T03:54:35.3527004Z                     "pattern" : "(true|TRUE|false|FALSE)"
2025-11-27T03:54:35.3527262Z                   }
2025-11-27T03:54:35.3527443Z                 }
2025-11-27T03:54:35.3527618Z               }
2025-11-27T03:54:35.3527789Z             }
2025-11-27T03:54:35.3527952Z           },
2025-11-27T03:54:35.3528140Z           "skip_types" : {
2025-11-27T03:54:35.3528431Z             "title" : "Skip type extraction for TypeScript",
2025-11-27T03:54:35.3528902Z             "description" : "Whether to skip the extraction of types in a TypeScript application",
2025-11-27T03:54:35.3529302Z             "type" : "string",
2025-11-27T03:54:35.3529687Z             "pattern" : "^(false|true)$"
2025-11-27T03:54:35.3529929Z           }
2025-11-27T03:54:35.3530090Z         }
2025-11-27T03:54:35.3530241Z       }
2025-11-27T03:54:35.3530417Z     ],
2025-11-27T03:54:35.3530584Z     "swift" : [
2025-11-27T03:54:35.3530746Z       {
2025-11-27T03:54:35.3531053Z         "extractor_root" : "/opt/hostedtoolcache/CodeQL/2.23.6/x64/codeql/swift"
2025-11-27T03:54:35.3531378Z       }
2025-11-27T03:54:35.3531529Z     ],
2025-11-27T03:54:35.3531686Z     "ruby" : [
2025-11-27T03:54:35.3531856Z       {
2025-11-27T03:54:35.3532148Z         "extractor_root" : "/opt/hostedtoolcache/CodeQL/2.23.6/x64/codeql/ruby",
2025-11-27T03:54:35.3532501Z         "extractor_options" : {
2025-11-27T03:54:35.3532715Z           "trap" : {
2025-11-27T03:54:35.3532956Z             "title" : "Options pertaining to TRAP.",
2025-11-27T03:54:35.3533284Z             "description" : "Options pertaining to TRAP.",
2025-11-27T03:54:35.3533574Z             "type" : "object",
2025-11-27T03:54:35.3533790Z             "properties" : {
2025-11-27T03:54:35.3534020Z               "compression" : {
2025-11-27T03:54:35.3534407Z                 "title" : "Controls compression for the TRAP files written by the extractor.",
2025-11-27T03:54:35.3535477Z                 "description" : "This option is only intended for use in debugging the extractor. Accepted values are 'gzip' (the default, to write gzip-compressed TRAP) 'zstd' (to write Zstandard-compressed TRAP) and 'none' (to write uncompressed TRAP).\n",
2025-11-27T03:54:35.3536661Z                 "type" : "string",
2025-11-27T03:54:35.3536926Z                 "pattern" : "^(none|gzip|zstd)$"
2025-11-27T03:54:35.3537169Z               }
2025-11-27T03:54:35.3537343Z             }
2025-11-27T03:54:35.3537511Z           }
2025-11-27T03:54:35.3537668Z         }
2025-11-27T03:54:35.3537825Z       }
2025-11-27T03:54:35.3537979Z     ]
2025-11-27T03:54:35.3538135Z   }
2025-11-27T03:54:35.3538283Z }
2025-11-27T03:54:35.3538721Z Languages from configuration: javascript
2025-11-27T03:54:35.3539557Z [command]/opt/hostedtoolcache/CodeQL/2.23.6/x64/codeql/codeql resolve languages --format=betterjson --extractor-options-verbosity=4 --extractor-include-aliases
2025-11-27T03:54:36.2299281Z {
2025-11-27T03:54:36.2303906Z   "aliases" : {
2025-11-27T03:54:36.2306405Z     "c" : "cpp",
2025-11-27T03:54:36.2306968Z     "c++" : "cpp",
2025-11-27T03:54:36.2307435Z     "c-c++" : "cpp",
2025-11-27T03:54:36.2307805Z     "c-cpp" : "cpp",
2025-11-27T03:54:36.2308195Z     "c#" : "csharp",
2025-11-27T03:54:36.2308563Z     "java-kotlin" : "java",
2025-11-27T03:54:36.2308956Z     "kotlin" : "java",
2025-11-27T03:54:36.2309432Z     "javascript-typescript" : "javascript",
2025-11-27T03:54:36.2309949Z     "typescript" : "javascript"
2025-11-27T03:54:36.2310333Z   },
2025-11-27T03:54:36.2310629Z   "extractors" : {
2025-11-27T03:54:36.2310953Z     "xml" : [
2025-11-27T03:54:36.2311240Z       {
2025-11-27T03:54:36.2311788Z         "extractor_root" : "/opt/hostedtoolcache/CodeQL/2.23.6/x64/codeql/xml"
2025-11-27T03:54:36.2312406Z       }
2025-11-27T03:54:36.2312681Z     ],
2025-11-27T03:54:36.2313023Z     "python" : [
2025-11-27T03:54:36.2313352Z       {
2025-11-27T03:54:36.2328304Z         "extractor_root" : "/opt/hostedtoolcache/CodeQL/2.23.6/x64/codeql/python",
2025-11-27T03:54:36.2329353Z         "extractor_options" : {
2025-11-27T03:54:36.2329789Z           "logging" : {
2025-11-27T03:54:36.2330210Z             "title" : "Options pertaining to logging.",
2025-11-27T03:54:36.2330795Z             "description" : "Options pertaining to logging.",
2025-11-27T03:54:36.2331313Z             "type" : "object",
2025-11-27T03:54:36.2331688Z             "properties" : {
2025-11-27T03:54:36.2332068Z               "verbosity" : {
2025-11-27T03:54:36.2332639Z                 "title" : "Python extractor logging verbosity level.",
2025-11-27T03:54:36.2335071Z                 "description" : "Controls the level of verbosity of the CodeQL Python extractor.\nThe supported levels are (in order of increasing verbosity):\n\n  - off\n  - errors\n  - warnings\n  - info or progress\n  - debug or progress+\n  - trace or progress++\n  - progress+++\n",
2025-11-27T03:54:36.2336846Z                 "type" : "string",
2025-11-27T03:54:36.2337752Z                 "pattern" : "^(off|errors|warnings|(info|progress)|(debug|progress\\+)|(trace|progress\\+\\+)|progress\\+\\+\\+)$"
2025-11-27T03:54:36.2338561Z               }
2025-11-27T03:54:36.2338867Z             }
2025-11-27T03:54:36.2339182Z           },
2025-11-27T03:54:36.2339582Z           "python_executable_name" : {
2025-11-27T03:54:36.2340346Z             "title" : "Controls the name of the Python executable used by the Python extractor.",
2025-11-27T03:54:36.2343078Z             "description" : "The Python extractor uses platform-dependent heuristics to determine the name of the Python executable to use. Specifying a value for this option overrides the name of the Python executable used by the extractor. Accepted values are py, python and python3. Use this setting with caution, the Python extractor requires Python 3 to run.\n",
2025-11-27T03:54:36.2345284Z             "type" : "string",
2025-11-27T03:54:36.2345773Z             "pattern" : "^(py|python|python3)$"
2025-11-27T03:54:36.2346390Z           }
2025-11-27T03:54:36.2346642Z         }
2025-11-27T03:54:36.2346879Z       }
2025-11-27T03:54:36.2347154Z     ],
2025-11-27T03:54:36.2347456Z     "javascript" : [
2025-11-27T03:54:36.2347771Z       {
2025-11-27T03:54:36.2348360Z         "extractor_root" : "/opt/hostedtoolcache/CodeQL/2.23.6/x64/codeql/javascript",
2025-11-27T03:54:36.2349296Z         "extractor_options" : {
2025-11-27T03:54:36.2349664Z           "trap" : {
2025-11-27T03:54:36.2350025Z             "title" : "TRAP options",
2025-11-27T03:54:36.2350699Z             "description" : "Options about how the extractor handles TRAP files",
2025-11-27T03:54:36.2351334Z             "type" : "object",
2025-11-27T03:54:36.2351724Z             "visibility" : 3,
2025-11-27T03:54:36.2352083Z             "properties" : {
2025-11-27T03:54:36.2352448Z               "cache" : {
2025-11-27T03:54:36.2352874Z                 "title" : "TRAP cache options",
2025-11-27T03:54:36.2353610Z                 "description" : "Options about how the extractor handles its TRAP cache",
2025-11-27T03:54:36.2354305Z                 "type" : "object",
2025-11-27T03:54:36.2354728Z                 "properties" : {
2025-11-27T03:54:36.2355069Z                   "dir" : {
2025-11-27T03:54:36.2355457Z                     "title" : "TRAP cache directory",
2025-11-27T03:54:36.2356102Z                     "description" : "The directory of the TRAP cache to use",
2025-11-27T03:54:36.2356893Z                     "type" : "string"
2025-11-27T03:54:36.2357298Z                   },
2025-11-27T03:54:36.2357640Z                   "bound" : {
2025-11-27T03:54:36.2358100Z                     "title" : "TRAP cache bound",
2025-11-27T03:54:36.2358786Z                     "description" : "A soft limit (in MB) on the size of the TRAP cache",
2025-11-27T03:54:36.2359427Z                     "type" : "string",
2025-11-27T03:54:36.2359888Z                     "pattern" : "[0-9]+"
2025-11-27T03:54:36.2360298Z                   },
2025-11-27T03:54:36.2360621Z                   "write" : {
2025-11-27T03:54:36.2361080Z                     "title" : "TRAP cache writeable",
2025-11-27T03:54:36.2361833Z                     "description" : "Whether to write to the TRAP cache as well as reading it",
2025-11-27T03:54:36.2362499Z                     "type" : "string",
2025-11-27T03:54:36.2363008Z                     "pattern" : "(true|TRUE|false|FALSE)"
2025-11-27T03:54:36.2363479Z                   }
2025-11-27T03:54:36.2363779Z                 }
2025-11-27T03:54:36.2364059Z               }
2025-11-27T03:54:36.2364321Z             }
2025-11-27T03:54:36.2364612Z           },
2025-11-27T03:54:36.2364922Z           "skip_types" : {
2025-11-27T03:54:36.2365440Z             "title" : "Skip type extraction for TypeScript",
2025-11-27T03:54:36.2366727Z             "description" : "Whether to skip the extraction of types in a TypeScript application",
2025-11-27T03:54:36.2367481Z             "type" : "string",
2025-11-27T03:54:36.2367896Z             "pattern" : "^(false|true)$"
2025-11-27T03:54:36.2368304Z           }
2025-11-27T03:54:36.2368589Z         }
2025-11-27T03:54:36.2368866Z       }
2025-11-27T03:54:36.2369135Z     ],
2025-11-27T03:54:36.2369404Z     "rust" : [
2025-11-27T03:54:36.2369672Z       {
2025-11-27T03:54:36.2370208Z         "extractor_root" : "/opt/hostedtoolcache/CodeQL/2.23.6/x64/codeql/rust",
2025-11-27T03:54:36.2370878Z         "extractor_options" : {
2025-11-27T03:54:36.2371252Z           "trap" : {
2025-11-27T03:54:36.2371691Z             "title" : "Options pertaining to TRAP.",
2025-11-27T03:54:36.2372286Z             "description" : "Options pertaining to TRAP.",
2025-11-27T03:54:36.2372821Z             "type" : "object",
2025-11-27T03:54:36.2373186Z             "properties" : {
2025-11-27T03:54:36.2373588Z               "compression" : {
2025-11-27T03:54:36.2374229Z                 "title" : "Controls compression for the TRAP files written by the extractor.",
2025-11-27T03:54:36.2376376Z                 "description" : "This option is only intended for use in debugging the extractor. Accepted values are 'gzip' (to write gzip-compressed TRAP) 'zstd' (to write Zstandard-compressed TRAP) and 'none' (the default, to write uncompressed TRAP).\n",
2025-11-27T03:54:36.2377914Z                 "type" : "string",
2025-11-27T03:54:36.2378410Z                 "pattern" : "^(none|gzip|zstd)$"
2025-11-27T03:54:36.2379074Z               }
2025-11-27T03:54:36.2379380Z             }
2025-11-27T03:54:36.2379684Z           },
2025-11-27T03:54:36.2380043Z           "cargo_target_dir" : {
2025-11-27T03:54:36.2380615Z             "title" : "Directory to use for cargo output files.",
2025-11-27T03:54:36.2382339Z             "description" : "This value is an optional path to use as `CARGO_TARGET_DIR` for the internal cargo commands the extractor uses. Pointing it to a persistent directory may reduce execution time of consecutive extractor runs. By default, a new scratch directory is used for each run.\n",
2025-11-27T03:54:36.2383303Z             "type" : "string"
2025-11-27T03:54:36.2383515Z           },
2025-11-27T03:54:36.2383700Z           "cargo_target" : {
2025-11-27T03:54:36.2383955Z             "title" : "Target architecture",
2025-11-27T03:54:36.2384565Z             "description" : "Target architecture to use for analysis, analogous to `cargo --target`. By default the host architecture is used.\n",
2025-11-27T03:54:36.2385081Z             "type" : "string"
2025-11-27T03:54:36.2385286Z           },
2025-11-27T03:54:36.2385477Z           "cargo_features" : {
2025-11-27T03:54:36.2385741Z             "title" : "Cargo features to turn on",
2025-11-27T03:54:36.2387023Z             "description" : "Comma-separated list of features to turn on. By default all features are enabled. If any features are specified, then only those features are enabled. The `default` feature must be explicitly specified if only default features are desired. Can be repeated.\n",
2025-11-27T03:54:36.2387932Z             "type" : "array"
2025-11-27T03:54:36.2388131Z           },
2025-11-27T03:54:36.2388324Z           "cargo_cfg_overrides" : {
2025-11-27T03:54:36.2388591Z             "title" : "Cargo cfg overrides",
2025-11-27T03:54:36.2389129Z             "description" : "Comma-separated list of cfg settings to enable, or disable if prefixed with `-`. Can be repeated.\n",
2025-11-27T03:54:36.2389590Z             "type" : "array"
2025-11-27T03:54:36.2389778Z           },
2025-11-27T03:54:36.2389945Z           "logging" : {
2025-11-27T03:54:36.2390202Z             "title" : "Options pertaining to logging.",
2025-11-27T03:54:36.2390542Z             "description" : "Options pertaining to logging.",
2025-11-27T03:54:36.2390832Z             "type" : "object",
2025-11-27T03:54:36.2391043Z             "properties" : {
2025-11-27T03:54:36.2391249Z               "verbosity" : {
2025-11-27T03:54:36.2391529Z                 "title" : "Extractor logging verbosity level.",
2025-11-27T03:54:36.2392685Z                 "description" : "Controls the level of verbosity of the extractor. The supported levels are (in order of increasing verbosity):\n  - off\n  - errors\n  - warnings\n  - info or progress\n  - debug or progress+\n  - trace or progress++\n  - progress+++\n",
2025-11-27T03:54:36.2393529Z                 "type" : "string",
2025-11-27T03:54:36.2394022Z                 "pattern" : "^(off|errors|warnings|(info|progress)|(debug|progress\\+)|(trace|progress\\+\\+)|progress\\+\\+\\+)$"
2025-11-27T03:54:36.2394458Z               },
2025-11-27T03:54:36.2394657Z               "flamegraph" : {
2025-11-27T03:54:36.2395070Z                 "title" : "[Experimental] File path for write flame graph log",
2025-11-27T03:54:36.2396562Z                 "description" : "Collect flame graph data using the `tracing-flame` crate. To render a flame graph or chart, run the `inferno-flamegraph` command. See also: https://crates.io/crates/tracing-flame\n",
2025-11-27T03:54:36.2397338Z                 "type" : "string"
2025-11-27T03:54:36.2397563Z               }
2025-11-27T03:54:36.2397738Z             }
2025-11-27T03:54:36.2397899Z           },
2025-11-27T03:54:36.2398117Z           "extract_dependencies_as_source" : {
2025-11-27T03:54:36.2398438Z             "title" : "Extract dependencies as source code",
2025-11-27T03:54:36.2398956Z             "description" : "Extract the full source code of dependencies instead of only extracting signatures.\n",
2025-11-27T03:54:36.2399553Z             "type" : "string",
2025-11-27T03:54:36.2399798Z             "pattern" : "^(false|true)$"
2025-11-27T03:54:36.2400027Z           }
2025-11-27T03:54:36.2400187Z         }
2025-11-27T03:54:36.2400334Z       }
2025-11-27T03:54:36.2400488Z     ],
2025-11-27T03:54:36.2400649Z     "csv" : [
2025-11-27T03:54:36.2400811Z       {
2025-11-27T03:54:36.2401100Z         "extractor_root" : "/opt/hostedtoolcache/CodeQL/2.23.6/x64/codeql/csv"
2025-11-27T03:54:36.2401417Z       }
2025-11-27T03:54:36.2401570Z     ],
2025-11-27T03:54:36.2401736Z     "cpp" : [
2025-11-27T03:54:36.2401893Z       {
2025-11-27T03:54:36.2402186Z         "extractor_root" : "/opt/hostedtoolcache/CodeQL/2.23.6/x64/codeql/cpp",
2025-11-27T03:54:36.2402538Z         "extractor_options" : {
2025-11-27T03:54:36.2402755Z           "trap" : {
2025-11-27T03:54:36.2402975Z             "title" : "TRAP options",
2025-11-27T03:54:36.2403341Z             "description" : "Options about how the extractor handles TRAP files",
2025-11-27T03:54:36.2403706Z             "type" : "object",
2025-11-27T03:54:36.2403925Z             "visibility" : 3,
2025-11-27T03:54:36.2404133Z             "properties" : {
2025-11-27T03:54:36.2404376Z               "cache" : {
2025-11-27T03:54:36.2404615Z                 "title" : "TRAP cache options",
2025-11-27T03:54:36.2405007Z                 "description" : "Options about how the extractor handles its TRAP cache",
2025-11-27T03:54:36.2405360Z                 "type" : "object",
2025-11-27T03:54:36.2405609Z                 "properties" : {
2025-11-27T03:54:36.2405829Z                   "dir" : {
2025-11-27T03:54:36.2406085Z                     "title" : "TRAP cache directory",
2025-11-27T03:54:36.2406629Z                     "description" : "The directory of the TRAP cache to use",
2025-11-27T03:54:36.2406956Z                     "type" : "string"
2025-11-27T03:54:36.2407175Z                   },
2025-11-27T03:54:36.2407365Z                   "bound" : {
2025-11-27T03:54:36.2407610Z                     "title" : "TRAP cache bound",
2025-11-27T03:54:36.2407993Z                     "description" : "A soft limit (in MB) on the size of the TRAP cache",
2025-11-27T03:54:36.2408344Z                     "type" : "string",
2025-11-27T03:54:36.2408604Z                     "pattern" : "[0-9]+"
2025-11-27T03:54:36.2408831Z                   },
2025-11-27T03:54:36.2409022Z                   "write" : {
2025-11-27T03:54:36.2409278Z                     "title" : "TRAP cache writeable",
2025-11-27T03:54:36.2409817Z                     "description" : "Whether to write to the TRAP cache as well as reading it",
2025-11-27T03:54:36.2410192Z                     "type" : "string",
2025-11-27T03:54:36.2410474Z                     "pattern" : "(true|TRUE|false|FALSE)"
2025-11-27T03:54:36.2410722Z                   }
2025-11-27T03:54:36.2410898Z                 }
2025-11-27T03:54:36.2411069Z               }
2025-11-27T03:54:36.2411238Z             }
2025-11-27T03:54:36.2411409Z           },
2025-11-27T03:54:36.2411607Z           "scale_timeouts" : {
2025-11-27T03:54:36.2411933Z             "title" : "Value to scale compiler introspection timeouts with",
2025-11-27T03:54:36.2413391Z             "description" : "The extractor attempts to determine what compiler the source code being extracted is compiled with. To this end the extractor makes additional calls to the compiler, some of which are expected to return within a certain fixed time (either 10s or 15s). On some systems that are under high load this time might be too short, and can be scaled up using this option.\n",
2025-11-27T03:54:36.2414597Z             "type" : "string",
2025-11-27T03:54:36.2414833Z             "pattern" : "[0-9]+"
2025-11-27T03:54:36.2415044Z           },
2025-11-27T03:54:36.2415218Z           "log_verbosity" : {
2025-11-27T03:54:36.2415491Z             "title" : "Verbosity of the extractor logging",
2025-11-27T03:54:36.2416107Z             "description" : "Set the verbosity of the extractor logging to 'quiet' (0), 'normal' (1), 'chatty' (2), or 'noisy' (3). The default is 'normal'.\n",
2025-11-27T03:54:36.2416968Z             "type" : "string",
2025-11-27T03:54:36.2417208Z             "pattern" : "[0-3]"
2025-11-27T03:54:36.2417452Z           },
2025-11-27T03:54:36.2417656Z           "frontend_options" : {
2025-11-27T03:54:36.2417939Z             "title" : "C/C++ extractor frontend options",
2025-11-27T03:54:36.2418445Z             "description" : "Set additional options that should be passed to the C/C++ extractor frontend.\n",
2025-11-27T03:54:36.2418857Z             "type" : "array",
2025-11-27T03:54:36.2419075Z             "visibility" : 3
2025-11-27T03:54:36.2419268Z           }
2025-11-27T03:54:36.2419426Z         }
2025-11-27T03:54:36.2419583Z       }
2025-11-27T03:54:36.2419736Z     ],
2025-11-27T03:54:36.2419890Z     "java" : [
2025-11-27T03:54:36.2420058Z       {
2025-11-27T03:54:36.2420367Z         "extractor_root" : "/opt/hostedtoolcache/CodeQL/2.23.6/x64/codeql/java",
2025-11-27T03:54:36.2420725Z         "extractor_options" : {
2025-11-27T03:54:36.2420941Z           "exclude" : {
2025-11-27T03:54:36.2421210Z             "title" : "A glob excluding files from analysis.",
2025-11-27T03:54:36.2421947Z             "description" : "A glob indicating what files to exclude from the analysis. This accepts glob patterns that are supported by Java's 'getPathMatcher' implementation.\n",
2025-11-27T03:54:36.2422550Z             "type" : "string"
2025-11-27T03:54:36.2422749Z           },
2025-11-27T03:54:36.2422939Z           "add_prefer_source" : {
2025-11-27T03:54:36.2423292Z             "title" : "Whether to always prefer source files over class files.",
2025-11-27T03:54:36.2424442Z             "description" : "A value indicating whether source files should be preferred over class files. If set to 'true', the extraction adds '-Xprefer:source' to the javac command line. If set to 'false', the extraction uses the default javac behavior ('-Xprefer:newer'). The default is 'true'.\n",
2025-11-27T03:54:36.2425374Z             "type" : "string",
2025-11-27T03:54:36.2425618Z             "pattern" : "^(false|true)$"
2025-11-27T03:54:36.2425844Z           },
2025-11-27T03:54:36.2426018Z           "buildless" : {
2025-11-27T03:54:36.2426592Z             "title" : "Whether to use buildless (standalone) extraction (experimental).",
2025-11-27T03:54:36.2428426Z             "description" : "A value indicating, which type of extraction the autobuilder should perform. If 'true', then the standalone extractor will be used, otherwise tracing extraction will be performed. The default is 'false'. Note that buildless extraction will generally yield less accurate analysis results, and should only be used in cases where it is not possible to build the code (for example if it uses inaccessible dependencies).\n",
2025-11-27T03:54:36.2429800Z             "type" : "string",
2025-11-27T03:54:36.2430034Z             "pattern" : "^(false|true)$"
2025-11-27T03:54:36.2430260Z           },
2025-11-27T03:54:36.2430466Z           "buildless_dependency_dir" : {
2025-11-27T03:54:36.2430905Z             "title" : "The path where buildless (standalone) extraction should keep dependencies.",
2025-11-27T03:54:36.2431539Z             "description" : "If set, the buildless (standalone) extractor will store dependencies in this directory.\n",
2025-11-27T03:54:36.2431965Z             "type" : "string"
2025-11-27T03:54:36.2432168Z           },
2025-11-27T03:54:36.2432371Z           "minimize_dependency_jars" : {
2025-11-27T03:54:36.2432799Z             "title" : "Whether to rewrite and minimize downloaded JAR dependencies (experimental).",
2025-11-27T03:54:36.2433623Z             "description" : "If 'true', JAR dependencies downloaded during extraction will be rewritten to remove unneeded data, such as method bodies. The default is 'false'.\n",
2025-11-27T03:54:36.2434241Z             "type" : "string",
2025-11-27T03:54:36.2434477Z             "pattern" : "^(false|true)$"
2025-11-27T03:54:36.2434704Z           }
2025-11-27T03:54:36.2434860Z         }
2025-11-27T03:54:36.2435005Z       }
2025-11-27T03:54:36.2435287Z     ],
2025-11-27T03:54:36.2435452Z     "html" : [
2025-11-27T03:54:36.2435616Z       {
2025-11-27T03:54:36.2435921Z         "extractor_root" : "/opt/hostedtoolcache/CodeQL/2.23.6/x64/codeql/html"
2025-11-27T03:54:36.2436426Z       }
2025-11-27T03:54:36.2436583Z     ],
2025-11-27T03:54:36.2436736Z     "yaml" : [
2025-11-27T03:54:36.2436900Z       {
2025-11-27T03:54:36.2437252Z         "extractor_root" : "/opt/hostedtoolcache/CodeQL/2.23.6/x64/codeql/yaml"
2025-11-27T03:54:36.2437571Z       }
2025-11-27T03:54:36.2437715Z     ],
2025-11-27T03:54:36.2437881Z     "swift" : [
2025-11-27T03:54:36.2438050Z       {
2025-11-27T03:54:36.2438345Z         "extractor_root" : "/opt/hostedtoolcache/CodeQL/2.23.6/x64/codeql/swift"
2025-11-27T03:54:36.2438655Z       }
2025-11-27T03:54:36.2438806Z     ],
2025-11-27T03:54:36.2438966Z     "properties" : [
2025-11-27T03:54:36.2439149Z       {
2025-11-27T03:54:36.2439461Z         "extractor_root" : "/opt/hostedtoolcache/CodeQL/2.23.6/x64/codeql/properties"
2025-11-27T03:54:36.2439807Z       }
2025-11-27T03:54:36.2439955Z     ],
2025-11-27T03:54:36.2440104Z     "ruby" : [
2025-11-27T03:54:36.2440265Z       {
2025-11-27T03:54:36.2440553Z         "extractor_root" : "/opt/hostedtoolcache/CodeQL/2.23.6/x64/codeql/ruby",
2025-11-27T03:54:36.2440900Z         "extractor_options" : {
2025-11-27T03:54:36.2441110Z           "trap" : {
2025-11-27T03:54:36.2441345Z             "title" : "Options pertaining to TRAP.",
2025-11-27T03:54:36.2441675Z             "description" : "Options pertaining to TRAP.",
2025-11-27T03:54:36.2441967Z             "type" : "object",
2025-11-27T03:54:36.2442183Z             "properties" : {
2025-11-27T03:54:36.2442406Z               "compression" : {
2025-11-27T03:54:36.2442787Z                 "title" : "Controls compression for the TRAP files written by the extractor.",
2025-11-27T03:54:36.2443852Z                 "description" : "This option is only intended for use in debugging the extractor. Accepted values are 'gzip' (the default, to write gzip-compressed TRAP) 'zstd' (to write Zstandard-compressed TRAP) and 'none' (to write uncompressed TRAP).\n",
2025-11-27T03:54:36.2444691Z                 "type" : "string",
2025-11-27T03:54:36.2444956Z                 "pattern" : "^(none|gzip|zstd)$"
2025-11-27T03:54:36.2445190Z               }
2025-11-27T03:54:36.2445361Z             }
2025-11-27T03:54:36.2445523Z           }
2025-11-27T03:54:36.2445675Z         }
2025-11-27T03:54:36.2445830Z       }
2025-11-27T03:54:36.2445982Z     ],
2025-11-27T03:54:36.2446138Z     "go" : [
2025-11-27T03:54:36.2446538Z       {
2025-11-27T03:54:36.2447028Z         "extractor_root" : "/opt/hostedtoolcache/CodeQL/2.23.6/x64/codeql/go",
2025-11-27T03:54:36.2447679Z         "extractor_options" : {
2025-11-27T03:54:36.2448072Z           "extract_tests" : {
2025-11-27T03:54:36.2448605Z             "title" : "Whether to include Go test files in the CodeQL database.",
2025-11-27T03:54:36.2449283Z             "description" : "A value indicating whether Go test files should be included in the CodeQL database. The default is 'false'.\n",
2025-11-27T03:54:36.2449815Z             "type" : "string",
2025-11-27T03:54:36.2450109Z             "pattern" : "^(false|true)$"
2025-11-27T03:54:36.2450392Z           },
2025-11-27T03:54:36.2450594Z           "extract_vendor_dirs" : {
2025-11-27T03:54:36.2450979Z             "title" : "Whether to include Go vendor directories in the CodeQL database.",
2025-11-27T03:54:36.2451687Z             "description" : "A value indicating whether Go vendor directories should be included in the CodeQL database. The default is 'false'.\n",
2025-11-27T03:54:36.2452236Z             "type" : "string",
2025-11-27T03:54:36.2452471Z             "pattern" : "^(false|true)$"
2025-11-27T03:54:36.2452705Z           }
2025-11-27T03:54:36.2452864Z         }
2025-11-27T03:54:36.2453018Z       }
2025-11-27T03:54:36.2453164Z     ],
2025-11-27T03:54:36.2453328Z     "csharp" : [
2025-11-27T03:54:36.2453498Z       {
2025-11-27T03:54:36.2453809Z         "extractor_root" : "/opt/hostedtoolcache/CodeQL/2.23.6/x64/codeql/csharp",
2025-11-27T03:54:36.2454335Z         "extractor_options" : {
2025-11-27T03:54:36.2454551Z           "trap" : {
2025-11-27T03:54:36.2454793Z             "title" : "Options pertaining to TRAP.",
2025-11-27T03:54:36.2455118Z             "description" : "Options pertaining to TRAP.",
2025-11-27T03:54:36.2455403Z             "type" : "object",
2025-11-27T03:54:36.2455618Z             "properties" : {
2025-11-27T03:54:36.2455849Z               "compression" : {
2025-11-27T03:54:36.2456457Z                 "title" : "Controls compression for the TRAP files written by the extractor.",
2025-11-27T03:54:36.2457578Z                 "description" : "This option is only intended for use in debugging the extractor. Accepted values are 'brotli' (the default, to write brotli-compressed TRAP), 'gzip', and 'none' (to write uncompressed TRAP).\n",
2025-11-27T03:54:36.2458872Z                 "type" : "string",
2025-11-27T03:54:36.2459327Z                 "pattern" : "^(none|gzip|brotli)$"
2025-11-27T03:54:36.2459739Z               }
2025-11-27T03:54:36.2459920Z             }
2025-11-27T03:54:36.2460084Z           },
2025-11-27T03:54:36.2460258Z           "buildless" : {
2025-11-27T03:54:36.2460626Z             "title" : "DEPRECATED - Whether to use buildless (standalone) extraction.",
2025-11-27T03:54:36.2462499Z             "description" : "DEPRECATED: Use `--build-mode none` instead.\nA value indicating, which type of extraction the autobuilder should perform. If 'true', then the standalone extractor will be used, otherwise tracing extraction will be performed. The default is 'false'. Note that buildless extraction will generally yield less accurate analysis results, and should only be used in cases where it is not possible to build the code (for example if it uses inaccessible dependencies).\n",
2025-11-27T03:54:36.2464103Z             "type" : "string",
2025-11-27T03:54:36.2464506Z             "pattern" : "^(false|true)$"
2025-11-27T03:54:36.2464861Z           },
2025-11-27T03:54:36.2465160Z           "logging" : {
2025-11-27T03:54:36.2465618Z             "title" : "Options pertaining to logging.",
2025-11-27T03:54:36.2466082Z             "description" : "Options pertaining to logging.",
2025-11-27T03:54:36.2466645Z             "type" : "object",
2025-11-27T03:54:36.2466866Z             "properties" : {
2025-11-27T03:54:36.2467080Z               "verbosity" : {
2025-11-27T03:54:36.2467355Z                 "title" : "Extractor logging verbosity level.",
2025-11-27T03:54:36.2468591Z                 "description" : "Controls the level of verbosity of the extractor. The supported levels are (in order of increasing verbosity):\n  - off\n  - errors\n  - warnings\n  - info or progress\n  - debug or progress+\n  - trace or progress++\n  - progress+++\n",
2025-11-27T03:54:36.2469712Z                 "type" : "string",
2025-11-27T03:54:36.2470240Z                 "pattern" : "^(off|errors|warnings|(info|progress)|(debug|progress\\+)|(trace|progress\\+\\+)|progress\\+\\+\\+)$"
2025-11-27T03:54:36.2470708Z               }
2025-11-27T03:54:36.2470981Z             }
2025-11-27T03:54:36.2471155Z           },
2025-11-27T03:54:36.2471329Z           "binlog" : {
2025-11-27T03:54:36.2471653Z             "title" : "Binlog",
2025-11-27T03:54:36.2472392Z             "description" : "[EXPERIMENTAL] The value is a path to the MsBuild binary log file that should be extracted. This option only works when `--build-mode none` is also specified.\n",
2025-11-27T03:54:36.2473089Z             "type" : "array"
2025-11-27T03:54:36.2473326Z           }
2025-11-27T03:54:36.2473490Z         }
2025-11-27T03:54:36.2473696Z       }
2025-11-27T03:54:36.2473904Z     ],
2025-11-27T03:54:36.2474076Z     "actions" : [
2025-11-27T03:54:36.2474285Z       {
2025-11-27T03:54:36.2474669Z         "extractor_root" : "/opt/hostedtoolcache/CodeQL/2.23.6/x64/codeql/actions",
2025-11-27T03:54:36.2475045Z         "extractor_options" : {
2025-11-27T03:54:36.2475267Z           "trap" : {
2025-11-27T03:54:36.2475493Z             "title" : "TRAP options",
2025-11-27T03:54:36.2476148Z             "description" : "Options about how the extractor handles TRAP files",
2025-11-27T03:54:36.2476775Z             "type" : "object",
2025-11-27T03:54:36.2476997Z             "visibility" : 3,
2025-11-27T03:54:36.2477313Z             "properties" : {
2025-11-27T03:54:36.2477531Z               "cache" : {
2025-11-27T03:54:36.2477774Z                 "title" : "TRAP cache options",
2025-11-27T03:54:36.2478177Z                 "description" : "Options about how the extractor handles its TRAP cache",
2025-11-27T03:54:36.2478602Z                 "type" : "object",
2025-11-27T03:54:36.2478907Z                 "properties" : {
2025-11-27T03:54:36.2479138Z                   "dir" : {
2025-11-27T03:54:36.2479485Z                     "title" : "TRAP cache directory",
2025-11-27T03:54:36.2479955Z                     "description" : "The directory of the TRAP cache to use",
2025-11-27T03:54:36.2480286Z                     "type" : "string"
2025-11-27T03:54:36.2480505Z                   },
2025-11-27T03:54:36.2480698Z                   "bound" : {
2025-11-27T03:54:36.2480949Z                     "title" : "TRAP cache bound",
2025-11-27T03:54:36.2481435Z                     "description" : "A soft limit (in MB) on the size of the TRAP cache",
2025-11-27T03:54:36.2481781Z                     "type" : "string",
2025-11-27T03:54:36.2482068Z                     "pattern" : "[0-9]+"
2025-11-27T03:54:36.2482355Z                   },
2025-11-27T03:54:36.2482542Z                   "write" : {
2025-11-27T03:54:36.2482810Z                     "title" : "TRAP cache writeable",
2025-11-27T03:54:36.2483320Z                     "description" : "Whether to write to the TRAP cache as well as reading it",
2025-11-27T03:54:36.2483689Z                     "type" : "string",
2025-11-27T03:54:36.2483970Z                     "pattern" : "(true|TRUE|false|FALSE)"
2025-11-27T03:54:36.2484212Z                   }
2025-11-27T03:54:36.2484386Z                 }
2025-11-27T03:54:36.2484561Z               }
2025-11-27T03:54:36.2484971Z             }
2025-11-27T03:54:36.2485318Z           }
2025-11-27T03:54:36.2485566Z         }
2025-11-27T03:54:36.2485762Z       }
2025-11-27T03:54:36.2486082Z     ]
2025-11-27T03:54:36.2486526Z   }
2025-11-27T03:54:36.2486863Z }
2025-11-27T03:54:36.2487174Z Found 1 languages that support TRAP caching
2025-11-27T03:54:36.2534737Z Looking in Actions cache for TRAP cache with key codeql-trap-1-2.23.6-javascript-e6495474400f6858d4698c288d18ca1c04a26b34
2025-11-27T03:54:36.3127438Z No TRAP cache found in Actions cache for javascript
2025-11-27T03:54:36.3134684Z Using overlay database mode: none without caching.
2025-11-27T03:54:36.3136086Z ##[endgroup]
2025-11-27T03:54:36.3151686Z While resolving threads, found a cgroup CPUs file with 4 CPUs in /sys/fs/cgroup/cpuset.cpus.effective.
2025-11-27T03:54:37.2328679Z Writing augmented user configuration file to /home/runner/work/_temp/user-config.yaml
2025-11-27T03:54:37.2329906Z ##[group]Augmented user configuration file contents
2025-11-27T03:54:37.2340951Z query-filters:
2025-11-27T03:54:37.2341319Z   - exclude:
2025-11-27T03:54:37.2341759Z       tags: exclude-from-incremental
2025-11-27T03:54:37.2342037Z 
2025-11-27T03:54:37.2342330Z ##[endgroup]
2025-11-27T03:54:37.2345784Z [command]/opt/hostedtoolcache/CodeQL/2.23.6/x64/codeql/codeql database init --force-overwrite --db-cluster /home/runner/work/_temp/codeql_databases --source-root=/home/runner/work/crosslist/crosslist --calculate-language-specific-baseline --extractor-include-aliases --sublanguage-file-coverage --language=javascript --codescanning-config=/home/runner/work/_temp/user-config.yaml
2025-11-27T03:54:38.4728762Z Package install location: /home/runner/.codeql/packages
2025-11-27T03:54:38.4729401Z Nothing downloaded.
2025-11-27T03:54:39.4824591Z Calculating baseline information in /home/runner/work/crosslist/crosslist
2025-11-27T03:54:39.5729203Z Running command in /home/runner/work/crosslist/crosslist: [/opt/hostedtoolcache/CodeQL/2.23.6/x64/codeql/actions/tools/configure-baseline.sh]
2025-11-27T03:54:39.6060561Z Running command in /home/runner/work/crosslist/crosslist: [/opt/hostedtoolcache/CodeQL/2.23.6/x64/codeql/javascript/tools/configure-baseline.sh]
2025-11-27T03:54:39.6159150Z Calculated baseline information for languages: actions, javascript, python, typescript (137ms).
2025-11-27T03:54:42.7477807Z Resolving extractor javascript.
2025-11-27T03:54:42.7526381Z Successfully loaded extractor JavaScript/TypeScript (javascript) from /opt/hostedtoolcache/CodeQL/2.23.6/x64/codeql/javascript.
2025-11-27T03:54:42.7776090Z Created skeleton CodeQL database at /home/runner/work/_temp/codeql_databases/javascript. This in-progress database is ready to be populated by an extractor.
2025-11-27T03:54:43.9187318Z ##[group]Run npx turbo@latest run lint --filter=web --filter=chrome-extension --filter=docs --filter=e2e --filter=@repo/ui
2025-11-27T03:54:43.9188293Z [36;1mnpx turbo@latest run lint --filter=web --filter=chrome-extension --filter=docs --filter=e2e --filter=@repo/ui[0m
2025-11-27T03:54:43.9220224Z shell: /usr/bin/bash -e {0}
2025-11-27T03:54:43.9220484Z env:
2025-11-27T03:54:43.9220786Z   SUPABASE_URL: 'https://xyzcompanytest.supabase.co'
2025-11-27T03:54:43.9222115Z   SUPABASE_SERVICE_KEY: '***'
2025-11-27T03:54:43.9222396Z   NODE_VERSION: 20
2025-11-27T03:54:43.9222638Z   PYTHON_VERSION: 3.12
2025-11-27T03:54:43.9222942Z   TURBO_TOKEN: ***
2025-11-27T03:54:43.9223179Z   TURBO_TEAM: ***
2025-11-27T03:54:43.9223448Z   CODEQL_ACTION_FEATURE_MULTI_LANGUAGE: false
2025-11-27T03:54:43.9223811Z   CODEQL_ACTION_FEATURE_SANDWICH: false
2025-11-27T03:54:43.9224154Z   CODEQL_ACTION_FEATURE_SARIF_COMBINE: true
2025-11-27T03:54:43.9224497Z   CODEQL_ACTION_FEATURE_WILL_UPLOAD: true
2025-11-27T03:54:43.9224852Z   CODEQL_ACTION_VERSION: 3.31.5
2025-11-27T03:54:43.9225188Z   CODEQL_ACTION_DID_LOG_VERSION_DEPRECATION: true
2025-11-27T03:54:43.9225560Z   JOB_RUN_UUID: 5320cf58-64fe-481c-a066-27af3452ce06
2025-11-27T03:54:43.9225892Z   CODEQL_ACTION_INIT_HAS_RUN: true
2025-11-27T03:54:43.9226526Z   CODEQL_ACTION_ANALYSIS_KEY: .github/workflows/ci.yml:frontend-tests
2025-11-27T03:54:43.9226991Z   CODEQL_WORKFLOW_STARTED_AT: 2025-11-27T03:54:27.715Z
2025-11-27T03:54:43.9227320Z   CODEQL_RAM: 14581
2025-11-27T03:54:43.9227543Z   CODEQL_THREADS: 4
2025-11-27T03:54:43.9227756Z ##[endgroup]
2025-11-27T03:54:44.7535262Z npm warn exec The following package was not found and will be installed: turbo@2.6.1
2025-11-27T03:54:45.1751258Z 
2025-11-27T03:54:45.1751655Z Attention:
2025-11-27T03:54:45.1752287Z Turborepo now collects completely anonymous telemetry regarding usage.
2025-11-27T03:54:45.1753149Z This information is used to shape the Turborepo roadmap and prioritize features.
2025-11-27T03:54:45.1754329Z You can learn more, including how to opt-out if you'd not like to participate in this anonymous program, by visiting the following URL:
2025-11-27T03:54:45.1755155Z https://turborepo.com/docs/telemetry
2025-11-27T03:54:45.1755423Z 
2025-11-27T03:54:45.1765399Z turbo_json_parse_error
2025-11-27T03:54:45.1765718Z 
2025-11-27T03:54:45.1765954Z   x Failed to parse turbo.json.
2025-11-27T03:54:45.1766649Z   `->   x Found an unknown key `workspaces`.
2025-11-27T03:54:45.1767076Z          ,-[turbo.json:3:3]
2025-11-27T03:54:45.1767514Z        2 |   "$schema": "https://turborepo.com/schema.json",
2025-11-27T03:54:45.1767952Z        3 |   "workspaces": [
2025-11-27T03:54:45.1768250Z          :   ^^^^^^^^^^^^
2025-11-27T03:54:45.1768526Z        4 |     "apps/*",
2025-11-27T03:54:45.1769061Z          `----
2025-11-27T03:54:45.1769238Z 
2025-11-27T03:54:45.1946035Z ##[error]Process completed with exit code 1.
2025-11-27T03:54:45.2025308Z Post job cleanup.
2025-11-27T03:54:46.3038509Z [command]/opt/hostedtoolcache/CodeQL/2.23.6/x64/codeql/codeql database export-diagnostics /home/runner/work/_temp/codeql_databases --db-cluster --format=sarif-latest --output=../codeql-failed-run.sarif --sarif-include-diagnostics -vvv
2025-11-27T03:54:46.7723033Z Writing logs to /home/runner/work/_temp/codeql_databases/log/database-export-diagnostics-20251127.035446.769.log.
2025-11-27T03:54:47.0043537Z Interpreting diagnostic messages...
2025-11-27T03:54:47.0060886Z Looking for diagnostics in /home/runner/work/_temp/codeql_databases/javascript/diagnostic...
2025-11-27T03:54:47.0066773Z Looking for diagnostics in /home/runner/work/_temp/codeql_databases/javascript/diagnostic/codeql-action...
2025-11-27T03:54:47.0068457Z Found diagnostics file /home/runner/work/_temp/codeql_databases/javascript/diagnostic/codeql-action/codeql-action-2025-11-27T035436.313Z.json.
2025-11-27T03:54:47.0418398Z Found diagnostics file /home/runner/work/_temp/codeql_databases/javascript/diagnostic/cli-diagnostics-add-20251127T035442.736Z.json.
2025-11-27T03:54:47.0490960Z Won't look for diagnostics in /home/runner/work/_temp/codeql_databases/diagnostic since this directory does not exist.
2025-11-27T03:54:47.0495895Z Found 2 raw diagnostic messages.
2025-11-27T03:54:47.0645103Z Processed diagnostic messages (removed 0 due to limits, created 0 summary diagnostics for status page).
2025-11-27T03:54:47.0661922Z Interpreted diagnostic messages (60ms).
2025-11-27T03:54:47.1864449Z Uploading failed SARIF file ../codeql-failed-run.sarif
2025-11-27T03:54:47.1867975Z Post-processing sarif files: ["../codeql-failed-run.sarif"]
2025-11-27T03:54:47.1881010Z Adding fingerprints to SARIF file. See https://docs.github.com/en/enterprise-cloud@latest/code-security/code-scanning/integrating-with-code-scanning/sarif-support-for-code-scanning#providing-data-to-track-code-scanning-alerts-across-runs for more information.
2025-11-27T03:54:47.1883461Z ##[group]Uploading code scanning results
2025-11-27T03:54:47.3041918Z Uploading results
2025-11-27T03:54:47.7123809Z Successfully uploaded results
2025-11-27T03:54:47.7124534Z ##[endgroup]
2025-11-27T03:54:47.7125460Z ##[group]Waiting for processing to finish
2025-11-27T03:54:47.8194595Z Analysis upload status is pending.
2025-11-27T03:54:52.9492487Z Analysis upload status is failed.
2025-11-27T03:54:52.9494022Z Successfully uploaded a SARIF file for the unsuccessful execution. Received expected "unsuccessful execution" processing error, and no other errors.
2025-11-27T03:54:52.9495532Z ##[endgroup]
2025-11-27T03:54:52.9546904Z CodeQL job status was configuration error.
2025-11-27T03:54:52.9595256Z Sending status report for init-post step.
2025-11-27T03:54:53.0564367Z Status report sent for init-post step.
2025-11-27T03:54:53.0698021Z Post job cleanup.
2025-11-27T03:54:53.1638885Z [command]/usr/bin/git version
2025-11-27T03:54:53.1675792Z git version 2.51.2
2025-11-27T03:54:53.1727348Z Temporarily overriding HOME='/home/runner/work/_temp/ea067a7e-b7a0-422a-ae1e-871b173c1981' before making global git config changes
2025-11-27T03:54:53.1728903Z Adding repository directory to the temporary git global config as a safe directory
2025-11-27T03:54:53.1733656Z [command]/usr/bin/git config --global --add safe.directory /home/runner/work/crosslist/crosslist
2025-11-27T03:54:53.1767929Z [command]/usr/bin/git config --local --name-only --get-regexp core\.sshCommand
2025-11-27T03:54:53.1800445Z [command]/usr/bin/git submodule foreach --recursive sh -c "git config --local --name-only --get-regexp 'core\.sshCommand' && git config --local --unset-all 'core.sshCommand' || :"
2025-11-27T03:54:53.2038738Z [command]/usr/bin/git config --local --name-only --get-regexp http\.https\:\/\/github\.com\/\.extraheader
2025-11-27T03:54:53.2060503Z http.https://github.com/.extraheader
2025-11-27T03:54:53.2073241Z [command]/usr/bin/git config --local --unset-all http.https://github.com/.extraheader
2025-11-27T03:54:53.2103743Z [command]/usr/bin/git submodule foreach --recursive sh -c "git config --local --name-only --get-regexp 'http\.https\:\/\/github\.com\/\.extraheader' && git config --local --unset-all 'http.https://github.com/.extraheader' || :"
2025-11-27T03:54:53.2326648Z [command]/usr/bin/git config --local --name-only --get-regexp ^includeIf\.gitdir:
2025-11-27T03:54:53.2357145Z [command]/usr/bin/git submodule foreach --recursive git config --local --show-origin --name-only --get-regexp remote.origin.url
2025-11-27T03:54:53.2690829Z Cleaning up orphan processes
