2025-11-24T02:55:50.4887491Z Current runner version: '2.329.0'
2025-11-24T02:55:50.4919092Z ##[group]Runner Image Provisioner
2025-11-24T02:55:50.4920188Z Hosted Compute Agent
2025-11-24T02:55:50.4921158Z Version: 20251016.436
2025-11-24T02:55:50.4922218Z Commit: 8ab8ac8bfd662a3739dab9fe09456aba92132568
2025-11-24T02:55:50.4923356Z Build Date: 2025-10-15T20:44:12Z
2025-11-24T02:55:50.4924363Z ##[endgroup]
2025-11-24T02:55:50.4925258Z ##[group]Operating System
2025-11-24T02:55:50.4926103Z Ubuntu
2025-11-24T02:55:50.4926881Z 24.04.3
2025-11-24T02:55:50.4927743Z LTS
2025-11-24T02:55:50.4928461Z ##[endgroup]
2025-11-24T02:55:50.4929561Z ##[group]Runner Image
2025-11-24T02:55:50.4930427Z Image: ubuntu-24.04
2025-11-24T02:55:50.4931249Z Version: 20251112.124.1
2025-11-24T02:55:50.4933117Z Included Software: https://github.com/actions/runner-images/blob/ubuntu24/20251112.124/images/ubuntu/Ubuntu2404-Readme.md
2025-11-24T02:55:50.4935793Z Image Release: https://github.com/actions/runner-images/releases/tag/ubuntu24%2F20251112.124
2025-11-24T02:55:50.4937484Z ##[endgroup]
2025-11-24T02:55:50.4942128Z ##[group]GITHUB_TOKEN Permissions
2025-11-24T02:55:50.4944867Z Actions: write
2025-11-24T02:55:50.4945868Z ArtifactMetadata: write
2025-11-24T02:55:50.4946839Z Attestations: write
2025-11-24T02:55:50.4947642Z Checks: write
2025-11-24T02:55:50.4948485Z Contents: write
2025-11-24T02:55:50.4949621Z Deployments: write
2025-11-24T02:55:50.4950406Z Discussions: write
2025-11-24T02:55:50.4951310Z Issues: write
2025-11-24T02:55:50.4952239Z Metadata: read
2025-11-24T02:55:50.4952988Z Models: read
2025-11-24T02:55:50.4953737Z Packages: write
2025-11-24T02:55:50.4954691Z Pages: write
2025-11-24T02:55:50.4955479Z PullRequests: write
2025-11-24T02:55:50.4956379Z RepositoryProjects: write
2025-11-24T02:55:50.4957562Z SecurityEvents: write
2025-11-24T02:55:50.4958477Z Statuses: write
2025-11-24T02:55:50.4959483Z ##[endgroup]
2025-11-24T02:55:50.4962381Z Secret source: Actions
2025-11-24T02:55:50.4963464Z Prepare workflow directory
2025-11-24T02:55:50.5717439Z Prepare all required actions
2025-11-24T02:55:50.5772570Z Getting action download info
2025-11-24T02:55:50.8848307Z Download action repository 'actions/checkout@v4' (SHA:34e114876b0b11c390a56381ad16ebd13914f8d5)
2025-11-24T02:55:51.2089391Z Download action repository 'astral-sh/setup-uv@v4' (SHA:38f3f104447c67c051c4a08e39b64a148898af3a)
2025-11-24T02:55:51.4693359Z Download action repository 'actions/upload-artifact@v4' (SHA:ea165f8d65b6e75b540449e92b4886f43607fa02)
2025-11-24T02:55:51.6665723Z Complete job name: Backend Tests (Python + pytest)
2025-11-24T02:55:51.7364209Z ##[group]Run actions/checkout@v4
2025-11-24T02:55:51.7365236Z with:
2025-11-24T02:55:51.7365801Z   repository: RosagerImaging/crosslist
2025-11-24T02:55:51.7366829Z   token: ***
2025-11-24T02:55:51.7367338Z   ssh-strict: true
2025-11-24T02:55:51.7367881Z   ssh-user: git
2025-11-24T02:55:51.7368446Z   persist-credentials: true
2025-11-24T02:55:51.7369270Z   clean: true
2025-11-24T02:55:51.7369847Z   sparse-checkout-cone-mode: true
2025-11-24T02:55:51.7370608Z   fetch-depth: 1
2025-11-24T02:55:51.7371152Z   fetch-tags: false
2025-11-24T02:55:51.7371723Z   show-progress: true
2025-11-24T02:55:51.7372293Z   lfs: false
2025-11-24T02:55:51.7372788Z   submodules: false
2025-11-24T02:55:51.7373351Z   set-safe-directory: true
2025-11-24T02:55:51.7374209Z env:
2025-11-24T02:55:51.7374870Z   SUPABASE_URL: 'https://xyzcompanytest.supabase.co'
2025-11-24T02:55:51.7379032Z   SUPABASE_SERVICE_KEY: '***'
2025-11-24T02:55:51.7379713Z   NODE_VERSION: 20
2025-11-24T02:55:51.7380302Z   PYTHON_VERSION: 3.12
2025-11-24T02:55:51.7380953Z   TURBO_TOKEN: ***
2025-11-24T02:55:51.7381512Z   TURBO_TEAM: ***
2025-11-24T02:55:51.7382021Z ##[endgroup]
2025-11-24T02:55:51.8438258Z Syncing repository: RosagerImaging/crosslist
2025-11-24T02:55:51.8440665Z ##[group]Getting Git version info
2025-11-24T02:55:51.8441750Z Working directory is '/home/runner/work/crosslist/crosslist'
2025-11-24T02:55:51.8443227Z [command]/usr/bin/git version
2025-11-24T02:55:51.8550362Z git version 2.51.2
2025-11-24T02:55:51.8577336Z ##[endgroup]
2025-11-24T02:55:51.8590670Z Temporarily overriding HOME='/home/runner/work/_temp/188e7b85-6a84-46f3-8a5b-974bbbf967ed' before making global git config changes
2025-11-24T02:55:51.8593819Z Adding repository directory to the temporary git global config as a safe directory
2025-11-24T02:55:51.8596909Z [command]/usr/bin/git config --global --add safe.directory /home/runner/work/crosslist/crosslist
2025-11-24T02:55:51.8633843Z Deleting the contents of '/home/runner/work/crosslist/crosslist'
2025-11-24T02:55:51.8637446Z ##[group]Initializing the repository
2025-11-24T02:55:51.8642746Z [command]/usr/bin/git init /home/runner/work/crosslist/crosslist
2025-11-24T02:55:51.8827913Z hint: Using 'master' as the name for the initial branch. This default branch name
2025-11-24T02:55:51.8830506Z hint: is subject to change. To configure the initial branch name to use in all
2025-11-24T02:55:51.8832441Z hint: of your new repositories, which will suppress this warning, call:
2025-11-24T02:55:51.8833976Z hint:
2025-11-24T02:55:51.8835198Z hint: 	git config --global init.defaultBranch <name>
2025-11-24T02:55:51.8836410Z hint:
2025-11-24T02:55:51.8837938Z hint: Names commonly chosen instead of 'master' are 'main', 'trunk' and
2025-11-24T02:55:51.8840982Z hint: 'development'. The just-created branch can be renamed via this command:
2025-11-24T02:55:51.8843161Z hint:
2025-11-24T02:55:51.8844094Z hint: 	git branch -m <name>
2025-11-24T02:55:51.8845180Z hint:
2025-11-24T02:55:51.8846893Z hint: Disable this message with "git config set advice.defaultBranchName false"
2025-11-24T02:55:51.8850229Z Initialized empty Git repository in /home/runner/work/crosslist/crosslist/.git/
2025-11-24T02:55:51.8854586Z [command]/usr/bin/git remote add origin https://github.com/RosagerImaging/crosslist
2025-11-24T02:55:51.8885109Z ##[endgroup]
2025-11-24T02:55:51.8886857Z ##[group]Disabling automatic garbage collection
2025-11-24T02:55:51.8889444Z [command]/usr/bin/git config --local gc.auto 0
2025-11-24T02:55:51.8918220Z ##[endgroup]
2025-11-24T02:55:51.8920195Z ##[group]Setting up auth
2025-11-24T02:55:51.8926327Z [command]/usr/bin/git config --local --name-only --get-regexp core\.sshCommand
2025-11-24T02:55:51.8959187Z [command]/usr/bin/git submodule foreach --recursive sh -c "git config --local --name-only --get-regexp 'core\.sshCommand' && git config --local --unset-all 'core.sshCommand' || :"
2025-11-24T02:55:51.9349635Z [command]/usr/bin/git config --local --name-only --get-regexp http\.https\:\/\/github\.com\/\.extraheader
2025-11-24T02:55:51.9381709Z [command]/usr/bin/git submodule foreach --recursive sh -c "git config --local --name-only --get-regexp 'http\.https\:\/\/github\.com\/\.extraheader' && git config --local --unset-all 'http.https://github.com/.extraheader' || :"
2025-11-24T02:55:51.9598314Z [command]/usr/bin/git config --local --name-only --get-regexp ^includeIf\.gitdir:
2025-11-24T02:55:51.9636272Z [command]/usr/bin/git submodule foreach --recursive git config --local --show-origin --name-only --get-regexp remote.origin.url
2025-11-24T02:55:51.9855220Z [command]/usr/bin/git config --local http.https://github.com/.extraheader AUTHORIZATION: basic ***
2025-11-24T02:55:51.9887782Z ##[endgroup]
2025-11-24T02:55:51.9889747Z ##[group]Fetching the repository
2025-11-24T02:55:51.9899531Z [command]/usr/bin/git -c protocol.version=2 fetch --no-tags --prune --no-recurse-submodules --depth=1 origin +5dad0e1e6c8c6338cba24cd3c1081cffdf2e7977:refs/remotes/pull/11/merge
2025-11-24T02:55:52.3294138Z From https://github.com/RosagerImaging/crosslist
2025-11-24T02:55:52.3297962Z  * [new ref]         5dad0e1e6c8c6338cba24cd3c1081cffdf2e7977 -> pull/11/merge
2025-11-24T02:55:52.3332689Z ##[endgroup]
2025-11-24T02:55:52.3334891Z ##[group]Determining the checkout info
2025-11-24T02:55:52.3337426Z ##[endgroup]
2025-11-24T02:55:52.3340914Z [command]/usr/bin/git sparse-checkout disable
2025-11-24T02:55:52.3390398Z [command]/usr/bin/git config --local --unset-all extensions.worktreeConfig
2025-11-24T02:55:52.3417097Z ##[group]Checking out the ref
2025-11-24T02:55:52.3420780Z [command]/usr/bin/git checkout --progress --force refs/remotes/pull/11/merge
2025-11-24T02:55:52.4090818Z Note: switching to 'refs/remotes/pull/11/merge'.
2025-11-24T02:55:52.4091960Z 
2025-11-24T02:55:52.4092721Z You are in 'detached HEAD' state. You can look around, make experimental
2025-11-24T02:55:52.4094870Z changes and commit them, and you can discard any commits you make in this
2025-11-24T02:55:52.4097774Z state without impacting any branches by switching back to a branch.
2025-11-24T02:55:52.4099945Z 
2025-11-24T02:55:52.4101033Z If you want to create a new branch to retain commits you create, you may
2025-11-24T02:55:52.4103882Z do so (now or later) by using -c with the switch command. Example:
2025-11-24T02:55:52.4105513Z 
2025-11-24T02:55:52.4106276Z   git switch -c <new-branch-name>
2025-11-24T02:55:52.4107588Z 
2025-11-24T02:55:52.4108277Z Or undo this operation with:
2025-11-24T02:55:52.4109585Z 
2025-11-24T02:55:52.4110141Z   git switch -
2025-11-24T02:55:52.4110958Z 
2025-11-24T02:55:52.4112196Z Turn off this advice by setting config variable advice.detachedHead to false
2025-11-24T02:55:52.4114065Z 
2025-11-24T02:55:52.4115675Z HEAD is now at 5dad0e1 Merge 8ee94e6fb121e724c9404140742d1e8e28d3eecf into e6495474400f6858d4698c288d18ca1c04a26b34
2025-11-24T02:55:52.4120239Z ##[endgroup]
2025-11-24T02:55:52.4143142Z [command]/usr/bin/git log -1 --format=%H
2025-11-24T02:55:52.4165259Z 5dad0e1e6c8c6338cba24cd3c1081cffdf2e7977
2025-11-24T02:55:52.4451609Z ##[group]Run astral-sh/setup-uv@v4
2025-11-24T02:55:52.4452882Z with:
2025-11-24T02:55:52.4453796Z   version: latest
2025-11-24T02:55:52.4455109Z   github-token: ***
2025-11-24T02:55:52.4456153Z   enable-cache: false
2025-11-24T02:55:52.4457213Z   cache-dependency-glob: **/uv.lock
2025-11-24T02:55:52.4458336Z   prune-cache: true
2025-11-24T02:55:52.4459551Z   ignore-nothing-to-cache: false
2025-11-24T02:55:52.4460706Z env:
2025-11-24T02:55:52.4461738Z   SUPABASE_URL: 'https://xyzcompanytest.supabase.co'
2025-11-24T02:55:52.4465978Z   SUPABASE_SERVICE_KEY: '***'
2025-11-24T02:55:52.4467074Z   NODE_VERSION: 20
2025-11-24T02:55:52.4468026Z   PYTHON_VERSION: 3.12
2025-11-24T02:55:52.4469491Z   TURBO_TOKEN: ***
2025-11-24T02:55:52.4470490Z   TURBO_TEAM: ***
2025-11-24T02:55:52.4471389Z ##[endgroup]
2025-11-24T02:55:52.8840193Z Downloading uv from "https://github.com/astral-sh/uv/releases/download/0.9.11/uv-x86_64-unknown-linux-gnu.tar.gz" ...
2025-11-24T02:55:53.1828589Z [command]/usr/bin/tar xz --warning=no-unknown-keyword --overwrite -C /home/runner/work/_temp/b93f24fe-9600-489e-8916-7b405a909024 -f /home/runner/work/_temp/fe1175b3-7e23-4f2f-80c1-3d5c54ed52a7
2025-11-24T02:55:53.6201119Z Added /opt/hostedtoolcache/uv/0.9.11/x86_64 to the path
2025-11-24T02:55:53.6202579Z Added /home/runner/.local/bin to the path
2025-11-24T02:55:53.6222642Z Set UV_CACHE_DIR to /home/runner/work/_temp/setup-uv-cache
2025-11-24T02:55:53.6224010Z Successfully installed uv version 0.9.11
2025-11-24T02:55:53.6369148Z ##[group]Run uv python install 3.12
2025-11-24T02:55:53.6370041Z [36;1muv python install 3.12[0m
2025-11-24T02:55:53.6409602Z shell: /usr/bin/bash -e {0}
2025-11-24T02:55:53.6410359Z env:
2025-11-24T02:55:53.6411139Z   SUPABASE_URL: 'https://xyzcompanytest.supabase.co'
2025-11-24T02:55:53.6413045Z   SUPABASE_SERVICE_KEY: '***'
2025-11-24T02:55:53.6413720Z   NODE_VERSION: 20
2025-11-24T02:55:53.6414343Z   PYTHON_VERSION: 3.12
2025-11-24T02:55:53.6415044Z   TURBO_TOKEN: ***
2025-11-24T02:55:53.6415673Z   TURBO_TEAM: ***
2025-11-24T02:55:53.6416350Z   UV_CACHE_DIR: /home/runner/work/_temp/setup-uv-cache
2025-11-24T02:55:53.6417094Z ##[endgroup]
2025-11-24T02:55:53.8016294Z Downloading cpython-3.12.12-linux-x86_64-gnu (download) (31.6MiB)
2025-11-24T02:55:54.6340480Z  Downloaded cpython-3.12.12-linux-x86_64-gnu (download)
2025-11-24T02:55:54.6400815Z Installed Python 3.12.12 in 984ms
2025-11-24T02:55:54.6401553Z  + cpython-3.12.12-linux-x86_64-gnu (python3.12)
2025-11-24T02:55:54.6466008Z ##[group]Run uv sync --group dev
2025-11-24T02:55:54.6466567Z [36;1muv sync --group dev[0m
2025-11-24T02:55:54.6466809Z [36;1muv add pytest-cov[0m
2025-11-24T02:55:54.6499898Z shell: /usr/bin/bash -e {0}
2025-11-24T02:55:54.6500150Z env:
2025-11-24T02:55:54.6500437Z   SUPABASE_URL: 'https://xyzcompanytest.supabase.co'
2025-11-24T02:55:54.6501831Z   SUPABASE_SERVICE_KEY: '***'
2025-11-24T02:55:54.6502078Z   NODE_VERSION: 20
2025-11-24T02:55:54.6502285Z   PYTHON_VERSION: 3.12
2025-11-24T02:55:54.6502536Z   TURBO_TOKEN: ***
2025-11-24T02:55:54.6502758Z   TURBO_TEAM: ***
2025-11-24T02:55:54.6503012Z   UV_CACHE_DIR: /home/runner/work/_temp/setup-uv-cache
2025-11-24T02:55:54.6503318Z ##[endgroup]
2025-11-24T02:55:54.8162886Z Using CPython 3.12.12
2025-11-24T02:55:54.8163390Z Creating virtual environment at: .venv
2025-11-24T02:55:55.1941049Z Resolved 64 packages in 376ms
2025-11-24T02:55:55.2059179Z    Building api @ file:///home/runner/work/crosslist/crosslist/apps/api
2025-11-24T02:55:55.2429057Z Downloading pydantic-core (2.0MiB)
2025-11-24T02:55:55.2436966Z Downloading pygments (1.2MiB)
2025-11-24T02:55:55.2443684Z Downloading mypy (12.7MiB)
2025-11-24T02:55:55.2454579Z Downloading ruff (13.3MiB)
2025-11-24T02:55:55.2456701Z Downloading zstandard (5.3MiB)
2025-11-24T02:55:55.3967184Z  Downloaded pydantic-core
2025-11-24T02:55:55.5569346Z  Downloaded zstandard
2025-11-24T02:55:55.6102013Z  Downloaded ruff
2025-11-24T02:55:55.6898348Z  Downloaded pygments
2025-11-24T02:55:55.8377599Z  Downloaded mypy
2025-11-24T02:55:56.4205971Z   × Failed to build `api @
2025-11-24T02:55:56.4206669Z   │ file:///home/runner/work/crosslist/crosslist/apps/api`
2025-11-24T02:55:56.4207369Z   ├─▶ The build backend returned an error
2025-11-24T02:55:56.4208216Z   ╰─▶ Call to `poetry.core.masonry.api.build_editable` failed (exit status: 1)
2025-11-24T02:55:56.4208989Z 
2025-11-24T02:55:56.4209156Z       [stderr]
2025-11-24T02:55:56.4209568Z       Traceback (most recent call last):
2025-11-24T02:55:56.4218024Z         File "<string>", line 11, in <module>
2025-11-24T02:55:56.4218626Z         File
2025-11-24T02:55:56.4219812Z       "/home/runner/work/_temp/setup-uv-cache/builds-v0/.tmphzPiEq/lib/python3.12/site-packages/poetry/core/masonry/api.py",
2025-11-24T02:55:56.4220838Z       line 87, in build_editable
2025-11-24T02:55:56.4221327Z           return WheelBuilder.make_in(
2025-11-24T02:55:56.4221816Z                  ^^^^^^^^^^^^^^^^^^^^^
2025-11-24T02:55:56.4222228Z         File
2025-11-24T02:55:56.4223141Z       "/home/runner/work/_temp/setup-uv-cache/builds-v0/.tmphzPiEq/lib/python3.12/site-packages/poetry/core/masonry/builders/wheel.py",
2025-11-24T02:55:56.4224112Z       line 95, in make_in
2025-11-24T02:55:56.4224534Z           wb.build(target_dir=directory)
2025-11-24T02:55:56.4224973Z         File
2025-11-24T02:55:56.4225858Z       "/home/runner/work/_temp/setup-uv-cache/builds-v0/.tmphzPiEq/lib/python3.12/site-packages/poetry/core/masonry/builders/wheel.py",
2025-11-24T02:55:56.4226864Z       line 129, in build
2025-11-24T02:55:56.4227261Z           self._add_pth(zip_file)
2025-11-24T02:55:56.4227657Z         File
2025-11-24T02:55:56.4228540Z       "/home/runner/work/_temp/setup-uv-cache/builds-v0/.tmphzPiEq/lib/python3.12/site-packages/poetry/core/masonry/builders/wheel.py",
2025-11-24T02:55:56.4229894Z       line 158, in _add_pth
2025-11-24T02:55:56.4230324Z           for include in self._module.includes:
2025-11-24T02:55:56.4230788Z                          ^^^^^^^^^^^^
2025-11-24T02:55:56.4231190Z         File
2025-11-24T02:55:56.4231880Z       "/home/runner/.local/share/uv/python/cpython-3.12.12-linux-x86_64-gnu/lib/python3.12/functools.py",
2025-11-24T02:55:56.4232688Z       line 998, in __get__
2025-11-24T02:55:56.4233088Z           val = self.func(instance)
2025-11-24T02:55:56.4233507Z                 ^^^^^^^^^^^^^^^^^^^
2025-11-24T02:55:56.4233884Z         File
2025-11-24T02:55:56.4235107Z       "/home/runner/work/_temp/setup-uv-cache/builds-v0/.tmphzPiEq/lib/python3.12/site-packages/poetry/core/masonry/builders/builder.py",
2025-11-24T02:55:56.4236126Z       line 70, in _module
2025-11-24T02:55:56.4236660Z           return Module(
2025-11-24T02:55:56.4237024Z                  ^^^^^^^
2025-11-24T02:55:56.4237366Z         File
2025-11-24T02:55:56.4238216Z       "/home/runner/work/_temp/setup-uv-cache/builds-v0/.tmphzPiEq/lib/python3.12/site-packages/poetry/core/masonry/utils/module.py",
2025-11-24T02:55:56.4239331Z       line 68, in __init__
2025-11-24T02:55:56.4239749Z           raise ModuleOrPackageNotFoundError(
2025-11-24T02:55:56.4240437Z       poetry.core.masonry.utils.module.ModuleOrPackageNotFoundError: No
2025-11-24T02:55:56.4241161Z       file/folder found for package api
2025-11-24T02:55:56.4241488Z 
2025-11-24T02:55:56.4241817Z       hint: This usually indicates a problem with the package or the build
2025-11-24T02:55:56.4242425Z       environment.
2025-11-24T02:55:56.4275844Z ##[error]Process completed with exit code 1.
2025-11-24T02:55:56.4359777Z ##[group]Run actions/upload-artifact@v4
2025-11-24T02:55:56.4360082Z with:
2025-11-24T02:55:56.4360280Z   name: backend-test-results
2025-11-24T02:55:56.4360639Z   path: apps/api/test-results.xml
apps/api/htmlcov/
apps/api/coverage.xml

2025-11-24T02:55:56.4361005Z   retention-days: 30
2025-11-24T02:55:56.4361214Z   if-no-files-found: warn
2025-11-24T02:55:56.4361434Z   compression-level: 6
2025-11-24T02:55:56.4361634Z   overwrite: false
2025-11-24T02:55:56.4361839Z   include-hidden-files: false
2025-11-24T02:55:56.4362058Z env:
2025-11-24T02:55:56.4362293Z   SUPABASE_URL: 'https://xyzcompanytest.supabase.co'
2025-11-24T02:55:56.4363457Z   SUPABASE_SERVICE_KEY: '***'
2025-11-24T02:55:56.4363696Z   NODE_VERSION: 20
2025-11-24T02:55:56.4363890Z   PYTHON_VERSION: 3.12
2025-11-24T02:55:56.4364132Z   TURBO_TOKEN: ***
2025-11-24T02:55:56.4364336Z   TURBO_TEAM: ***
2025-11-24T02:55:56.4364574Z   UV_CACHE_DIR: /home/runner/work/_temp/setup-uv-cache
2025-11-24T02:55:56.4364894Z ##[endgroup]
2025-11-24T02:55:56.6462813Z Multiple search paths detected. Calculating the least common ancestor of all paths
2025-11-24T02:55:56.6467414Z The least common ancestor is /home/runner/work/crosslist/crosslist/apps/api. This will be the root directory of the artifact
2025-11-24T02:55:56.6485353Z ##[warning]No files were found with the provided path: apps/api/test-results.xml
apps/api/htmlcov/
apps/api/coverage.xml. No artifacts will be uploaded.
2025-11-24T02:55:56.6615284Z Post job cleanup.
2025-11-24T02:55:56.7543222Z [command]/usr/bin/git version
2025-11-24T02:55:56.7582536Z git version 2.51.2
2025-11-24T02:55:56.7630216Z Temporarily overriding HOME='/home/runner/work/_temp/5a0d20a9-414e-4abd-8a7b-5816afbf1e8b' before making global git config changes
2025-11-24T02:55:56.7631389Z Adding repository directory to the temporary git global config as a safe directory
2025-11-24T02:55:56.7635330Z [command]/usr/bin/git config --global --add safe.directory /home/runner/work/crosslist/crosslist
2025-11-24T02:55:56.7668989Z [command]/usr/bin/git config --local --name-only --get-regexp core\.sshCommand
2025-11-24T02:55:56.7701365Z [command]/usr/bin/git submodule foreach --recursive sh -c "git config --local --name-only --get-regexp 'core\.sshCommand' && git config --local --unset-all 'core.sshCommand' || :"
2025-11-24T02:55:56.7930008Z [command]/usr/bin/git config --local --name-only --get-regexp http\.https\:\/\/github\.com\/\.extraheader
2025-11-24T02:55:56.7949482Z http.https://github.com/.extraheader
2025-11-24T02:55:56.7961725Z [command]/usr/bin/git config --local --unset-all http.https://github.com/.extraheader
2025-11-24T02:55:56.7995385Z [command]/usr/bin/git submodule foreach --recursive sh -c "git config --local --name-only --get-regexp 'http\.https\:\/\/github\.com\/\.extraheader' && git config --local --unset-all 'http.https://github.com/.extraheader' || :"
2025-11-24T02:55:56.8213089Z [command]/usr/bin/git config --local --name-only --get-regexp ^includeIf\.gitdir:
2025-11-24T02:55:56.8246490Z [command]/usr/bin/git submodule foreach --recursive git config --local --show-origin --name-only --get-regexp remote.origin.url
2025-11-24T02:55:56.8604135Z Cleaning up orphan processes
